******************************************************************************
            TI ARM Clang Linker PC v2.1.3                      
******************************************************************************
>> Linked Wed Oct 11 12:54:30 2023

OUTPUT FILE NAME:   <Spring2023.out>
ENTRY POINT SYMBOL: "_c_int00_noargs"  address: 00002459


MEMORY CONFIGURATION

         name            origin    length      used     unused   attr    fill
----------------------  --------  ---------  --------  --------  ----  --------
  FLASH                 00000000   00020000  00002d68  0001d298  R  X
  SRAM                  20200000   00008000  00000ac1  0000753f  RW X
  BCR_CONFIG            41c00000   00000080  00000000  00000080  R   
  BSL_CONFIG            41c00100   00000080  00000000  00000080  R   


SEGMENT ALLOCATION MAP

run origin  load origin   length   init length attrs members
----------  ----------- ---------- ----------- ----- -------
00000000    00000000    00002d68   00002d68    r-x
  00000000    00000000    000000c0   000000c0    r-- .intvecs
  000000c0    000000c0    00002610   00002610    r-x .text
  000026d0    000026d0    00000610   00000610    r-- .rodata
  00002ce0    00002ce0    00000088   00000088    r-- .cinit
20200000    20200000    000008c5   00000000    rw-
  20200000    20200000    000004e4   00000000    rw- .bss
  202004e8    202004e8    00000200   00000000    rw- .sysmem
  202006e8    202006e8    000001dd   00000000    rw- .data
20207e00    20207e00    00000200   00000000    rw-
  20207e00    20207e00    00000200   00000000    rw- .stack


SECTION ALLOCATION MAP

 output                                  attributes/
section   page    origin      length       input sections
--------  ----  ----------  ----------   ----------------
.intvecs   0    00000000    000000c0     
                  00000000    000000c0     startup_mspm0g3507_ticlang.o (.intvecs)

.text      0    000000c0    00002610     
                  000000c0    000002a0     main.o (.text.Q1_Test)
                  00000360    00000248     main.o (.text.Q3_SetInput)
                  000005a8    00000224     main.o (.text.Q3_Test)
                  000007cc    000001b4     Clock.o (.text.Clock_Init80MHz)
                  00000980    000001ac     main.o (.text.main)
                  00000b2c    000001a8     main.o (.text.Q1_ShowResults)
                  00000cd4    0000013c     libc.a : fopen.c.obj (.text._openfile)
                  00000e10    0000013c            : memory.c.obj (.text.aligned_alloc)
                  00000f4c    00000118     main.o (.text.Q3_ShowResults)
                  00001064    00000118     main.o (.text.SetGrade)
                  0000117c    00000114     main.o (.text.Q2_Test)
                  00001290    00000100     libc.a : memory.c.obj (.text.free)
                  00001390    000000e8     UARTbusywait.o (.text.UART_Init)
                  00001478    000000e8     libsysbm.a : add_device.c.obj (.text.add_device)
                  00001560    000000e0     libc.a : setvbuf.c.obj (.text.setvbuf)
                  00001640    000000c4     main.o (.text.Q2_SetInput)
                  00001704    000000a8     main.o (.text.Q1_SetInput)
                  000017ac    000000a8     libsysbm.a : open.c.obj (.text.open)
                  00001854    000000a4     main.o (.text.Encrypt)
                  000018f8    000000a4     main.o (.text.Q2_ShowResults)
                  0000199c    00000094     UART.o (.text.UART_InitPrintf)
                  00001a30    00000084     LaunchPad.o (.text.LaunchPad_Init)
                  00001ab4    00000084     libc.a : fopen.c.obj (.text.fopen)
                  00001b38    0000007c            : fclose.c.obj (.text.__TI_closefile)
                  00001bb4    0000006c            : getdevice.c.obj (.text.getdevice)
                  00001c20    00000068     libsysbm.a : hostlseek.c.obj (.text.HOSTlseek)
                  00001c88    00000068                : hostrename.c.obj (.text.HOSTrename)
                  00001cf0    00000068     libc.a : copy_decompress_lzss.c.obj (.text:decompress:lzss)
                  00001d58    00000064            : memory.c.obj (.text.split)
                  00001dbc    0000005c     libsysbm.a : hostopen.c.obj (.text.HOSTopen)
                  00001e18    00000058                : hostread.c.obj (.text.HOSTread)
                  00001e70    00000058                : hostwrite.c.obj (.text.HOSTwrite)
                  00001ec8    00000056     main.o (.text.isqrt2)
                  00001f1e    00000002     libclang_rt.builtins.a : aeabi_div0.c.obj (.text.__aeabi_idiv0)
                  00001f20    00000056                            : aeabi_idivmod.S.obj (.text)
                  00001f76    00000050     libc.a : fflush.c.obj (.text.__TI_doflush)
                  00001fc6    00000002            : _lock.c.obj (.text._nop)
                  00001fc8    00000050     libsysbm.a : close.c.obj (.text.close)
                  00002018    00000048                : hostclose.c.obj (.text.HOSTclose)
                  00002060    00000048                : hostunlink.c.obj (.text.HOSTunlink)
                  000020a8    00000044     Func.o (.text)
                  000020ec    00000040     libclang_rt.builtins.a : aeabi_uidivmod.S.obj (.text)
                  0000212c    0000003c     libc.a : autoinit.c.obj (.text:__TI_auto_init_nobinit_nopinit)
                  00002168    00000038     LaunchPad.o (.text.ActivatePortA_B)
                  000021a0    00000038     libc.a : getdevice.c.obj (.text.finddevice)
                  000021d8    00000036     main.o (.text.SqrtDistance2)
                  0000220e    00000036     UART.o (.text.UART_OutUDec)
                  00002244    00000034     libc.a : fopen.c.obj (.text.__TI_cleanup)
                  00002278    00000034     libsysbm.a : trgmsg.c.obj (.text.__TI_readmsg)
                  000022ac    00000034                : trgmsg.c.obj (.text.__TI_writemsg)
                  000022e0    00000034     libc.a : exit.c.obj (.text.exit)
                  00002314    00000034            : fopen.c.obj (.text.freopen)
                  00002348    00000034     main.o (.text.setUpper)
                  0000237c    00000034     UART.o (.text.uart_write)
                  000023b0    0000002c     UARTbusywait.o (.text.UART_OutChar)
                  000023dc    0000002c     libsysbm.a : unlink.c.obj (.text.unlink)
                  00002408    00000028     libc.a : memory.c.obj (.text.free_list_insert)
                  00002430    00000028     libsysbm.a : write.c.obj (.text.write)
                  00002458    00000028     libc.a : boot_cortex_m.c.obj (.text:_c_int00_noargs)
                  00002480    00000026     UART.o (.text.UART_OutSDec)
                  000024a6    00000026     UART.o (.text.UART_OutString)
                  000024cc    00000026     UART.o (.text.uart_read)
                  000024f2    00000002     --HOLE-- [fill = 0]
                  000024f4    00000020     main.o (.text.Random32)
                  00002514    00000020     UARTbusywait.o (.text.UART_InChar)
                  00002534    0000001c     Exam2CPart.o (.text.Find_Bounding_Box)
                  00002550    0000001c     libc.a : memory.c.obj (.text.free_list_remove)
                  0000256c    0000001c     libclang_rt.builtins.a : aeabi_memset.S.obj (.text)
                  00002588    00000018     main.o (.text.Random)
                  000025a0    00000018     Exam2CPart.o (.text.SqrtDistance)
                  000025b8    00000016     libc.a : strcmp.c.obj (.text.strcmp)
                  000025ce    00000014     UART.o (.text.uart_open)
                  000025e2    00000012     libc.a : memcpy16.S.obj (.text:TI_memcpy_small)
                  000025f4    00000012            : copy_decompress_none.c.obj (.text:decompress:none)
                  00002606    00000010     Clock.o (.text.Clock_Delay)
                  00002616    00000010     main.o (.text.UART_OutCRLF)
                  00002626    00000010     libc.a : copy_zero_init.c.obj (.text:decompress:ZI)
                  00002636    0000000e     libsysbm.a : hostrename.c.obj (.text.strcpy)
                  00002644    0000000e                : hostrename.c.obj (.text.strlen)
                  00002652    0000000e     UART.o (.text.uart_lseek)
                  00002660    0000000e     libc.a : memset16.S.obj (.text:TI_memset_small)
                  0000266e    00000002     --HOLE-- [fill = 0]
                  00002670    0000000c     Clock.o (.text.Clock_Freq)
                  0000267c    0000000c     libc.a : memory.c.obj (.text.malloc)
                  00002688    0000000c     UART.o (.text.uart_rename)
                  00002694    0000000a     UART.o (.text.uart_close)
                  0000269e    0000000a     UART.o (.text.uart_unlink)
                  000026a8    00000008     libsysbm.a : remove.c.obj (.text.remove)
                  000026b0    00000008     libclang_rt.builtins.a : aeabi_memcpy.S.obj (.text)
                  000026b8    00000004     startup_mspm0g3507_ticlang.o (.text.Default_Handler)
                  000026bc    00000004     startup_mspm0g3507_ticlang.o (.text.Reset_Handler)
                  000026c0    00000004     libc.a : pre_init.c.obj (.text._system_pre_init)
                  000026c4    00000004     Exam2ASMPart.o (.text)
                  000026c8    00000004     libc.a : exit.c.obj (.text:abort)
                  000026cc    00000004     --HOLE-- [fill = 0]

.cinit     0    00002ce0    00000088     
                  00002ce0    0000005e     (.cinit..data.load) [load image, compression = lzss]
                  00002d3e    00000002     --HOLE-- [fill = 0]
                  00002d40    0000000c     (__TI_handler_table)
                  00002d4c    00000008     (.cinit..bss.load) [load image, compression = zero_init]
                  00002d54    00000010     (__TI_cinit_table)
                  00002d64    00000004     --HOLE-- [fill = 0]

.rodata    0    000026d0    00000610     
                  000026d0    000002f8     main.o (.rodata.Test1)
                  000029c8    00000286     main.o (.rodata.str1.1)
                  00002c4e    00000002     --HOLE-- [fill = 0]
                  00002c50    00000058     main.o (.rodata.Scramble)
                  00002ca8    00000016     main.o (.rodata.Key)
                  00002cbe    00000010     Exam2CPart.o (.rodata.EID)
                  00002cce    0000000d     UART.o (.rodata.str1.1)
                  00002cdb    00000005     --HOLE-- [fill = 0]

.init_array 
*          0    00000000    00000000     UNINITIALIZED

.binit     0    00000000    00000000     

.bss       0    20200000    000004e4     UNINITIALIZED
                  20200000    00000120     libsysbm.a : trgmsg.c.obj (.bss:_CIOBUF_)
                  20200120    000000a0     (.common:Q2answers)
                  202001c0    000000a0     (.common:__TI_tmpnams)
                  20200260    0000003c     main.o (.bss.Q3maxx)
                  2020029c    0000003c     main.o (.bss.Q3maxy)
                  202002d8    0000003c     main.o (.bss.Q3minx)
                  20200314    0000003c     main.o (.bss.Q3miny)
                  20200350    00000028     (.common:Q1answers)
                  20200378    00000028     (.common:Themap)
                  202003a0    00000020     main.o (.bss.Blank2)
                  202003c0    00000020     main.o (.bss.Blank)
                  202003e0    00000020     main.o (.bss.YourBuffer)
                  20200400    00000020     (.common:Q1Rfinal)
                  20200420    00000020     (.common:Q1Rinit)
                  20200440    00000018     main.o (.bss.EncriptedMagicCode)
                  20200458    00000018     main.o (.bss.MagicCode)
                  20200470    00000010     (.common:Ans3)
                  20200480    00000010     (.common:Your3)
                  20200490    00000008     (.common:In1)
                  20200498    00000008     (.common:In2)
                  202004a0    00000008     (.common:Init1)
                  202004a8    00000008     (.common:Init2)
                  202004b0    00000008     (.common:parmbuf)
                  202004b8    00000004     main.o (.bss.Q1Answer)
                  202004bc    00000004     main.o (.bss.score1)
                  202004c0    00000004     main.o (.bss.score2)
                  202004c4    00000004     main.o (.bss.score3)
                  202004c8    00000004     main.o (.bss.score)
                  202004cc    00000004     libc.a : memory.c.obj (.bss.sys_free)
                  202004d0    00000004     (.common:M)
                  202004d4    00000004     (.common:Q1SPfinal)
                  202004d8    00000004     (.common:Q1SPinit)
                  202004dc    00000004     (.common:Q2_Answer)
                  202004e0    00000004     (.common:Q2_Correct)

.sysmem    0    202004e8    00000200     UNINITIALIZED
                  202004e8    00000010     libc.a : memory.c.obj (.sysmem)
                  202004f8    000001f0     --HOLE--

.data      0    202006e8    000001dd     UNINITIALIZED
                  202006e8    000000f0     libc.a : defs.c.obj (.data._ftable)
                  202007d8    00000078     libsysbm.a : host_device.c.obj (.data._device)
                  20200850    00000050                : host_device.c.obj (.data._stream)
                  202008a0    00000008     libc.a : exit.c.obj (.data..L_MergedGlobals)
                  202008a8    00000004     Clock.o (.data.BusFreq)
                  202008ac    00000004     libc.a : defs.c.obj (.data.__TI_ft_end)
                  202008b0    00000004            : _lock.c.obj (.data._lock)
                  202008b4    00000004            : _lock.c.obj (.data._unlock)
                  202008b8    00000001            : fopen.c.obj (.data._search_fp.init)
                  202008b9    00000003     --HOLE--
                  202008bc    00000001     libsysbm.a : add_device.c.obj (.data.add_device.device_init)
                  202008bd    00000003     --HOLE--
                  202008c0    00000001     libc.a : memory.c.obj (.data.memory_is_initialized)
                  202008c1    00000003     --HOLE--
                  202008c4    00000001     libsysbm.a : open.c.obj (.data.open.stream_init)

.stack     0    20207e00    00000200     UNINITIALIZED
                  20207e00    00000004     libc.a : boot_cortex_m.c.obj (.stack)
                  20207e04    000001fc     --HOLE--

__llvm_prf_cnts 
*          0    20200000    00000000     UNINITIALIZED

__llvm_prf_bits 
*          0    20200000    00000000     UNINITIALIZED

MODULE SUMMARY

       Module                         code   ro data   rw data
       ------                         ----   -------   -------
    ..\
       main.o                         4448   1516      792    
       Clock.o                        464    0         4      
       UART.o                         434    13        0      
       UARTbusywait.o                 308    0         0      
       LaunchPad.o                    188    0         0      
       Func.o                         68     0         0      
    +--+------------------------------+------+---------+---------+
       Total:                         5910   1529      796    
                                                              
    .\
       Exam2CPart.o                   52     16        0      
       Exam2ASMPart.o                 4      0         0      
    +--+------------------------------+------+---------+---------+
       Total:                         56     16        0      
                                                              
    .\ticlang\
       startup_mspm0g3507_ticlang.o   8      192       0      
    +--+------------------------------+------+---------+---------+
       Total:                         8      192       0      
                                                              
    C:\ti\ccs1240\ccs\tools\compiler\ti-cgt-armllvm_2.1.3.LTS\lib\armv6m-ti-none-eabi/c/libc.a
       memory.c.obj                   752    0         5      
       fopen.c.obj                    552    0         1      
       defs.c.obj                     0      0         404    
       setvbuf.c.obj                  224    0         0      
       getdevice.c.obj                164    0         0      
       fclose.c.obj                   124    0         0      
       copy_decompress_lzss.c.obj     104    0         0      
       fflush.c.obj                   80     0         0      
       exit.c.obj                     56     0         8      
       autoinit.c.obj                 60     0         0      
       boot_cortex_m.c.obj            40     0         0      
       strcmp.c.obj                   22     0         0      
       copy_decompress_none.c.obj     18     0         0      
       memcpy16.S.obj                 18     0         0      
       copy_zero_init.c.obj           16     0         0      
       memset16.S.obj                 14     0         0      
       _lock.c.obj                    2      0         8      
       pre_init.c.obj                 4      0         0      
    +--+------------------------------+------+---------+---------+
       Total:                         2250   0         426    
                                                              
    C:\ti\ccs1240\ccs\tools\compiler\ti-cgt-armllvm_2.1.3.LTS\lib\armv6m-ti-none-eabi/c/libsysbm.a
       trgmsg.c.obj                   104    0         288    
       add_device.c.obj               232    0         1      
       host_device.c.obj              0      0         200    
       open.c.obj                     168    0         1      
       hostrename.c.obj               132    0         0      
       hostlseek.c.obj                104    0         0      
       hostopen.c.obj                 92     0         8      
       hostread.c.obj                 88     0         0      
       hostwrite.c.obj                88     0         0      
       close.c.obj                    80     0         0      
       hostclose.c.obj                72     0         0      
       hostunlink.c.obj               72     0         0      
       unlink.c.obj                   44     0         0      
       write.c.obj                    40     0         0      
       remove.c.obj                   8      0         0      
    +--+------------------------------+------+---------+---------+
       Total:                         1324   0         498    
                                                              
    C:\ti\ccs1240\ccs\tools\compiler\ti-cgt-armllvm_2.1.3.LTS\lib\clang/14.0.6/lib/armv6m-ti-none-eabi/libclang_rt.builtins.a
       aeabi_idivmod.S.obj            86     0         0      
       aeabi_uidivmod.S.obj           64     0         0      
       aeabi_memset.S.obj             28     0         0      
       aeabi_memcpy.S.obj             8      0         0      
       aeabi_div0.c.obj               2      0         0      
    +--+------------------------------+------+---------+---------+
       Total:                         188    0         0      
                                                              
       Heap:                          0      0         512    
       Stack:                         0      0         512    
       Linker Generated:              0      130       0      
    +--+------------------------------+------+---------+---------+
       Grand Total:                   9736   1867      2744   


LINKER GENERATED COPY TABLES

__TI_cinit_table @ 00002d54 records: 2, size/record: 8, table size: 16
	.data: load addr=00002ce0, load size=0000005e bytes, run addr=202006e8, run size=000001dd bytes, compression=lzss
	.bss: load addr=00002d4c, load size=00000008 bytes, run addr=20200000, run size=000004e4 bytes, compression=zero_init


LINKER GENERATED HANDLER TABLE

__TI_handler_table @ 00002d40 records: 3, size/record: 4, table size: 12
	index: 0, handler: __TI_decompress_lzss
	index: 1, handler: __TI_decompress_none
	index: 2, handler: __TI_zero_init


GLOBAL SYMBOLS: SORTED ALPHABETICALLY BY Name 

address   name                          
-------   ----                          
000026b9  ADC0_IRQHandler               
000026b9  ADC1_IRQHandler               
000026b9  AES_IRQHandler                
00002169  ActivatePortA_B               
20200470  Ans3                          
202008a8  BusFreq                       
000026c8  C$$EXIT                       
000022d7  C$$IO$$                       
000026b9  CANFD0_IRQHandler             
00002607  Clock_Delay                   
00002671  Clock_Freq                    
000007cd  Clock_Init80MHz               
000026c4  CountandRemoveX               
000020a8  CountandRemoveXwrap           
000026b9  DAC0_IRQHandler               
000026b9  DMA_IRQHandler                
000026b9  Default_Handler               
00002cbe  EID                           
00002535  Find_Bounding_Box             
000026b9  GROUP0_IRQHandler             
000026b9  GROUP1_IRQHandler             
00002019  HOSTclose                     
00001c21  HOSTlseek                     
00001dbd  HOSTopen                      
00001e19  HOSTread                      
00001c89  HOSTrename                    
00002061  HOSTunlink                    
00001e71  HOSTwrite                     
000026b9  HardFault_Handler             
000026b9  I2C0_IRQHandler               
000026b9  I2C1_IRQHandler               
20200490  In1                           
20200498  In2                           
202004a0  Init1                         
202004a8  Init2                         
00001a31  LaunchPad_Init                
202004d0  M                             
000026b9  NMI_Handler                   
000026b9  PendSV_Handler                
20200400  Q1Rfinal                      
20200420  Q1Rinit                       
202004d4  Q1SPfinal                     
202004d8  Q1SPinit                      
00001705  Q1_SetInput                   
00000b2d  Q1_ShowResults                
000000c1  Q1_Test                       
20200350  Q1answers                     
202004dc  Q2_Answer                     
202004e0  Q2_Correct                    
00001641  Q2_SetInput                   
000018f9  Q2_ShowResults                
0000117d  Q2_Test                       
20200120  Q2answers                     
00000361  Q3_SetInput                   
00000f4d  Q3_ShowResults                
000005a9  Q3_Test                       
000026b9  RTC_IRQHandler                
00002589  Random                        
000024f5  Random32                      
000026bd  Reset_Handler                 
000026b9  SPI0_IRQHandler               
000026b9  SPI1_IRQHandler               
000026b9  SVC_Handler                   
000025a1  SqrtDistance                  
000026b9  SysTick_Handler               
000026b9  TIMA0_IRQHandler              
000026b9  TIMA1_IRQHandler              
000026b9  TIMG0_IRQHandler              
000026b9  TIMG12_IRQHandler             
000026b9  TIMG6_IRQHandler              
000026b9  TIMG7_IRQHandler              
000026b9  TIMG8_IRQHandler              
000025e3  TI_memcpy_small               
00002661  TI_memset_small               
000026d0  Test1                         
20200378  Themap                        
000026b9  UART0_IRQHandler              
000026b9  UART1_IRQHandler              
000026b9  UART2_IRQHandler              
000026b9  UART3_IRQHandler              
00002515  UART_InChar                   
00001391  UART_Init                     
0000199d  UART_InitPrintf               
00002617  UART_OutCRLF                  
000023b1  UART_OutChar                  
00002481  UART_OutSDec                  
000024a7  UART_OutString                
0000220f  UART_OutUDec                  
20200480  Your3                         
20200000  _CIOBUF_                      
20200000  __CIOBUF_                     
20208000  __STACK_END                   
00000200  __STACK_SIZE                  
00000200  __SYSMEM_SIZE                 
00002d54  __TI_CINIT_Base               
00002d64  __TI_CINIT_Limit              
00002d64  __TI_CINIT_Warm               
00002d40  __TI_Handler_Table_Base       
00002d4c  __TI_Handler_Table_Limit      
0000212d  __TI_auto_init_nobinit_nopinit
00002245  __TI_cleanup                  
202008a0  __TI_cleanup_ptr              
00001b39  __TI_closefile                
00001cf1  __TI_decompress_lzss          
000025f5  __TI_decompress_none          
00001f77  __TI_doflush                  
202008a4  __TI_dtors_ptr                
202008ac  __TI_ft_end                   
ffffffff  __TI_pprof_out_hndl           
ffffffff  __TI_prof_data_size           
ffffffff  __TI_prof_data_start          
00002279  __TI_readmsg                  
00000000  __TI_static_base__            
202001c0  __TI_tmpnams                  
000022ad  __TI_writemsg                 
00002627  __TI_zero_init                
00001f21  __aeabi_idiv                  
00001f1f  __aeabi_idiv0                 
00001f21  __aeabi_idivmod               
0000257d  __aeabi_memclr                
0000257d  __aeabi_memclr4               
0000257d  __aeabi_memclr8               
000026b1  __aeabi_memcpy                
000026b1  __aeabi_memcpy4               
000026b1  __aeabi_memcpy8               
0000256d  __aeabi_memset                
0000256d  __aeabi_memset4               
0000256d  __aeabi_memset8               
000020ed  __aeabi_uidiv                 
000020ed  __aeabi_uidivmod              
ffffffff  __binit__                     
UNDEFED   __mpu_init                    
20207e00  __stack                       
20200000  __start___llvm_prf_bits       
20200000  __start___llvm_prf_cnts       
20200000  __stop___llvm_prf_bits        
20200000  __stop___llvm_prf_cnts        
00002459  _c_int00_noargs               
202007d8  _device                       
202006e8  _ftable                       
202008b0  _lock                         
00001fc7  _nop                          
20200850  _stream                       
202004e8  _sys_memory                   
UNDEFED   _system_post_cinit            
000026c1  _system_pre_init              
202008b4  _unlock                       
000026c9  abort                         
00001479  add_device                    
00000e11  aligned_alloc                 
ffffffff  binit                         
00001fc9  close                         
000022e1  exit                          
000021a1  finddevice                    
00001ab5  fopen                         
00001291  free                          
00002315  freopen                       
00001bb5  getdevice                     
00000000  interruptVectors              
00001ec9  isqrt2                        
00000981  main                          
0000267d  malloc                        
00000e11  memalign                      
000017ad  open                          
202004b0  parmbuf                       
000026a9  remove                        
00002349  setUpper                      
00001561  setvbuf                       
000025b9  strcmp                        
00002695  uart_close                    
00002653  uart_lseek                    
000025cf  uart_open                     
000024cd  uart_read                     
00002689  uart_rename                   
0000269f  uart_unlink                   
0000237d  uart_write                    
000023dd  unlink                        
00002431  write                         


GLOBAL SYMBOLS: SORTED BY Symbol Address 

address   name                          
-------   ----                          
00000000  __TI_static_base__            
00000000  interruptVectors              
000000c1  Q1_Test                       
00000200  __STACK_SIZE                  
00000200  __SYSMEM_SIZE                 
00000361  Q3_SetInput                   
000005a9  Q3_Test                       
000007cd  Clock_Init80MHz               
00000981  main                          
00000b2d  Q1_ShowResults                
00000e11  aligned_alloc                 
00000e11  memalign                      
00000f4d  Q3_ShowResults                
0000117d  Q2_Test                       
00001291  free                          
00001391  UART_Init                     
00001479  add_device                    
00001561  setvbuf                       
00001641  Q2_SetInput                   
00001705  Q1_SetInput                   
000017ad  open                          
000018f9  Q2_ShowResults                
0000199d  UART_InitPrintf               
00001a31  LaunchPad_Init                
00001ab5  fopen                         
00001b39  __TI_closefile                
00001bb5  getdevice                     
00001c21  HOSTlseek                     
00001c89  HOSTrename                    
00001cf1  __TI_decompress_lzss          
00001dbd  HOSTopen                      
00001e19  HOSTread                      
00001e71  HOSTwrite                     
00001ec9  isqrt2                        
00001f1f  __aeabi_idiv0                 
00001f21  __aeabi_idiv                  
00001f21  __aeabi_idivmod               
00001f77  __TI_doflush                  
00001fc7  _nop                          
00001fc9  close                         
00002019  HOSTclose                     
00002061  HOSTunlink                    
000020a8  CountandRemoveXwrap           
000020ed  __aeabi_uidiv                 
000020ed  __aeabi_uidivmod              
0000212d  __TI_auto_init_nobinit_nopinit
00002169  ActivatePortA_B               
000021a1  finddevice                    
0000220f  UART_OutUDec                  
00002245  __TI_cleanup                  
00002279  __TI_readmsg                  
000022ad  __TI_writemsg                 
000022d7  C$$IO$$                       
000022e1  exit                          
00002315  freopen                       
00002349  setUpper                      
0000237d  uart_write                    
000023b1  UART_OutChar                  
000023dd  unlink                        
00002431  write                         
00002459  _c_int00_noargs               
00002481  UART_OutSDec                  
000024a7  UART_OutString                
000024cd  uart_read                     
000024f5  Random32                      
00002515  UART_InChar                   
00002535  Find_Bounding_Box             
0000256d  __aeabi_memset                
0000256d  __aeabi_memset4               
0000256d  __aeabi_memset8               
0000257d  __aeabi_memclr                
0000257d  __aeabi_memclr4               
0000257d  __aeabi_memclr8               
00002589  Random                        
000025a1  SqrtDistance                  
000025b9  strcmp                        
000025cf  uart_open                     
000025e3  TI_memcpy_small               
000025f5  __TI_decompress_none          
00002607  Clock_Delay                   
00002617  UART_OutCRLF                  
00002627  __TI_zero_init                
00002653  uart_lseek                    
00002661  TI_memset_small               
00002671  Clock_Freq                    
0000267d  malloc                        
00002689  uart_rename                   
00002695  uart_close                    
0000269f  uart_unlink                   
000026a9  remove                        
000026b1  __aeabi_memcpy                
000026b1  __aeabi_memcpy4               
000026b1  __aeabi_memcpy8               
000026b9  ADC0_IRQHandler               
000026b9  ADC1_IRQHandler               
000026b9  AES_IRQHandler                
000026b9  CANFD0_IRQHandler             
000026b9  DAC0_IRQHandler               
000026b9  DMA_IRQHandler                
000026b9  Default_Handler               
000026b9  GROUP0_IRQHandler             
000026b9  GROUP1_IRQHandler             
000026b9  HardFault_Handler             
000026b9  I2C0_IRQHandler               
000026b9  I2C1_IRQHandler               
000026b9  NMI_Handler                   
000026b9  PendSV_Handler                
000026b9  RTC_IRQHandler                
000026b9  SPI0_IRQHandler               
000026b9  SPI1_IRQHandler               
000026b9  SVC_Handler                   
000026b9  SysTick_Handler               
000026b9  TIMA0_IRQHandler              
000026b9  TIMA1_IRQHandler              
000026b9  TIMG0_IRQHandler              
000026b9  TIMG12_IRQHandler             
000026b9  TIMG6_IRQHandler              
000026b9  TIMG7_IRQHandler              
000026b9  TIMG8_IRQHandler              
000026b9  UART0_IRQHandler              
000026b9  UART1_IRQHandler              
000026b9  UART2_IRQHandler              
000026b9  UART3_IRQHandler              
000026bd  Reset_Handler                 
000026c1  _system_pre_init              
000026c4  CountandRemoveX               
000026c8  C$$EXIT                       
000026c9  abort                         
000026d0  Test1                         
00002cbe  EID                           
00002d40  __TI_Handler_Table_Base       
00002d4c  __TI_Handler_Table_Limit      
00002d54  __TI_CINIT_Base               
00002d64  __TI_CINIT_Limit              
00002d64  __TI_CINIT_Warm               
20200000  _CIOBUF_                      
20200000  __CIOBUF_                     
20200000  __start___llvm_prf_bits       
20200000  __start___llvm_prf_cnts       
20200000  __stop___llvm_prf_bits        
20200000  __stop___llvm_prf_cnts        
20200120  Q2answers                     
202001c0  __TI_tmpnams                  
20200350  Q1answers                     
20200378  Themap                        
20200400  Q1Rfinal                      
20200420  Q1Rinit                       
20200470  Ans3                          
20200480  Your3                         
20200490  In1                           
20200498  In2                           
202004a0  Init1                         
202004a8  Init2                         
202004b0  parmbuf                       
202004d0  M                             
202004d4  Q1SPfinal                     
202004d8  Q1SPinit                      
202004dc  Q2_Answer                     
202004e0  Q2_Correct                    
202004e8  _sys_memory                   
202006e8  _ftable                       
202007d8  _device                       
20200850  _stream                       
202008a0  __TI_cleanup_ptr              
202008a4  __TI_dtors_ptr                
202008a8  BusFreq                       
202008ac  __TI_ft_end                   
202008b0  _lock                         
202008b4  _unlock                       
20207e00  __stack                       
20208000  __STACK_END                   
ffffffff  __TI_pprof_out_hndl           
ffffffff  __TI_prof_data_size           
ffffffff  __TI_prof_data_start          
ffffffff  __binit__                     
ffffffff  binit                         
UNDEFED   __mpu_init                    
UNDEFED   _system_post_cinit            

[178 symbols]
