******************************************************************************
            TI ARM Clang Linker PC v4.0.4                      
******************************************************************************
>> Linked Sun Mar 15 23:47:40 2026

OUTPUT FILE NAME:   <Fall2019.out>
ENTRY POINT SYMBOL: "_c_int00_noargs"  address: 00002431


MEMORY CONFIGURATION

         name            origin    length      used     unused   attr    fill
----------------------  --------  ---------  --------  --------  ----  --------
  FLASH                 00000000   00020000  00003308  0001ccf8  R  X
  SRAM                  20200000   00008000  00000815  000077eb  RW X
  BCR_CONFIG            41c00000   00000080  00000000  00000080  R   
  BSL_CONFIG            41c00100   00000080  00000000  00000080  R   


SEGMENT ALLOCATION MAP

run origin  load origin   length   init length attrs members
----------  ----------- ---------- ----------- ----- -------
00000000    00000000    00003308   00003308    r-x
  00000000    00000000    000000c0   000000c0    r-- .intvecs
  000000c0    000000c0    00002560   00002560    r-x .text
  00002620    00002620    00000c58   00000c58    r-- .rodata
  00003278    00003278    00000090   00000090    r-- .cinit
20200000    20200000    00000615   00000000    rw-
  20200000    20200000    00000220   00000000    rw- .bss
  20200220    20200220    00000200   00000000    rw- .sysmem
  20200420    20200420    000001f5   00000000    rw- .data
20207e00    20207e00    00000200   00000000    rw-
  20207e00    20207e00    00000200   00000000    rw- .stack


SECTION ALLOCATION MAP

 output                                  attributes/
section   page    origin      length       input sections
--------  ----  ----------  ----------   ----------------
.intvecs   0    00000000    000000c0     
                  00000000    000000c0     startup_mspm0g3507_ticlang.o (.intvecs)

.text      0    000000c0    00002560     
                  000000c0    00000d0c     main.o (.text.main)
                  00000dcc    000001b4     Clock.o (.text.Clock_Init80MHz)
                  00000f80    000001a8     main.o (.text.PrintPills)
                  00001128    00000154     libc.a : fopen.c.obj (.text._openfile)
                  0000127c    00000114            : memory.c.obj (.text.aligned_alloc)
                  00001390    000000ec     libsysbm.a : add_device.c.obj (.text.add_device)
                  0000147c    000000e8     UARTbusywait.o (.text.UART_Init)
                  00001564    000000e8     libc.a : memory.c.obj (.text.free)
                  0000164c    000000e0            : setvbuf.c.obj (.text.setvbuf)
                  0000172c    000000a0     libsysbm.a : open.c.obj (.text.open)
                  000017cc    00000098     Exam2CPart.o (.text.WeekCheck)
                  00001864    00000094     UART.o (.text.UART_InitPrintf)
                  000018f8    00000008     libclang_rt.builtins.a : aeabi_memcpy.S.obj (.text.__aeabi_memcpy)
                  00001900    00000088     libc.a : strcmp-armv6m.S.obj (.text:strcmp)
                  00001988    00000084     Exam2CPart.o (.text.DayCheck)
                  00001a0c    00000084     LaunchPad.o (.text.LaunchPad_Init)
                  00001a90    00000080     Exam2ASMPart.o (.text)
                  00001b10    0000007c     libc.a : fclose.c.obj (.text.__TI_closefile)
                  00001b8c    0000007c            : copy_decompress_lzss.c.obj (.text:decompress:lzss)
                  00001c08    0000006c     libsysbm.a : hostlseek.c.obj (.text.HOSTlseek)
                  00001c74    0000006c                : hostrename.c.obj (.text.HOSTrename)
                  00001ce0    0000006c     main.o (.text.check)
                  00001d4c    0000006c     libc.a : getdevice.c.obj (.text.getdevice)
                  00001db8    00000064            : memory.c.obj (.text.split)
                  00001e1c    00000060     main.o (.text.CorrectGrandmother_TakesPill)
                  00001e7c    00000060     libsysbm.a : hostopen.c.obj (.text.HOSTopen)
                  00001edc    00000058                : hostread.c.obj (.text.HOSTread)
                  00001f34    00000058                : hostwrite.c.obj (.text.HOSTwrite)
                  00001f8c    00000052     libc.a : fflush.c.obj (.text.__TI_doflush)
                  00001fde    00000002     libclang_rt.builtins.a : aeabi_div0.c.obj (.text.__aeabi_idiv0)
                  00001fe0    00000050     libsysbm.a : close.c.obj (.text.close)
                  00002030    00000048                : hostclose.c.obj (.text.HOSTclose)
                  00002078    00000048                : hostunlink.c.obj (.text.HOSTunlink)
                  000020c0    00000040     libclang_rt.builtins.a : aeabi_uidivmod.S.obj (.text.__aeabi_uidivmod)
                  00002100    00000040     libc.a : fopen.c.obj (.text._search_fp)
                  00002140    0000003c            : autoinit.c.obj (.text:__TI_auto_init_nobinit_nopinit)
                  0000217c    00000038     LaunchPad.o (.text.ActivatePortA_B)
                  000021b4    00000036     UART.o (.text.UART_OutUDec)
                  000021ea    00000002     libc.a : _lock.c.obj (.text._nop)
                  000021ec    00000034            : fopen.c.obj (.text.__TI_cleanup)
                  00002220    00000034     libsysbm.a : trgmsg.c.obj (.text.__TI_readmsg)
                  00002254    00000034                : trgmsg.c.obj (.text.__TI_writemsg)
                  00002288    00000034     libc.a : exit.c.obj (.text.exit)
                  000022bc    00000034            : getdevice.c.obj (.text.finddevice)
                  000022f0    00000034            : fopen.c.obj (.text.freopen)
                  00002324    00000034     UART.o (.text.uart_write)
                  00002358    00000030     libc.a : fopen.c.obj (.text.fopen)
                  00002388    0000002c     UARTbusywait.o (.text.UART_OutChar)
                  000023b4    0000002c     libsysbm.a : unlink.c.obj (.text.unlink)
                  000023e0    00000028     libc.a : memory.c.obj (.text.free_list_insert)
                  00002408    00000028     libsysbm.a : write.c.obj (.text.write)
                  00002430    00000028     libc.a : boot_cortex_m.c.obj (.text:_c_int00_noargs)
                  00002458    00000026     UART.o (.text.UART_OutSDec)
                  0000247e    00000026     UART.o (.text.UART_OutString)
                  000024a4    00000026     UART.o (.text.uart_read)
                  000024ca    00000002     --HOLE-- [fill = 0]
                  000024cc    00000020     UARTbusywait.o (.text.UART_InChar)
                  000024ec    0000001c     libc.a : memory.c.obj (.text.free_list_remove)
                  00002508    00000016            : copy_zero_init.c.obj (.text:decompress:ZI:__TI_zero_init_nomemset)
                  0000251e    00000014     UART.o (.text.uart_open)
                  00002532    00000012     libc.a : memcpy16.S.obj (.text:TI_memcpy_small)
                  00002544    00000012            : copy_decompress_none.c.obj (.text:decompress:none)
                  00002556    00000010     Clock.o (.text.Clock_Delay)
                  00002566    00000010     main.o (.text.UART_OutCRLF)
                  00002576    0000000e     libc.a : memory.c.obj (.text.OUTLINED_FUNCTION_0)
                  00002584    0000000e     libsysbm.a : hostrename.c.obj (.text.strcpy)
                  00002592    0000000e                : hostrename.c.obj (.text.strlen)
                  000025a0    0000000e     UART.o (.text.uart_lseek)
                  000025ae    0000000e     libc.a : memset16.S.obj (.text:TI_memset_small)
                  000025bc    0000000c     Clock.o (.text.Clock_Freq)
                  000025c8    0000000c     libclang_rt.builtins.a : aeabi_memset.S.obj (.text.__aeabi_memclr)
                  000025d4    0000000c     libc.a : memory.c.obj (.text.malloc)
                  000025e0    0000000c     UART.o (.text.uart_rename)
                  000025ec    0000000a     UART.o (.text.uart_close)
                  000025f6    0000000a     UART.o (.text.uart_unlink)
                  00002600    00000008     libsysbm.a : remove.c.obj (.text.remove)
                  00002608    00000006     libc.a : exit.c.obj (.text:abort)
                  0000260e    00000004     startup_mspm0g3507_ticlang.o (.text.Default_Handler)
                  00002612    00000004     libsysbm.a : hostexit.c.obj (.text.HOSTexit)
                  00002616    00000004     startup_mspm0g3507_ticlang.o (.text.Reset_Handler)
                  0000261a    00000004     libc.a : pre_init.c.obj (.text._system_pre_init)
                  0000261e    00000002     --HOLE-- [fill = 0]

.cinit     0    00003278    00000090     
                  00003278    00000066     (.cinit..data.load) [load image, compression = lzss]
                  000032de    00000002     --HOLE-- [fill = 0]
                  000032e0    0000000c     (__TI_handler_table)
                  000032ec    00000008     (.cinit..bss.load) [load image, compression = zero_init]
                  000032f4    00000010     (__TI_cinit_table)
                  00003304    00000004     --HOLE-- [fill = 0]

.rodata    0    00002620    00000c58     
                  00002620    000008ba     main.o (.rodata.str1.1)
                  00002eda    00000002     --HOLE-- [fill = 0]
                  00002edc    00000270     main.o (.rodata.Tests5)
                  0000314c    000000c4     main.o (.rodata.Tests4)
                  00003210    00000015     main.o (.rodata.Ex1Pills)
                  00003225    00000015     main.o (.rodata.Ex2Pills)
                  0000323a    00000015     main.o (.rodata.Ex3Pills)
                  0000324f    00000015     main.o (.rodata.Ex4Pills)
                  00003264    0000000d     UART.o (.rodata.str1.1)
                  00003271    00000007     --HOLE-- [fill = 0]

.init_array 
*          0    00000000    00000000     UNINITIALIZED

.binit     0    00000000    00000000     

.bss       0    20200000    00000220     UNINITIALIZED
                  20200000    00000120     libsysbm.a : trgmsg.c.obj (.bss:_CIOBUF_)
                  20200120    000000a0     libc.a : defs.c.obj (.bss.__TI_tmpnams)
                  202001c0    00000040     main.o (.bss.Yourstatus)
                  20200200    00000008     libsysbm.a : hostopen.c.obj (.bss.parmbuf)
                  20200208    00000004     main.o (.bss.i)
                  2020020c    00000004     main.o (.bss.m)
                  20200210    00000004     main.o (.bss.n)
                  20200214    00000004     main.o (.bss.result2)
                  20200218    00000004     main.o (.bss.score)
                  2020021c    00000004     libc.a : memory.c.obj (.bss.sys_free)

.sysmem    0    20200220    00000200     UNINITIALIZED
                  20200220    00000010     libc.a : memory.c.obj (.sysmem)
                  20200230    000001f0     --HOLE--

.data      0    20200420    000001f5     UNINITIALIZED
                  20200420    000000f0     libc.a : defs.c.obj (.data._ftable)
                  20200510    00000078     libsysbm.a : host_device.c.obj (.data._device)
                  20200588    00000050                : host_device.c.obj (.data._stream)
                  202005d8    0000001c     Exam2ASMPart.o (.data)
                  202005f4    00000008     libc.a : exit.c.obj (.data..L_MergedGlobals)
                  202005fc    00000004     Clock.o (.data.BusFreq)
                  20200600    00000004     libc.a : defs.c.obj (.data.__TI_ft_end)
                  20200604    00000004            : _lock.c.obj (.data._lock)
                  20200608    00000004            : _lock.c.obj (.data._unlock)
                  2020060c    00000001     libsysbm.a : add_device.c.obj (.data.add_device.device_init)
                  2020060d    00000003     --HOLE--
                  20200610    00000001     libc.a : memory.c.obj (.data.memory_is_initialized)
                  20200611    00000003     --HOLE--
                  20200614    00000001     libsysbm.a : open.c.obj (.data.open.stream_init)

.stack     0    20207e00    00000200     UNINITIALIZED
                  20207e00    00000004     libc.a : boot_cortex_m.c.obj (.stack)
                  20207e04    000001fc     --HOLE--

__llvm_prf_cnts 
*          0    20200000    00000000     UNINITIALIZED

__llvm_prf_bits 
*          0    20200000    00000000     UNINITIALIZED

MODULE SUMMARY

       Module                         code   ro data   rw data
       ------                         ----   -------   -------
    ..\
       main.o                         3984   3138      84     
       Clock.o                        464    0         4      
       UART.o                         434    13        0      
       UARTbusywait.o                 308    0         0      
       LaunchPad.o                    188    0         0      
    +--+------------------------------+------+---------+---------+
       Total:                         5378   3151      88     
                                                              
    .\
       Exam2CPart.o                   284    0         0      
       Exam2ASMPart.o                 128    0         28     
    +--+------------------------------+------+---------+---------+
       Total:                         412    0         28     
                                                              
    .\ticlang\
       startup_mspm0g3507_ticlang.o   8      192       0      
    +--+------------------------------+------+---------+---------+
       Total:                         8      192       0      
                                                              
    C:\ti\ccs2040\ccs\tools\compiler\ti-cgt-armllvm_4.0.4.LTS\lib\armv6m-ti-none-eabi/c/libc.a
       memory.c.obj                   702    0         5      
       fopen.c.obj                    556    0         0      
       defs.c.obj                     0      0         404    
       setvbuf.c.obj                  224    0         0      
       getdevice.c.obj                160    0         0      
       strcmp-armv6m.S.obj            136    0         0      
       copy_decompress_lzss.c.obj     124    0         0      
       fclose.c.obj                   124    0         0      
       fflush.c.obj                   82     0         0      
       exit.c.obj                     58     0         8      
       autoinit.c.obj                 60     0         0      
       boot_cortex_m.c.obj            40     0         0      
       copy_zero_init.c.obj           22     0         0      
       copy_decompress_none.c.obj     18     0         0      
       memcpy16.S.obj                 18     0         0      
       memset16.S.obj                 14     0         0      
       _lock.c.obj                    2      0         8      
       pre_init.c.obj                 4      0         0      
    +--+------------------------------+------+---------+---------+
       Total:                         2344   0         425    
                                                              
    C:\ti\ccs2040\ccs\tools\compiler\ti-cgt-armllvm_4.0.4.LTS\lib\armv6m-ti-none-eabi/c/libsysbm.a
       trgmsg.c.obj                   104    0         288    
       add_device.c.obj               236    0         1      
       host_device.c.obj              0      0         200    
       open.c.obj                     160    0         1      
       hostrename.c.obj               136    0         0      
       hostlseek.c.obj                108    0         0      
       hostopen.c.obj                 96     0         8      
       hostread.c.obj                 88     0         0      
       hostwrite.c.obj                88     0         0      
       close.c.obj                    80     0         0      
       hostclose.c.obj                72     0         0      
       hostunlink.c.obj               72     0         0      
       unlink.c.obj                   44     0         0      
       write.c.obj                    40     0         0      
       remove.c.obj                   8      0         0      
       hostexit.c.obj                 4      0         0      
    +--+------------------------------+------+---------+---------+
       Total:                         1336   0         498    
                                                              
    C:\ti\ccs2040\ccs\tools\compiler\ti-cgt-armllvm_4.0.4.LTS\lib\armv6m-ti-none-eabi/libclang_rt.builtins.a
       aeabi_uidivmod.S.obj           64     0         0      
       aeabi_memset.S.obj             12     0         0      
       aeabi_memcpy.S.obj             8      0         0      
       aeabi_div0.c.obj               2      0         0      
    +--+------------------------------+------+---------+---------+
       Total:                         86     0         0      
                                                              
       Heap:                          0      0         512    
       Stack:                         0      0         512    
       Linker Generated:              0      138       0      
    +--+------------------------------+------+---------+---------+
       Grand Total:                   9564   3481      2063   


LINKER GENERATED COPY TABLES

__TI_cinit_table @ 000032f4 records: 2, size/record: 8, table size: 16
	.data: load addr=00003278, load size=00000066 bytes, run addr=20200420, run size=000001f5 bytes, compression=lzss
	.bss: load addr=000032ec, load size=00000008 bytes, run addr=20200000, run size=00000220 bytes, compression=zero_init


LINKER GENERATED HANDLER TABLE

__TI_handler_table @ 000032e0 records: 3, size/record: 4, table size: 12
	index: 0, handler: __TI_decompress_lzss
	index: 1, handler: __TI_decompress_none
	index: 2, handler: __TI_zero_init


GLOBAL SYMBOLS: SORTED ALPHABETICALLY BY Name 

address   name                          
-------   ----                          
0000260f  ADC0_IRQHandler               
0000260f  ADC1_IRQHandler               
0000260f  AES_IRQHandler                
0000217d  ActivatePortA_B               
202005fc  BusFreq                       
00002612  C$$EXIT                       
00002281  C$$IO$$                       
0000260f  CANFD0_IRQHandler             
00002557  Clock_Delay                   
000025bd  Clock_Freq                    
00000dcd  Clock_Init80MHz               
00001e1d  CorrectGrandmother_TakesPill  
0000260f  DAC0_IRQHandler               
0000260f  DMA_IRQHandler                
00001989  DayCheck                      
0000260f  Default_Handler               
00003210  Ex1Pills                      
00003225  Ex2Pills                      
0000323a  Ex3Pills                      
0000324f  Ex4Pills                      
0000260f  GROUP0_IRQHandler             
0000260f  GROUP1_IRQHandler             
00001a90  Grandmother_Init              
00001ad0  Grandmother_NeedsPill         
00001aa2  Grandmother_TakesPill         
00002031  HOSTclose                     
00002613  HOSTexit                      
00001c09  HOSTlseek                     
00001e7d  HOSTopen                      
00001edd  HOSTread                      
00001c75  HOSTrename                    
00002079  HOSTunlink                    
00001f35  HOSTwrite                     
0000260f  HardFault_Handler             
0000260f  I2C0_IRQHandler               
0000260f  I2C1_IRQHandler               
202005f0  KeepOut                       
00001a0d  LaunchPad_Init                
0000260f  NMI_Handler                   
0000260f  PendSV_Handler                
202005db  Pills                         
00000f81  PrintPills                    
0000260f  RTC_IRQHandler                
00002617  Reset_Handler                 
0000260f  SPI0_IRQHandler               
0000260f  SPI1_IRQHandler               
0000260f  SVC_Handler                   
0000260f  SysTick_Handler               
0000260f  TIMA0_IRQHandler              
0000260f  TIMA1_IRQHandler              
0000260f  TIMG0_IRQHandler              
0000260f  TIMG12_IRQHandler             
0000260f  TIMG6_IRQHandler              
0000260f  TIMG7_IRQHandler              
0000260f  TIMG8_IRQHandler              
00002533  TI_memcpy_small               
000025af  TI_memset_small               
0000314c  Tests4                        
00002edc  Tests5                        
0000260f  UART0_IRQHandler              
0000260f  UART1_IRQHandler              
0000260f  UART2_IRQHandler              
0000260f  UART3_IRQHandler              
000024cd  UART_InChar                   
0000147d  UART_Init                     
00001865  UART_InitPrintf               
00002567  UART_OutCRLF                  
00002389  UART_OutChar                  
00002459  UART_OutSDec                  
0000247f  UART_OutString                
000021b5  UART_OutUDec                  
000017cd  WeekCheck                     
20200000  _CIOBUF_                      
20200000  __CIOBUF_                     
20208000  __STACK_END                   
00000200  __STACK_SIZE                  
00000200  __SYSMEM_SIZE                 
00000000  __TI_ATRegion0_region_sz      
00000000  __TI_ATRegion0_src_addr       
00000000  __TI_ATRegion0_trg_addr       
00000000  __TI_ATRegion1_region_sz      
00000000  __TI_ATRegion1_src_addr       
00000000  __TI_ATRegion1_trg_addr       
00000000  __TI_ATRegion2_region_sz      
00000000  __TI_ATRegion2_src_addr       
00000000  __TI_ATRegion2_trg_addr       
000032f4  __TI_CINIT_Base               
00003304  __TI_CINIT_Limit              
00003304  __TI_CINIT_Warm               
000032e0  __TI_Handler_Table_Base       
000032ec  __TI_Handler_Table_Limit      
00002141  __TI_auto_init_nobinit_nopinit
000021ed  __TI_cleanup                  
202005f4  __TI_cleanup_ptr              
00001b11  __TI_closefile                
00001b8d  __TI_decompress_lzss          
00002545  __TI_decompress_none          
00001f8d  __TI_doflush                  
202005f8  __TI_dtors_ptr                
20200600  __TI_ft_end                   
ffffffff  __TI_pprof_out_hndl           
ffffffff  __TI_prof_data_size           
ffffffff  __TI_prof_data_start          
00002221  __TI_readmsg                  
00000000  __TI_static_base__            
20200120  __TI_tmpnams                  
00002255  __TI_writemsg                 
00002509  __TI_zero_init_nomemset       
00001fdf  __aeabi_idiv0                 
000025c9  __aeabi_memclr                
000025c9  __aeabi_memclr4               
000025c9  __aeabi_memclr8               
000018f9  __aeabi_memcpy                
000018f9  __aeabi_memcpy4               
000018f9  __aeabi_memcpy8               
000020c1  __aeabi_uidiv                 
000020c1  __aeabi_uidivmod              
ffffffff  __binit__                     
UNDEFED   __mpu_init                    
20207e00  __stack                       
20200000  __start___llvm_prf_bits       
20200000  __start___llvm_prf_cnts       
20200000  __stop___llvm_prf_bits        
20200000  __stop___llvm_prf_cnts        
00002431  _c_int00_noargs               
20200510  _device                       
20200420  _ftable                       
20200604  _lock                         
000021eb  _nop                          
20200588  _stream                       
20200220  _sys_memory                   
UNDEFED   _system_post_cinit            
0000261b  _system_pre_init              
20200608  _unlock                       
00002609  abort                         
00001391  add_device                    
0000127d  aligned_alloc                 
ffffffff  binit                         
00001ce1  check                         
00001fe1  close                         
00002289  exit                          
000022bd  finddevice                    
00002359  fopen                         
00001565  free                          
000022f1  freopen                       
00001d4d  getdevice                     
00000000  interruptVectors              
000000c1  main                          
000025d5  malloc                        
0000127d  memalign                      
0000172d  open                          
20200200  parmbuf                       
00002601  remove                        
0000164d  setvbuf                       
00001901  strcmp                        
000025ed  uart_close                    
000025a1  uart_lseek                    
0000251f  uart_open                     
000024a5  uart_read                     
000025e1  uart_rename                   
000025f7  uart_unlink                   
00002325  uart_write                    
000023b5  unlink                        
00002409  write                         


GLOBAL SYMBOLS: SORTED BY Symbol Address 

address   name                          
-------   ----                          
00000000  __TI_ATRegion0_region_sz      
00000000  __TI_ATRegion0_src_addr       
00000000  __TI_ATRegion0_trg_addr       
00000000  __TI_ATRegion1_region_sz      
00000000  __TI_ATRegion1_src_addr       
00000000  __TI_ATRegion1_trg_addr       
00000000  __TI_ATRegion2_region_sz      
00000000  __TI_ATRegion2_src_addr       
00000000  __TI_ATRegion2_trg_addr       
00000000  __TI_static_base__            
00000000  interruptVectors              
000000c1  main                          
00000200  __STACK_SIZE                  
00000200  __SYSMEM_SIZE                 
00000dcd  Clock_Init80MHz               
00000f81  PrintPills                    
0000127d  aligned_alloc                 
0000127d  memalign                      
00001391  add_device                    
0000147d  UART_Init                     
00001565  free                          
0000164d  setvbuf                       
0000172d  open                          
000017cd  WeekCheck                     
00001865  UART_InitPrintf               
000018f9  __aeabi_memcpy                
000018f9  __aeabi_memcpy4               
000018f9  __aeabi_memcpy8               
00001901  strcmp                        
00001989  DayCheck                      
00001a0d  LaunchPad_Init                
00001a90  Grandmother_Init              
00001aa2  Grandmother_TakesPill         
00001ad0  Grandmother_NeedsPill         
00001b11  __TI_closefile                
00001b8d  __TI_decompress_lzss          
00001c09  HOSTlseek                     
00001c75  HOSTrename                    
00001ce1  check                         
00001d4d  getdevice                     
00001e1d  CorrectGrandmother_TakesPill  
00001e7d  HOSTopen                      
00001edd  HOSTread                      
00001f35  HOSTwrite                     
00001f8d  __TI_doflush                  
00001fdf  __aeabi_idiv0                 
00001fe1  close                         
00002031  HOSTclose                     
00002079  HOSTunlink                    
000020c1  __aeabi_uidiv                 
000020c1  __aeabi_uidivmod              
00002141  __TI_auto_init_nobinit_nopinit
0000217d  ActivatePortA_B               
000021b5  UART_OutUDec                  
000021eb  _nop                          
000021ed  __TI_cleanup                  
00002221  __TI_readmsg                  
00002255  __TI_writemsg                 
00002281  C$$IO$$                       
00002289  exit                          
000022bd  finddevice                    
000022f1  freopen                       
00002325  uart_write                    
00002359  fopen                         
00002389  UART_OutChar                  
000023b5  unlink                        
00002409  write                         
00002431  _c_int00_noargs               
00002459  UART_OutSDec                  
0000247f  UART_OutString                
000024a5  uart_read                     
000024cd  UART_InChar                   
00002509  __TI_zero_init_nomemset       
0000251f  uart_open                     
00002533  TI_memcpy_small               
00002545  __TI_decompress_none          
00002557  Clock_Delay                   
00002567  UART_OutCRLF                  
000025a1  uart_lseek                    
000025af  TI_memset_small               
000025bd  Clock_Freq                    
000025c9  __aeabi_memclr                
000025c9  __aeabi_memclr4               
000025c9  __aeabi_memclr8               
000025d5  malloc                        
000025e1  uart_rename                   
000025ed  uart_close                    
000025f7  uart_unlink                   
00002601  remove                        
00002609  abort                         
0000260f  ADC0_IRQHandler               
0000260f  ADC1_IRQHandler               
0000260f  AES_IRQHandler                
0000260f  CANFD0_IRQHandler             
0000260f  DAC0_IRQHandler               
0000260f  DMA_IRQHandler                
0000260f  Default_Handler               
0000260f  GROUP0_IRQHandler             
0000260f  GROUP1_IRQHandler             
0000260f  HardFault_Handler             
0000260f  I2C0_IRQHandler               
0000260f  I2C1_IRQHandler               
0000260f  NMI_Handler                   
0000260f  PendSV_Handler                
0000260f  RTC_IRQHandler                
0000260f  SPI0_IRQHandler               
0000260f  SPI1_IRQHandler               
0000260f  SVC_Handler                   
0000260f  SysTick_Handler               
0000260f  TIMA0_IRQHandler              
0000260f  TIMA1_IRQHandler              
0000260f  TIMG0_IRQHandler              
0000260f  TIMG12_IRQHandler             
0000260f  TIMG6_IRQHandler              
0000260f  TIMG7_IRQHandler              
0000260f  TIMG8_IRQHandler              
0000260f  UART0_IRQHandler              
0000260f  UART1_IRQHandler              
0000260f  UART2_IRQHandler              
0000260f  UART3_IRQHandler              
00002612  C$$EXIT                       
00002613  HOSTexit                      
00002617  Reset_Handler                 
0000261b  _system_pre_init              
00002edc  Tests5                        
0000314c  Tests4                        
00003210  Ex1Pills                      
00003225  Ex2Pills                      
0000323a  Ex3Pills                      
0000324f  Ex4Pills                      
000032e0  __TI_Handler_Table_Base       
000032ec  __TI_Handler_Table_Limit      
000032f4  __TI_CINIT_Base               
00003304  __TI_CINIT_Limit              
00003304  __TI_CINIT_Warm               
20200000  _CIOBUF_                      
20200000  __CIOBUF_                     
20200000  __start___llvm_prf_bits       
20200000  __start___llvm_prf_cnts       
20200000  __stop___llvm_prf_bits        
20200000  __stop___llvm_prf_cnts        
20200120  __TI_tmpnams                  
20200200  parmbuf                       
20200220  _sys_memory                   
20200420  _ftable                       
20200510  _device                       
20200588  _stream                       
202005db  Pills                         
202005f0  KeepOut                       
202005f4  __TI_cleanup_ptr              
202005f8  __TI_dtors_ptr                
202005fc  BusFreq                       
20200600  __TI_ft_end                   
20200604  _lock                         
20200608  _unlock                       
20207e00  __stack                       
20208000  __STACK_END                   
ffffffff  __TI_pprof_out_hndl           
ffffffff  __TI_prof_data_size           
ffffffff  __TI_prof_data_start          
ffffffff  __binit__                     
ffffffff  binit                         
UNDEFED   __mpu_init                    
UNDEFED   _system_post_cinit            

[164 symbols]
