******************************************************************************
            TI ARM Clang Linker PC v4.0.4                      
******************************************************************************
>> Linked Sat Mar 28 21:44:22 2026

OUTPUT FILE NAME:   <ECE319K_Lab7H.out>
ENTRY POINT SYMBOL: "_c_int00_noargs"  address: 0000248d


MEMORY CONFIGURATION

         name            origin    length      used     unused   attr    fill
----------------------  --------  ---------  --------  --------  ----  --------
  FLASH                 00000000   00020000  00002d50  0001d2b0  R  X
  SRAM                  20200000   00008000  00000804  000077fc  RW X
  BCR_CONFIG            41c00000   00000080  00000000  00000080  R   
  BSL_CONFIG            41c00100   00000080  00000000  00000080  R   


SEGMENT ALLOCATION MAP

run origin  load origin   length   init length attrs members
----------  ----------- ---------- ----------- ----- -------
00000000    00000000    00002d50   00002d50    r-x
  00000000    00000000    000000c0   000000c0    r-- .intvecs
  000000c0    000000c0    00002640   00002640    r-x .text
  00002700    00002700    000005b0   000005b0    r-- .rodata
  00002cb0    00002cb0    00000008   00000008    r-- .init_array
  00002cb8    00002cb8    00000098   00000098    r-- .cinit
20200000    20200000    00000605   00000000    rw-
  20200000    20200000    00000207   00000000    rw- .bss
  20200208    20200208    00000200   00000000    rw- .sysmem
  20200408    20200408    000001fd   00000000    rw- .data
20207e00    20207e00    00000200   00000000    rw-
  20207e00    20207e00    00000200   00000000    rw- .stack


SECTION ALLOCATION MAP

 output                                  attributes/
section   page    origin      length       input sections
--------  ----  ----------  ----------   ----------------
.intvecs   0    00000000    000000c0     
                  00000000    000000c0     startup_mspm0g3507_ticlang.o (.intvecs)

.binit     0    00000000    00000000     

.text      0    000000c0    00002640     
                  000000c0    000001b4     Clock.o (.text._Z15Clock_Init80MHzi)
                  00000274    000001a0     ST7735.o (.text._Z16ST7735_DrawCharSsscssh)
                  00000414    00000178     Lab7HMain.o (.text.main)
                  0000058c    00000154     libc.a : fopen.c.obj (.text._openfile)
                  000006e0    00000128     TExaS.o (.text._Z8ADC_InitP10ADC12_Regsjj)
                  00000808    00000118     ST7735.o (.text._Z15ST7735_FillRectsssst)
                  00000920    00000114     libc.a : memory.c.obj (.text.aligned_alloc)
                  00000a34    000000f8     SPI.o (.text._Z8SPI_Initv)
                  00000b2c    000000ec     libsysbm.a : add_device.c.obj (.text.add_device)
                  00000c18    000000e8     TExaS.o (.text._Z9UART_Initv)
                  00000d00    000000e8     libc.a : memory.c.obj (.text.free)
                  00000de8    000000e0            : setvbuf.c.obj (.text.setvbuf)
                  00000ec8    000000d0     ST7735.o (.text._Z14ST7735_OutCharc)
                  00000f98    000000cc     ST7735.o (.text._Z16ST7735_PlotPointi)
                  00001064    000000b0     ST7735.o (.text._Z20ST7735_DrawFastVLinessst)
                  00001114    000000a8     Timer.o (.text._Z14TimerG7_IntArmtjj)
                  000011bc    000000a2     ST7735.o (.text._ZL11commandListPKh)
                  0000125e    00000002     libclang_rt.builtins.a : aeabi_div0.c.obj (.text.__aeabi_idiv0)
                  00001260    000000a0     ST7735.o (.text._Z17ST7735_InitPrintf10initRFlags)
                  00001300    000000a0     libsysbm.a : open.c.obj (.text.open)
                  000013a0    00000098     ST7735.o (.text._Z12ST7735_InitR10initRFlags)
                  00001438    00000094     Timer.o (.text._Z15TimerG12_IntArmjj)
                  000014cc    00000088     ST7735.o (.text._ZL13setAddrWindowhhhh)
                  00001554    0000000c     Clock.o (.text._Z10Clock_Freqv)
                  00001560    00000088     libc.a : strcmp-armv6m.S.obj (.text:strcmp)
                  000015e8    00000084     ST7735.o (.text._Z17ST7735_DrawStringttPcs)
                  0000166c    0000007e     Lab7HMain.o (.text._Z6OutFixj)
                  000016ea    00000002     libc.a : _lock.c.obj (.text._nop)
                  000016ec    0000007c     LaunchPad.o (.text._Z14LaunchPad_Initv)
                  00001768    0000007c     SlidePot.o (.text._ZN8SlidePot4InitEv)
                  000017e4    0000007c     libc.a : fclose.c.obj (.text.__TI_closefile)
                  00001860    0000007c            : copy_decompress_lzss.c.obj (.text:decompress:lzss)
                  000018dc    00000074     ST7735.o (.text._Z16ST7735_PlotClearii)
                  00001950    00000070     ST7735.o (.text._Z16ST7735_DrawPixelsst)
                  000019c0    0000006c     libsysbm.a : hostlseek.c.obj (.text.HOSTlseek)
                  00001a2c    0000006c                : hostrename.c.obj (.text.HOSTrename)
                  00001a98    0000006c     libc.a : getdevice.c.obj (.text.getdevice)
                  00001b04    00000064            : memory.c.obj (.text.split)
                  00001b68    00000060     libsysbm.a : hostopen.c.obj (.text.HOSTopen)
                  00001bc8    0000005c     Lab7HMain.o (.text.TIMG12_IRQHandler)
                  00001c24    00000058     libsysbm.a : hostread.c.obj (.text.HOSTread)
                  00001c7c    00000058                : hostwrite.c.obj (.text.HOSTwrite)
                  00001cd4    00000058     TExaS.o (.text._Z10TExaS_InitP10ADC12_RegsjPFhvE)
                  00001d2c    00000056     libclang_rt.builtins.a : aeabi_idivmod.S.obj (.text.__aeabi_idivmod)
                  00001d82    00000002     --HOLE-- [fill = 0]
                  00001d84    00000054     libc.a : autoinit.c.obj (.text:__TI_auto_init_nobinit)
                  00001dd8    00000052            : fflush.c.obj (.text.__TI_doflush)
                  00001e2a    00000002     --HOLE-- [fill = 0]
                  00001e2c    00000050     libsysbm.a : close.c.obj (.text.close)
                  00001e7c    00000048                : hostclose.c.obj (.text.HOSTclose)
                  00001ec4    00000048                : hostunlink.c.obj (.text.HOSTunlink)
                  00001f0c    00000048     SPI.o (.text._Z14SPI_OutCommandc)
                  00001f54    00000048     ST7735.o (.text._Z20ST7735_PlotNextErasev)
                  00001f9c    00000048     SlidePot.o (.text._ZN8SlidePot2InEv)
                  00001fe4    00000040     TExaS.o (.text.TIMG7_IRQHandler)
                  00002024    00000040     SPI.o (.text._Z9SPI_Resetv)
                  00002064    00000040     libclang_rt.builtins.a : aeabi_uidivmod.S.obj (.text.__aeabi_uidivmod)
                  000020a4    00000040     libc.a : fopen.c.obj (.text._search_fp)
                  000020e4    00000038     SPI.o (.text._Z11SPI_OutDatac)
                  0000211c    00000038     LaunchPad.o (.text._Z15ActivatePortA_Bv)
                  00002154    00000034     ST7735.o (.text._Z12ST7735_writeiPKcj)
                  00002188    00000034     Clock.o (.text._Z14Clock_Delay1msj)
                  000021bc    00000034     ST7735.o (.text._Z16ST7735_SetCursorjj)
                  000021f0    00000034     libc.a : fopen.c.obj (.text.__TI_cleanup)
                  00002224    00000034     libsysbm.a : trgmsg.c.obj (.text.__TI_readmsg)
                  00002258    00000034                : trgmsg.c.obj (.text.__TI_writemsg)
                  0000228c    00000034     libc.a : exit.c.obj (.text.exit)
                  000022c0    00000034            : getdevice.c.obj (.text.finddevice)
                  000022f4    00000034            : fopen.c.obj (.text.freopen)
                  00002328    00000032     ST7735.o (.text._Z15ST7735_Color565hhh)
                  0000235a    00000002     --HOLE-- [fill = 0]
                  0000235c    00000030     ST7735.o (.text._ZL10commonInitPKh)
                  0000238c    00000030     libc.a : fopen.c.obj (.text.fopen)
                  000023bc    0000002c     ST7735.o (.text._Z17ST7735_FillScreent)
                  000023e8    0000002c     libsysbm.a : unlink.c.obj (.text.unlink)
                  00002414    00000028     TExaS.o (.text._Z9ADC_StartP10ADC12_Regs)
                  0000243c    00000028     libc.a : memory.c.obj (.text.free_list_insert)
                  00002464    00000028     libsysbm.a : write.c.obj (.text.write)
                  0000248c    00000028     libc.a : boot_cortex_m.c.obj (.text:_c_int00_noargs)
                  000024b4    00000020     SlidePot.o (.text._ZN8SlidePot4SyncEv)
                  000024d4    0000001e     ST7735.o (.text._ZL9pushColort)
                  000024f2    0000001e     SlidePot.o (.text._ZN8SlidePotC2Ejj)
                  00002510    0000001c     startup_mspm0g3507_ticlang.o (.text.Default_Handler)
                  0000252c    0000001c     startup_mspm0g3507_ticlang.o (.text.HardFault_Handler)
                  00002548    0000001c     SlidePot.o (.text._ZN8SlidePot8DistanceEv)
                  00002564    0000001c     libc.a : memory.c.obj (.text.free_list_remove)
                  00002580    00000018     SlidePot.o (.text._ZN8SlidePot7ConvertEj)
                  00002598    00000016     ST7735.o (.text._Z11ST7735_openPKcji)
                  000025ae    00000016     ST7735.o (.text._Z11ST7735_readiPcj)
                  000025c4    00000016     libc.a : copy_zero_init.c.obj (.text:decompress:ZI:__TI_zero_init_nomemset)
                  000025da    00000014     SlidePot.o (.text._ZN8SlidePot4SaveEj)
                  000025ee    00000002     --HOLE-- [fill = 0]
                  000025f0    00000014     Lab7HMain.o (.text.__cxx_global_var_init)
                  00002604    00000012     libc.a : memcpy16.S.obj (.text:TI_memcpy_small)
                  00002616    00000012            : copy_decompress_none.c.obj (.text:decompress:none)
                  00002628    00000010     Clock.o (.text._Z11Clock_Delayj)
                  00002638    00000010     Lab7HMain.o (.text._Z28TExaS_LaunchPadLogicPB27PB26v)
                  00002648    0000000e     libc.a : memory.c.obj (.text.OUTLINED_FUNCTION_0)
                  00002656    0000000e     ST7735.o (.text._Z12ST7735_lseekili)
                  00002664    0000000e     libsysbm.a : hostrename.c.obj (.text.strcpy)
                  00002672    0000000e                : hostrename.c.obj (.text.strlen)
                  00002680    0000000e     libc.a : memset16.S.obj (.text:TI_memset_small)
                  0000268e    0000000c     ST7735.o (.text._Z13ST7735_renamePKcS0_)
                  0000269a    00000002     --HOLE-- [fill = 0]
                  0000269c    0000000c     libclang_rt.builtins.a : aeabi_memset.S.obj (.text.__aeabi_memclr)
                  000026a8    0000000c     libc.a : memory.c.obj (.text.malloc)
                  000026b4    0000000a     ST7735.o (.text._Z12ST7735_closei)
                  000026be    0000000a     ST7735.o (.text._Z13ST7735_unlinkPKc)
                  000026c8    0000000a     Lab7HMain.o (.text._Z8PLL_Initv)
                  000026d2    00000008     Lab7HMain.o (.text._GLOBAL__sub_I_Lab7HMain.cpp)
                  000026da    00000002     --HOLE-- [fill = 0]
                  000026dc    00000008     libclang_rt.builtins.a : aeabi_memcpy.S.obj (.text.__aeabi_memcpy)
                  000026e4    00000008     libsysbm.a : remove.c.obj (.text.remove)
                  000026ec    00000006     libc.a : exit.c.obj (.text:abort)
                  000026f2    00000004     libsysbm.a : hostexit.c.obj (.text.HOSTexit)
                  000026f6    00000004     startup_mspm0g3507_ticlang.o (.text.Reset_Handler)
                  000026fa    00000004     libc.a : pre_init.c.obj (.text._system_pre_init)
                  000026fe    00000002     --HOLE-- [fill = 0]

.cinit     0    00002cb8    00000098     
                  00002cb8    0000006d     (.cinit..data.load) [load image, compression = lzss]
                  00002d25    00000003     --HOLE-- [fill = 0]
                  00002d28    0000000c     (__TI_handler_table)
                  00002d34    00000008     (.cinit..bss.load) [load image, compression = zero_init]
                  00002d3c    00000010     (__TI_cinit_table)
                  00002d4c    00000004     --HOLE-- [fill = 0]

.rodata    0    00002700    000005b0     
                  00002700    000004fb     ST7735.o (.rodata._ZL4Font)
                  00002bfb    0000003b     ST7735.o (.rodata._ZL5Rcmd1)
                  00002c36    0000002b     ST7735.o (.rodata._ZL5Rcmd3)
                  00002c61    00000016     ST7735.o (.rodata.str1.14736978382213673245.1)
                  00002c77    0000000d     ST7735.o (.rodata._ZL10Rcmd2green)
                  00002c84    0000000d     ST7735.o (.rodata._ZL8Rcmd2red)
                  00002c91    00000008     ST7735.o (.rodata.str1.7209918599617305731.1)
                  00002c99    00000007     ST7735.o (.rodata.str1.10208736415454880443.1)
                  00002ca0    00000007     ST7735.o (.rodata.str1.8723687351022562626.1)
                  00002ca7    00000002     ST7735.o (.rodata.str1.18358205720993799461.1)
                  00002ca9    00000007     --HOLE-- [fill = 0]

.init_array 
*          0    00002cb0    00000008     
                  00002cb0    00000004     Lab7HMain.o (.init_array)
                  00002cb4    00000004     --HOLE-- [fill = 0]

.bss       0    20200000    00000207     UNINITIALIZED
                  20200000    00000120     libsysbm.a : trgmsg.c.obj (.bss:_CIOBUF_)
                  20200120    000000a0     libc.a : defs.c.obj (.bss.__TI_tmpnams)
                  202001c0    00000008     libsysbm.a : hostopen.c.obj (.bss.parmbuf)
                  202001c8    00000004     Lab7HMain.o (.bss.Data)
                  202001cc    00000004     Lab7HMain.o (.bss.Offset)
                  202001d0    00000004     Lab7HMain.o (.bss.OutFixtime)
                  202001d4    00000004     Lab7HMain.o (.bss.PlotTime)
                  202001d8    00000004     Lab7HMain.o (.bss.Position)
                  202001dc    00000004     TExaS.o (.bss.TExaSLogic)
                  202001e0    00000004     TExaS.o (.bss.TExaSadc)
                  202001e4    00000004     Lab7HMain.o (.bss.Time)
                  202001e8    00000004     ST7735.o (.bss.X)
                  202001ec    00000004     ST7735.o (.bss.Ymax)
                  202001f0    00000004     ST7735.o (.bss.Ymin)
                  202001f4    00000004     ST7735.o (.bss.Yrange)
                  202001f8    00000004     Lab7HMain.o (.bss.startTime)
                  202001fc    00000004     Lab7HMain.o (.bss.stopTime)
                  20200200    00000004     libc.a : memory.c.obj (.bss.sys_free)
                  20200204    00000001     ST7735.o (.bss._ZL8ColStart)
                  20200205    00000001     ST7735.o (.bss._ZL8RowStart)
                  20200206    00000001     ST7735.o (.bss._ZL8TabColor)

.sysmem    0    20200208    00000200     UNINITIALIZED
                  20200208    00000010     libc.a : memory.c.obj (.sysmem)
                  20200218    000001f0     --HOLE--

.data      0    20200408    000001fd     UNINITIALIZED
                  20200408    000000f0     libc.a : defs.c.obj (.data._ftable)
                  202004f8    00000078     libsysbm.a : host_device.c.obj (.data._device)
                  20200570    00000050                : host_device.c.obj (.data._stream)
                  202005c0    00000014     Lab7HMain.o (.data.Sensor)
                  202005d4    00000008     libc.a : exit.c.obj (.data..L_MergedGlobals)
                  202005dc    00000004     Clock.o (.data.BusFreq)
                  202005e0    00000004     ST7735.o (.data.StX)
                  202005e4    00000004     ST7735.o (.data.StY)
                  202005e8    00000004     libc.a : defs.c.obj (.data.__TI_ft_end)
                  202005ec    00000004            : _lock.c.obj (.data._lock)
                  202005f0    00000004            : _lock.c.obj (.data._unlock)
                  202005f4    00000002     ST7735.o (.data.StTextColor)
                  202005f6    00000002     ST7735.o (.data._ZL6_width)
                  202005f8    00000002     ST7735.o (.data._ZL7_height)
                  202005fa    00000002     --HOLE--
                  202005fc    00000001     libsysbm.a : add_device.c.obj (.data.add_device.device_init)
                  202005fd    00000003     --HOLE--
                  20200600    00000001     libc.a : memory.c.obj (.data.memory_is_initialized)
                  20200601    00000003     --HOLE--
                  20200604    00000001     libsysbm.a : open.c.obj (.data.open.stream_init)

.stack     0    20207e00    00000200     UNINITIALIZED
                  20207e00    00000004     libc.a : boot_cortex_m.c.obj (.stack)
                  20207e04    000001fc     --HOLE--

__llvm_prf_cnts 
*          0    20200000    00000000     UNINITIALIZED

__llvm_prf_bits 
*          0    20200000    00000000     UNINITIALIZED

MODULE SUMMARY

       Module                         code   ro data   rw data
       ------                         ----   -------   -------
    .\
       ST7735.o                       2692   1449      33     
       TExaS.o                        720    0         8      
       Lab7HMain.o                    648    4         52     
       Clock.o                        516    0         4      
       SPI.o                          440    0         0      
       SlidePot.o                     330    0         0      
       Timer.o                        316    0         0      
       LaunchPad.o                    180    0         0      
    +--+------------------------------+------+---------+---------+
       Total:                         5842   1453      97     
                                                              
    .\ticlang\
       startup_mspm0g3507_ticlang.o   60     192       0      
    +--+------------------------------+------+---------+---------+
       Total:                         60     192       0      
                                                              
    C:\ti\ccs2040\ccs\tools\compiler\ti-cgt-armllvm_4.0.4.LTS\lib\armv6m-ti-none-eabi/c/libc.a
       memory.c.obj                   702    0         5      
       fopen.c.obj                    556    0         0      
       defs.c.obj                     0      0         404    
       setvbuf.c.obj                  224    0         0      
       getdevice.c.obj                160    0         0      
       strcmp-armv6m.S.obj            136    0         0      
       copy_decompress_lzss.c.obj     124    0         0      
       fclose.c.obj                   124    0         0      
       autoinit.c.obj                 84     0         0      
       fflush.c.obj                   82     0         0      
       exit.c.obj                     58     0         8      
       boot_cortex_m.c.obj            40     0         0      
       copy_zero_init.c.obj           22     0         0      
       copy_decompress_none.c.obj     18     0         0      
       memcpy16.S.obj                 18     0         0      
       memset16.S.obj                 14     0         0      
       _lock.c.obj                    2      0         8      
       pre_init.c.obj                 4      0         0      
    +--+------------------------------+------+---------+---------+
       Total:                         2368   0         425    
                                                              
    C:\ti\ccs2040\ccs\tools\compiler\ti-cgt-armllvm_4.0.4.LTS\lib\armv6m-ti-none-eabi/c/libsysbm.a
       trgmsg.c.obj                   104    0         288    
       add_device.c.obj               236    0         1      
       host_device.c.obj              0      0         200    
       open.c.obj                     160    0         1      
       hostrename.c.obj               136    0         0      
       hostlseek.c.obj                108    0         0      
       hostopen.c.obj                 96     0         8      
       hostread.c.obj                 88     0         0      
       hostwrite.c.obj                88     0         0      
       close.c.obj                    80     0         0      
       hostclose.c.obj                72     0         0      
       hostunlink.c.obj               72     0         0      
       unlink.c.obj                   44     0         0      
       write.c.obj                    40     0         0      
       remove.c.obj                   8      0         0      
       hostexit.c.obj                 4      0         0      
    +--+------------------------------+------+---------+---------+
       Total:                         1336   0         498    
                                                              
    C:\ti\ccs2040\ccs\tools\compiler\ti-cgt-armllvm_4.0.4.LTS\lib\armv6m-ti-none-eabi/libclang_rt.builtins.a
       aeabi_idivmod.S.obj            86     0         0      
       aeabi_uidivmod.S.obj           64     0         0      
       aeabi_memset.S.obj             12     0         0      
       aeabi_memcpy.S.obj             8      0         0      
       aeabi_div0.c.obj               2      0         0      
    +--+------------------------------+------+---------+---------+
       Total:                         172    0         0      
                                                              
       Heap:                          0      0         512    
       Stack:                         0      0         512    
       Linker Generated:              0      145       0      
    +--+------------------------------+------+---------+---------+
       Grand Total:                   9778   1790      2044   


LINKER GENERATED COPY TABLES

__TI_cinit_table @ 00002d3c records: 2, size/record: 8, table size: 16
	.data: load addr=00002cb8, load size=0000006d bytes, run addr=20200408, run size=000001fd bytes, compression=lzss
	.bss: load addr=00002d34, load size=00000008 bytes, run addr=20200000, run size=00000207 bytes, compression=zero_init


LINKER GENERATED HANDLER TABLE

__TI_handler_table @ 00002d28 records: 3, size/record: 4, table size: 12
	index: 0, handler: __TI_decompress_lzss
	index: 1, handler: __TI_decompress_none
	index: 2, handler: __TI_zero_init


GLOBAL SYMBOLS: SORTED ALPHABETICALLY BY Name 

address   name                             
-------   ----                             
00002511  ADC0_IRQHandler                  
00002511  ADC1_IRQHandler                  
00002511  AES_IRQHandler                   
202005dc  BusFreq                          
000026f2  C$$EXIT                          
00002285  C$$IO$$                          
00002511  CANFD0_IRQHandler                
00002511  DAC0_IRQHandler                  
00002511  DMA_IRQHandler                   
202001c8  Data                             
00002511  Default_Handler                  
00002511  GROUP0_IRQHandler                
00002511  GROUP1_IRQHandler                
00001e7d  HOSTclose                        
000026f3  HOSTexit                         
000019c1  HOSTlseek                        
00001b69  HOSTopen                         
00001c25  HOSTread                         
00001a2d  HOSTrename                       
00001ec5  HOSTunlink                       
00001c7d  HOSTwrite                        
0000252d  HardFault_Handler                
00002511  I2C0_IRQHandler                  
00002511  I2C1_IRQHandler                  
00002511  NMI_Handler                      
202001cc  Offset                           
202001d0  OutFixtime                       
00002511  PendSV_Handler                   
202001d4  PlotTime                         
202001d8  Position                         
00002511  RTC_IRQHandler                   
000026f7  Reset_Handler                    
00002cb0  SHT$$INIT_ARRAY$$Base            
00002cb4  SHT$$INIT_ARRAY$$Limit           
00002511  SPI0_IRQHandler                  
00002511  SPI1_IRQHandler                  
00002511  SVC_Handler                      
202005c0  Sensor                           
202005f4  StTextColor                      
202005e0  StX                              
202005e4  StY                              
00002511  SysTick_Handler                  
202001dc  TExaSLogic                       
202001e0  TExaSadc                         
00002511  TIMA0_IRQHandler                 
00002511  TIMA1_IRQHandler                 
00002511  TIMG0_IRQHandler                 
00001bc9  TIMG12_IRQHandler                
00002511  TIMG6_IRQHandler                 
00001fe5  TIMG7_IRQHandler                 
00002511  TIMG8_IRQHandler                 
00002605  TI_memcpy_small                  
00002681  TI_memset_small                  
202001e4  Time                             
00002511  UART0_IRQHandler                 
00002511  UART1_IRQHandler                 
00002511  UART2_IRQHandler                 
00002511  UART3_IRQHandler                 
202001e8  X                                
202001ec  Ymax                             
202001f0  Ymin                             
202001f4  Yrange                           
20200000  _CIOBUF_                         
00001555  _Z10Clock_Freqv                  
00001cd5  _Z10TExaS_InitP10ADC12_RegsjPFhvE
00002629  _Z11Clock_Delayj                 
000020e5  _Z11SPI_OutDatac                 
00002599  _Z11ST7735_openPKcji             
000025af  _Z11ST7735_readiPcj              
000013a1  _Z12ST7735_InitR10initRFlags     
000026b5  _Z12ST7735_closei                
00002657  _Z12ST7735_lseekili              
00002155  _Z12ST7735_writeiPKcj            
0000268f  _Z13ST7735_renamePKcS0_          
000026bf  _Z13ST7735_unlinkPKc             
00002189  _Z14Clock_Delay1msj              
000016ed  _Z14LaunchPad_Initv              
00001f0d  _Z14SPI_OutCommandc              
00000ec9  _Z14ST7735_OutCharc              
00001115  _Z14TimerG7_IntArmtjj            
0000211d  _Z15ActivatePortA_Bv             
000000c1  _Z15Clock_Init80MHzi             
00002329  _Z15ST7735_Color565hhh           
00000809  _Z15ST7735_FillRectsssst         
00001439  _Z15TimerG12_IntArmjj            
00000275  _Z16ST7735_DrawCharSsscssh       
00001951  _Z16ST7735_DrawPixelsst          
000018dd  _Z16ST7735_PlotClearii           
00000f99  _Z16ST7735_PlotPointi            
000021bd  _Z16ST7735_SetCursorjj           
000015e9  _Z17ST7735_DrawStringttPcs       
000023bd  _Z17ST7735_FillScreent           
00001261  _Z17ST7735_InitPrintf10initRFlags
00001065  _Z20ST7735_DrawFastVLinessst     
00001f55  _Z20ST7735_PlotNextErasev        
00002639  _Z28TExaS_LaunchPadLogicPB27PB26v
0000166d  _Z6OutFixj                       
000006e1  _Z8ADC_InitP10ADC12_Regsjj       
000026c9  _Z8PLL_Initv                     
00000a35  _Z8SPI_Initv                     
00002415  _Z9ADC_StartP10ADC12_Regs        
00002025  _Z9SPI_Resetv                    
00000c19  _Z9UART_Initv                    
00001f9d  _ZN8SlidePot2InEv                
00001769  _ZN8SlidePot4InitEv              
000025db  _ZN8SlidePot4SaveEj              
000024b5  _ZN8SlidePot4SyncEv              
00002581  _ZN8SlidePot7ConvertEj           
00002549  _ZN8SlidePot8DistanceEv          
000024f3  _ZN8SlidePotC1Ejj                
000024f3  _ZN8SlidePotC2Ejj                
20200000  __CIOBUF_                        
20208000  __STACK_END                      
00000200  __STACK_SIZE                     
00000200  __SYSMEM_SIZE                    
00000000  __TI_ATRegion0_region_sz         
00000000  __TI_ATRegion0_src_addr          
00000000  __TI_ATRegion0_trg_addr          
00000000  __TI_ATRegion1_region_sz         
00000000  __TI_ATRegion1_src_addr          
00000000  __TI_ATRegion1_trg_addr          
00000000  __TI_ATRegion2_region_sz         
00000000  __TI_ATRegion2_src_addr          
00000000  __TI_ATRegion2_trg_addr          
00002d3c  __TI_CINIT_Base                  
00002d4c  __TI_CINIT_Limit                 
00002d4c  __TI_CINIT_Warm                  
00002d28  __TI_Handler_Table_Base          
00002d34  __TI_Handler_Table_Limit         
00001d85  __TI_auto_init_nobinit           
000021f1  __TI_cleanup                     
202005d4  __TI_cleanup_ptr                 
000017e5  __TI_closefile                   
00001861  __TI_decompress_lzss             
00002617  __TI_decompress_none             
00001dd9  __TI_doflush                     
202005d8  __TI_dtors_ptr                   
202005e8  __TI_ft_end                      
ffffffff  __TI_pprof_out_hndl              
ffffffff  __TI_prof_data_size              
ffffffff  __TI_prof_data_start             
00002225  __TI_readmsg                     
00000000  __TI_static_base__               
20200120  __TI_tmpnams                     
00002259  __TI_writemsg                    
000025c5  __TI_zero_init_nomemset          
00001d2d  __aeabi_idiv                     
0000125f  __aeabi_idiv0                    
00001d2d  __aeabi_idivmod                  
0000269d  __aeabi_memclr                   
0000269d  __aeabi_memclr4                  
0000269d  __aeabi_memclr8                  
000026dd  __aeabi_memcpy                   
000026dd  __aeabi_memcpy4                  
000026dd  __aeabi_memcpy8                  
00002065  __aeabi_uidiv                    
00002065  __aeabi_uidivmod                 
ffffffff  __binit__                        
UNDEFED   __mpu_init                       
20207e00  __stack                          
20200000  __start___llvm_prf_bits          
20200000  __start___llvm_prf_cnts          
20200000  __stop___llvm_prf_bits           
20200000  __stop___llvm_prf_cnts           
0000248d  _c_int00_noargs                  
202004f8  _device                          
20200408  _ftable                          
202005ec  _lock                            
000016eb  _nop                             
20200570  _stream                          
20200208  _sys_memory                      
UNDEFED   _system_post_cinit               
000026fb  _system_pre_init                 
202005f0  _unlock                          
000026ed  abort                            
00000b2d  add_device                       
00000921  aligned_alloc                    
ffffffff  binit                            
00001e2d  close                            
0000228d  exit                             
000022c1  finddevice                       
0000238d  fopen                            
00000d01  free                             
000022f5  freopen                          
00001a99  getdevice                        
00000000  interruptVectors                 
00000415  main                             
000026a9  malloc                           
00000921  memalign                         
00001301  open                             
202001c0  parmbuf                          
000026e5  remove                           
00000de9  setvbuf                          
202001f8  startTime                        
202001fc  stopTime                         
00001561  strcmp                           
000023e9  unlink                           
00002465  write                            


GLOBAL SYMBOLS: SORTED BY Symbol Address 

address   name                             
-------   ----                             
00000000  __TI_ATRegion0_region_sz         
00000000  __TI_ATRegion0_src_addr          
00000000  __TI_ATRegion0_trg_addr          
00000000  __TI_ATRegion1_region_sz         
00000000  __TI_ATRegion1_src_addr          
00000000  __TI_ATRegion1_trg_addr          
00000000  __TI_ATRegion2_region_sz         
00000000  __TI_ATRegion2_src_addr          
00000000  __TI_ATRegion2_trg_addr          
00000000  __TI_static_base__               
00000000  interruptVectors                 
000000c1  _Z15Clock_Init80MHzi             
00000200  __STACK_SIZE                     
00000200  __SYSMEM_SIZE                    
00000275  _Z16ST7735_DrawCharSsscssh       
00000415  main                             
000006e1  _Z8ADC_InitP10ADC12_Regsjj       
00000809  _Z15ST7735_FillRectsssst         
00000921  aligned_alloc                    
00000921  memalign                         
00000a35  _Z8SPI_Initv                     
00000b2d  add_device                       
00000c19  _Z9UART_Initv                    
00000d01  free                             
00000de9  setvbuf                          
00000ec9  _Z14ST7735_OutCharc              
00000f99  _Z16ST7735_PlotPointi            
00001065  _Z20ST7735_DrawFastVLinessst     
00001115  _Z14TimerG7_IntArmtjj            
0000125f  __aeabi_idiv0                    
00001261  _Z17ST7735_InitPrintf10initRFlags
00001301  open                             
000013a1  _Z12ST7735_InitR10initRFlags     
00001439  _Z15TimerG12_IntArmjj            
00001555  _Z10Clock_Freqv                  
00001561  strcmp                           
000015e9  _Z17ST7735_DrawStringttPcs       
0000166d  _Z6OutFixj                       
000016eb  _nop                             
000016ed  _Z14LaunchPad_Initv              
00001769  _ZN8SlidePot4InitEv              
000017e5  __TI_closefile                   
00001861  __TI_decompress_lzss             
000018dd  _Z16ST7735_PlotClearii           
00001951  _Z16ST7735_DrawPixelsst          
000019c1  HOSTlseek                        
00001a2d  HOSTrename                       
00001a99  getdevice                        
00001b69  HOSTopen                         
00001bc9  TIMG12_IRQHandler                
00001c25  HOSTread                         
00001c7d  HOSTwrite                        
00001cd5  _Z10TExaS_InitP10ADC12_RegsjPFhvE
00001d2d  __aeabi_idiv                     
00001d2d  __aeabi_idivmod                  
00001d85  __TI_auto_init_nobinit           
00001dd9  __TI_doflush                     
00001e2d  close                            
00001e7d  HOSTclose                        
00001ec5  HOSTunlink                       
00001f0d  _Z14SPI_OutCommandc              
00001f55  _Z20ST7735_PlotNextErasev        
00001f9d  _ZN8SlidePot2InEv                
00001fe5  TIMG7_IRQHandler                 
00002025  _Z9SPI_Resetv                    
00002065  __aeabi_uidiv                    
00002065  __aeabi_uidivmod                 
000020e5  _Z11SPI_OutDatac                 
0000211d  _Z15ActivatePortA_Bv             
00002155  _Z12ST7735_writeiPKcj            
00002189  _Z14Clock_Delay1msj              
000021bd  _Z16ST7735_SetCursorjj           
000021f1  __TI_cleanup                     
00002225  __TI_readmsg                     
00002259  __TI_writemsg                    
00002285  C$$IO$$                          
0000228d  exit                             
000022c1  finddevice                       
000022f5  freopen                          
00002329  _Z15ST7735_Color565hhh           
0000238d  fopen                            
000023bd  _Z17ST7735_FillScreent           
000023e9  unlink                           
00002415  _Z9ADC_StartP10ADC12_Regs        
00002465  write                            
0000248d  _c_int00_noargs                  
000024b5  _ZN8SlidePot4SyncEv              
000024f3  _ZN8SlidePotC1Ejj                
000024f3  _ZN8SlidePotC2Ejj                
00002511  ADC0_IRQHandler                  
00002511  ADC1_IRQHandler                  
00002511  AES_IRQHandler                   
00002511  CANFD0_IRQHandler                
00002511  DAC0_IRQHandler                  
00002511  DMA_IRQHandler                   
00002511  Default_Handler                  
00002511  GROUP0_IRQHandler                
00002511  GROUP1_IRQHandler                
00002511  I2C0_IRQHandler                  
00002511  I2C1_IRQHandler                  
00002511  NMI_Handler                      
00002511  PendSV_Handler                   
00002511  RTC_IRQHandler                   
00002511  SPI0_IRQHandler                  
00002511  SPI1_IRQHandler                  
00002511  SVC_Handler                      
00002511  SysTick_Handler                  
00002511  TIMA0_IRQHandler                 
00002511  TIMA1_IRQHandler                 
00002511  TIMG0_IRQHandler                 
00002511  TIMG6_IRQHandler                 
00002511  TIMG8_IRQHandler                 
00002511  UART0_IRQHandler                 
00002511  UART1_IRQHandler                 
00002511  UART2_IRQHandler                 
00002511  UART3_IRQHandler                 
0000252d  HardFault_Handler                
00002549  _ZN8SlidePot8DistanceEv          
00002581  _ZN8SlidePot7ConvertEj           
00002599  _Z11ST7735_openPKcji             
000025af  _Z11ST7735_readiPcj              
000025c5  __TI_zero_init_nomemset          
000025db  _ZN8SlidePot4SaveEj              
00002605  TI_memcpy_small                  
00002617  __TI_decompress_none             
00002629  _Z11Clock_Delayj                 
00002639  _Z28TExaS_LaunchPadLogicPB27PB26v
00002657  _Z12ST7735_lseekili              
00002681  TI_memset_small                  
0000268f  _Z13ST7735_renamePKcS0_          
0000269d  __aeabi_memclr                   
0000269d  __aeabi_memclr4                  
0000269d  __aeabi_memclr8                  
000026a9  malloc                           
000026b5  _Z12ST7735_closei                
000026bf  _Z13ST7735_unlinkPKc             
000026c9  _Z8PLL_Initv                     
000026dd  __aeabi_memcpy                   
000026dd  __aeabi_memcpy4                  
000026dd  __aeabi_memcpy8                  
000026e5  remove                           
000026ed  abort                            
000026f2  C$$EXIT                          
000026f3  HOSTexit                         
000026f7  Reset_Handler                    
000026fb  _system_pre_init                 
00002cb0  SHT$$INIT_ARRAY$$Base            
00002cb4  SHT$$INIT_ARRAY$$Limit           
00002d28  __TI_Handler_Table_Base          
00002d34  __TI_Handler_Table_Limit         
00002d3c  __TI_CINIT_Base                  
00002d4c  __TI_CINIT_Limit                 
00002d4c  __TI_CINIT_Warm                  
20200000  _CIOBUF_                         
20200000  __CIOBUF_                        
20200000  __start___llvm_prf_bits          
20200000  __start___llvm_prf_cnts          
20200000  __stop___llvm_prf_bits           
20200000  __stop___llvm_prf_cnts           
20200120  __TI_tmpnams                     
202001c0  parmbuf                          
202001c8  Data                             
202001cc  Offset                           
202001d0  OutFixtime                       
202001d4  PlotTime                         
202001d8  Position                         
202001dc  TExaSLogic                       
202001e0  TExaSadc                         
202001e4  Time                             
202001e8  X                                
202001ec  Ymax                             
202001f0  Ymin                             
202001f4  Yrange                           
202001f8  startTime                        
202001fc  stopTime                         
20200208  _sys_memory                      
20200408  _ftable                          
202004f8  _device                          
20200570  _stream                          
202005c0  Sensor                           
202005d4  __TI_cleanup_ptr                 
202005d8  __TI_dtors_ptr                   
202005dc  BusFreq                          
202005e0  StX                              
202005e4  StY                              
202005e8  __TI_ft_end                      
202005ec  _lock                            
202005f0  _unlock                          
202005f4  StTextColor                      
20207e00  __stack                          
20208000  __STACK_END                      
ffffffff  __TI_pprof_out_hndl              
ffffffff  __TI_prof_data_size              
ffffffff  __TI_prof_data_start             
ffffffff  __binit__                        
ffffffff  binit                            
UNDEFED   __mpu_init                       
UNDEFED   _system_post_cinit               

[198 symbols]
