******************************************************************************
            TI ARM Clang Linker PC v4.0.4                      
******************************************************************************
>> Linked Wed Feb 25 12:39:59 2026

OUTPUT FILE NAME:   <ECE319K_Lab4.out>
ENTRY POINT SYMBOL: "_c_int00_noargs"  address: 00001531


MEMORY CONFIGURATION

         name            origin    length      used     unused   attr    fill
----------------------  --------  ---------  --------  --------  ----  --------
  FLASH                 00000000   00020000  00002160  0001dea0  R  X
  SRAM                  20200000   00008000  00000644  000079bc  RW X
  BCR_CONFIG            41c00000   00000080  00000000  00000080  R   
  BSL_CONFIG            41c00100   00000080  00000000  00000080  R   


SEGMENT ALLOCATION MAP

run origin  load origin   length   init length attrs members
----------  ----------- ---------- ----------- ----- -------
00000000    00000000    00002160   00002160    r-x
  00000000    00000000    000000c0   000000c0    r-- .intvecs
  000000c0    000000c0    00001640   00001640    r-x .text
  00001700    00001700    00000a30   00000a30    r-- .rodata
  00002130    00002130    00000030   00000030    r-- .cinit
20200000    20200000    00000448   00000000    rw-
  20200000    20200000    00000224   00000000    rw- .bss
  20200228    20200228    00000200   00000000    rw- .sysmem
  20200428    20200428    00000020   00000000    rw- .data
20207e00    20207e00    00000200   00000000    rw-
  20207e00    20207e00    00000200   00000000    rw- .stack


SECTION ALLOCATION MAP

 output                                  attributes/
section   page    origin      length       input sections
--------  ----  ----------  ----------   ----------------
.intvecs   0    00000000    000000c0     
                  00000000    000000c0     startup_mspm0g3507_ticlang.o (.intvecs)

.text      0    000000c0    00001640     
                  000000c0    0000031c     ECE319K_Lab4Grader.o (.text.TIMG7_IRQHandler)
                  000003dc    00000298     ECE319K_Lab4Grader.o (.text.CheckInitialization)
                  00000674    00000218     ECE319K_Lab4Grader.o (.text.Lab4Grader)
                  0000088c    000001b4     Clock.o (.text.Clock_Init80MHz)
                  00000a40    00000130     UARTints.o (.text.UART_Init)
                  00000b70    000000a8     Timer.o (.text.TimerG7_IntArm)
                  00000c18    000000a0     ECE319K_Lab4main.o (.text.main)
                  00000cb8    00000008     libclang_rt.builtins.a : aeabi_memcpy.S.obj (.text.__aeabi_memcpy)
                  00000cc0    00000088     libc.a : strcmp-armv6m.S.obj (.text:strcmp)
                  00000d48    0000007c     LaunchPad.o (.text.LaunchPad_Init)
                  00000dc4    0000007c     ECE319K_Lab4Grader.o (.text.ReadSensor)
                  00000e40    0000007c     libc.a : copy_decompress_lzss.c.obj (.text:decompress:lzss)
                  00000ebc    00000064     ECE319K_Lab4Grader.o (.text.GetState)
                  00000f20    00000064     ECE319K_Lab4main.o (.text.Traffic_Init)
                  00000f84    0000005c     ECE319K_Lab4Grader.o (.text.ReadSouth)
                  00000fe0    0000005c     UARTints.o (.text.UART0_IRQHandler)
                  0000103c    00000058     UARTints.o (.text.copyHardwareToSoftware)
                  00001094    00000050     Dump.o (.text.Debug_Dump)
                  000010e4    0000004c     ECE319K_Lab4Grader.o (.text.ReadWest)
                  00001130    0000004c     FIFO.o (.text.RxFifo_Put)
                  0000117c    0000004c     ECE319K_Lab4main.o (.text.Traffic_Out)
                  000011c8    0000004c     FIFO.o (.text.TxFifo_Get)
                  00001214    0000004c     FIFO.o (.text.TxFifo_Put)
                  00001260    0000004c     UARTints.o (.text.copySoftwareToHardware)
                  000012ac    00000042     libclang_rt.builtins.a : fixunsdfsi.S.obj (.text.__fixunsdfsi)
                  000012ee    00000002                            : aeabi_div0.c.obj (.text.__aeabi_idiv0)
                  000012f0    00000040     UARTints.o (.text.UART_OutChar)
                  00001330    00000040     libclang_rt.builtins.a : aeabi_uidivmod.S.obj (.text.__aeabi_uidivmod)
                  00001370    0000003c     libc.a : autoinit.c.obj (.text:__TI_auto_init_nobinit_nopinit)
                  000013ac    00000038     LaunchPad.o (.text.ActivatePortA_B)
                  000013e4    00000036     UART.o (.text.UART_OutUDec)
                  0000141a    00000036     ECE319K_Lab4main.o (.text.convertWalk)
                  00001450    00000034     Clock.o (.text.SysTick_Wait)
                  00001484    00000034     ECE319K_Lab4Grader.o (.text.setUpper)
                  000014b8    00000028     ECE319K_Lab4Grader.o (.text.Grader_Init)
                  000014e0    00000028     ECE319K_Lab4Grader.o (.text.ReadWalk)
                  00001508    00000028     Clock.o (.text.SysTick_Wait10ms)
                  00001530    00000028     libc.a : boot_cortex_m.c.obj (.text:_c_int00_noargs)
                  00001558    00000026     UART.o (.text.UART_OutString)
                  0000157e    00000002     --HOLE-- [fill = 0]
                  00001580    00000020     ECE319K_Lab4Grader.o (.text.Random32)
                  000015a0    00000020     Clock.o (.text.SysTick_Init)
                  000015c0    0000001c     startup_mspm0g3507_ticlang.o (.text.Default_Handler)
                  000015dc    0000001c     startup_mspm0g3507_ticlang.o (.text.HardFault_Handler)
                  000015f8    00000018     FIFO.o (.text.RxFifo_Size)
                  00001610    00000018     FIFO.o (.text.TxFifo_Size)
                  00001628    00000016     libc.a : copy_zero_init.c.obj (.text:decompress:ZI:__TI_zero_init_nomemset)
                  0000163e    00000002     --HOLE-- [fill = 0]
                  00001640    00000014     FIFO.o (.text.RxFifo_Init)
                  00001654    00000014     ECE319K_Lab4main.o (.text.Traffic_In)
                  00001668    00000014     FIFO.o (.text.TxFifo_Init)
                  0000167c    00000012     libc.a : memcpy16.S.obj (.text:TI_memcpy_small)
                  0000168e    00000012            : copy_decompress_none.c.obj (.text:decompress:none)
                  000016a0    00000010     Clock.o (.text.Clock_Delay)
                  000016b0    00000010     LaunchPad.o (.text.Delay)
                  000016c0    00000010     ECE319K_Lab4Grader.o (.text.OutCRLF)
                  000016d0    0000000c     Clock.o (.text.Clock_Freq)
                  000016dc    0000000c     LaunchPad.o (.text.LaunchPad_LED1off)
                  000016e8    00000006     libc.a : exit.c.obj (.text:abort)
                  000016ee    00000004     libsysbm.a : hostexit.c.obj (.text.HOSTexit)
                  000016f2    00000004     startup_mspm0g3507_ticlang.o (.text.Reset_Handler)
                  000016f6    00000004     libc.a : pre_init.c.obj (.text._system_pre_init)
                  000016fa    00000006     --HOLE-- [fill = 0]

.cinit     0    00002130    00000030     
                  00002130    0000000c     (.cinit..data.load) [load image, compression = lzss]
                  0000213c    0000000c     (__TI_handler_table)
                  00002148    00000008     (.cinit..bss.load) [load image, compression = zero_init]
                  00002150    00000010     (__TI_cinit_table)

.rodata    0    00001700    00000a30     
                  00001700    00000310     ECE319K_Lab4main.o (.rodata.FSM)
                  00001a10    00000140     ECE319K_Lab4Grader.o (.rodata.SensorProblem)
                  00001b50    000000f0     ECE319K_Lab4Grader.o (.rodata.SouthProblem)
                  00001c40    000000c8     ECE319K_Lab4Grader.o (.rodata.PatternProblem)
                  00001d08    000000c4     ECE319K_Lab4Grader.o (.rodata.pat)
                  00001dcc    000000a0     ECE319K_Lab4Grader.o (.rodata.WestProblem)
                  00001e6c    0000003c     ECE319K_Lab4Grader.o (.rodata.str1.2038070715119815532.1)
                  00001ea8    0000003b     ECE319K_Lab4Grader.o (.rodata.str1.16779530290509432624.1)
                  00001ee3    0000003b     ECE319K_Lab4Grader.o (.rodata.str1.17498187953803785574.1)
                  00001f1e    0000003a     ECE319K_Lab4Grader.o (.rodata.str1.16606019205615201728.1)
                  00001f58    00000039     ECE319K_Lab4Grader.o (.rodata.str1.9284763985356082046.1)
                  00001f91    00000032     ECE319K_Lab4Grader.o (.rodata.str1.15359886083784593313.1)
                  00001fc3    0000002f     ECE319K_Lab4Grader.o (.rodata.str1.15781115582186980426.1)
                  00001ff2    0000002d     ECE319K_Lab4Grader.o (.rodata.str1.17275021033968133986.1)
                  0000201f    00000001     --HOLE-- [fill = 0]
                  00002020    0000001c     ECE319K_Lab4Grader.o (.rodata.validPatterns)
                  0000203c    00000018     ECE319K_Lab4Grader.o (.rodata.Patterns)
                  00002054    00000015     ECE319K_Lab4Grader.o (.rodata.str1.2555402902467091046.1)
                  00002069    00000014     ECE319K_Lab4Grader.o (.rodata.str1.15234707301245262108.1)
                  0000207d    00000014     ECE319K_Lab4Grader.o (.rodata.str1.4246148022987157469.1)
                  00002091    00000011     ECE319K_Lab4Grader.o (.rodata.str1.15784370611720847563.1)
                  000020a2    00000011     ECE319K_Lab4Grader.o (.rodata.str1.1843502570865695391.1)
                  000020b3    00000011     ECE319K_Lab4Grader.o (.rodata.str1.5588775933247468439.1)
                  000020c4    00000010     ECE319K_Lab4Grader.o (.rodata.str1.13656068226097152554.1)
                  000020d4    00000010     ECE319K_Lab4Grader.o (.rodata.str1.1892906268486917520.1)
                  000020e4    0000000d     ECE319K_Lab4Grader.o (.rodata.str1.13250458590540267396.1)
                  000020f1    0000000a     ECE319K_Lab4Grader.o (.rodata.str1.17435735570853986759.1)
                  000020fb    0000000a     ECE319K_Lab4Grader.o (.rodata.str1.2378633843444072158.1)
                  00002105    00000008     ECE319K_Lab4main.o (.rodata.EID1)
                  0000210d    00000007     ECE319K_Lab4Grader.o (.rodata.str1.13204408886487587144.1)
                  00002114    00000007     ECE319K_Lab4Grader.o (.rodata.str1.16432026393149098184.1)
                  0000211b    00000007     ECE319K_Lab4Grader.o (.rodata.str1.18047125755768554460.1)
                  00002122    00000006     ECE319K_Lab4Grader.o (.rodata.str1.5065595287206724195.1)
                  00002128    00000005     ECE319K_Lab4Grader.o (.rodata.str1.9434006009711075035.1)
                  0000212d    00000003     --HOLE-- [fill = 0]

.init_array 
*          0    00000000    00000000     UNINITIALIZED

.binit     0    00000000    00000000     

.bss       0    20200000    00000224     UNINITIALIZED
                  20200000    000000c8     (.common:DataBuffer)
                  202000c8    000000c8     (.common:TimeBuffer)
                  20200190    00000040     FIFO.o (.bss.TxFifo)
                  202001d0    00000010     FIFO.o (.bss.RxFifo)
                  202001e0    00000004     (.common:DebugCnt)
                  202001e4    00000004     (.common:LastIn)
                  202001e8    00000004     (.common:LastOut)
                  202001ec    00000004     (.common:LastState)
                  202001f0    00000004     (.common:LookingFlag)
                  202001f4    00000004     (.common:LookingFor)
                  202001f8    00000004     (.common:M)
                  202001fc    00000004     (.common:NeedState)
                  20200200    00000004     (.common:RxGetI)
                  20200204    00000004     (.common:RxPutI)
                  20200208    00000004     (.common:TxGetI)
                  2020020c    00000004     (.common:TxPutI)
                  20200210    00000004     (.common:WrongState)
                  20200214    00000004     (.common:in)
                  20200218    00000004     (.common:out)
                  2020021c    00000004     (.common:pt)
                  20200220    00000004     (.common:state)

.sysmem    0    20200228    00000200     UNINITIALIZED
                  20200228    00000010     libc.a : memory.c.obj (.sysmem)
                  20200238    000001f0     --HOLE--

.data      0    20200428    00000020     UNINITIALIZED
                  20200428    00000004     Clock.o (.data.BusFreq)
                  2020042c    00000004     ECE319K_Lab4Grader.o (.data.Fail)
                  20200430    00000004     ECE319K_Lab4Grader.o (.data.PatternMode)
                  20200434    00000004     ECE319K_Lab4Grader.o (.data.Score)
                  20200438    00000004     ECE319K_Lab4Grader.o (.data.SensorMode)
                  2020043c    00000004     ECE319K_Lab4Grader.o (.data.SouthMode)
                  20200440    00000004     ECE319K_Lab4Grader.o (.data.Time)
                  20200444    00000004     ECE319K_Lab4Grader.o (.data.WestMode)

.stack     0    20207e00    00000200     UNINITIALIZED
                  20207e00    00000004     libc.a : boot_cortex_m.c.obj (.stack)
                  20207e04    000001fc     --HOLE--

__llvm_prf_cnts 
*          0    20200000    00000000     UNINITIALIZED

__llvm_prf_bits 
*          0    20200000    00000000     UNINITIALIZED

MODULE SUMMARY

       Module                         code   ro data   rw data
       ------                         ----   -------   -------
    .\
       ECE319K_Lab4Grader.o           2568   1812      72     
       ECE319K_Lab4main.o             410    792       4      
       UARTints.o                     624    0         0      
       Clock.o                        588    0         4      
       Dump.o                         80     0         404    
       FIFO.o                         316    0         96     
       LaunchPad.o                    208    0         0      
       Timer.o                        168    0         0      
       UART.o                         92     0         0      
    +--+------------------------------+------+---------+---------+
       Total:                         5054   2604      580    
                                                              
    .\ticlang\
       startup_mspm0g3507_ticlang.o   60     192       0      
    +--+------------------------------+------+---------+---------+
       Total:                         60     192       0      
                                                              
    C:\ti\ccs2040\ccs\tools\compiler\ti-cgt-armllvm_4.0.4.LTS\lib\armv6m-ti-none-eabi/c/libc.a
       strcmp-armv6m.S.obj            136    0         0      
       copy_decompress_lzss.c.obj     124    0         0      
       autoinit.c.obj                 60     0         0      
       boot_cortex_m.c.obj            40     0         0      
       copy_zero_init.c.obj           22     0         0      
       copy_decompress_none.c.obj     18     0         0      
       memcpy16.S.obj                 18     0         0      
       exit.c.obj                     6      0         0      
       pre_init.c.obj                 4      0         0      
    +--+------------------------------+------+---------+---------+
       Total:                         428    0         0      
                                                              
    C:\ti\ccs2040\ccs\tools\compiler\ti-cgt-armllvm_4.0.4.LTS\lib\armv6m-ti-none-eabi/c/libsysbm.a
       hostexit.c.obj                 4      0         0      
    +--+------------------------------+------+---------+---------+
       Total:                         4      0         0      
                                                              
    C:\ti\ccs2040\ccs\tools\compiler\ti-cgt-armllvm_4.0.4.LTS\lib\armv6m-ti-none-eabi/libclang_rt.builtins.a
       fixunsdfsi.S.obj               66     0         0      
       aeabi_uidivmod.S.obj           64     0         0      
       aeabi_memcpy.S.obj             8      0         0      
       aeabi_div0.c.obj               2      0         0      
    +--+------------------------------+------+---------+---------+
       Total:                         140    0         0      
                                                              
       Heap:                          0      0         512    
       Stack:                         0      0         512    
       Linker Generated:              0      48        0      
    +--+------------------------------+------+---------+---------+
       Grand Total:                   5686   2844      1604   


LINKER GENERATED COPY TABLES

__TI_cinit_table @ 00002150 records: 2, size/record: 8, table size: 16
	.data: load addr=00002130, load size=0000000c bytes, run addr=20200428, run size=00000020 bytes, compression=lzss
	.bss: load addr=00002148, load size=00000008 bytes, run addr=20200000, run size=00000224 bytes, compression=zero_init


LINKER GENERATED HANDLER TABLE

__TI_handler_table @ 0000213c records: 3, size/record: 4, table size: 12
	index: 0, handler: __TI_decompress_lzss
	index: 1, handler: __TI_decompress_none
	index: 2, handler: __TI_zero_init


GLOBAL SYMBOLS: SORTED ALPHABETICALLY BY Name 

address   name                          
-------   ----                          
000015c1  ADC0_IRQHandler               
000015c1  ADC1_IRQHandler               
000015c1  AES_IRQHandler                
000013ad  ActivatePortA_B               
20200428  BusFreq                       
000016ee  C$$EXIT                       
000015c1  CANFD0_IRQHandler             
000003dd  CheckInitialization           
000016a1  Clock_Delay                   
000016d1  Clock_Freq                    
0000088d  Clock_Init80MHz               
000015c1  DAC0_IRQHandler               
000015c1  DMA_IRQHandler                
20200000  DataBuffer                    
202001e0  DebugCnt                      
00001095  Debug_Dump                    
000015c1  Default_Handler               
000016b1  Delay                         
00002105  EID1                          
00001700  FSM                           
000015c1  GROUP0_IRQHandler             
000015c1  GROUP1_IRQHandler             
00000ebd  GetState                      
000014b9  Grader_Init                   
000016ef  HOSTexit                      
000015dd  HardFault_Handler             
000015c1  I2C0_IRQHandler               
000015c1  I2C1_IRQHandler               
00000675  Lab4Grader                    
202001e4  LastIn                        
202001e8  LastOut                       
202001ec  LastState                     
00000d49  LaunchPad_Init                
000016dd  LaunchPad_LED1off             
202001f0  LookingFlag                   
202001f4  LookingFor                    
202001f8  M                             
000015c1  NMI_Handler                   
202001fc  NeedState                     
000016c1  OutCRLF                       
00001c40  PatternProblem                
0000203c  Patterns                      
000015c1  PendSV_Handler                
000015c1  RTC_IRQHandler                
00001581  Random32                      
00000dc5  ReadSensor                    
00000f85  ReadSouth                     
000014e1  ReadWalk                      
000010e5  ReadWest                      
000016f3  Reset_Handler                 
00001641  RxFifo_Init                   
00001131  RxFifo_Put                    
000015f9  RxFifo_Size                   
20200200  RxGetI                        
20200204  RxPutI                        
000015c1  SPI0_IRQHandler               
000015c1  SPI1_IRQHandler               
000015c1  SVC_Handler                   
00001a10  SensorProblem                 
00001b50  SouthProblem                  
000015c1  SysTick_Handler               
000015a1  SysTick_Init                  
00001451  SysTick_Wait                  
00001509  SysTick_Wait10ms              
000015c1  TIMA0_IRQHandler              
000015c1  TIMA1_IRQHandler              
000015c1  TIMG0_IRQHandler              
000015c1  TIMG12_IRQHandler             
000015c1  TIMG6_IRQHandler              
000000c1  TIMG7_IRQHandler              
000015c1  TIMG8_IRQHandler              
0000167d  TI_memcpy_small               
20200440  Time                          
202000c8  TimeBuffer                    
00000b71  TimerG7_IntArm                
00001655  Traffic_In                    
00000f21  Traffic_Init                  
0000117d  Traffic_Out                   
000011c9  TxFifo_Get                    
00001669  TxFifo_Init                   
00001215  TxFifo_Put                    
00001611  TxFifo_Size                   
20200208  TxGetI                        
2020020c  TxPutI                        
00000fe1  UART0_IRQHandler              
000015c1  UART1_IRQHandler              
000015c1  UART2_IRQHandler              
000015c1  UART3_IRQHandler              
00000a41  UART_Init                     
000012f1  UART_OutChar                  
00001559  UART_OutString                
000013e5  UART_OutUDec                  
00001dcc  WestProblem                   
20200210  WrongState                    
20208000  __STACK_END                   
00000200  __STACK_SIZE                  
00000200  __SYSMEM_SIZE                 
00000000  __TI_ATRegion0_region_sz      
00000000  __TI_ATRegion0_src_addr       
00000000  __TI_ATRegion0_trg_addr       
00000000  __TI_ATRegion1_region_sz      
00000000  __TI_ATRegion1_src_addr       
00000000  __TI_ATRegion1_trg_addr       
00000000  __TI_ATRegion2_region_sz      
00000000  __TI_ATRegion2_src_addr       
00000000  __TI_ATRegion2_trg_addr       
00002150  __TI_CINIT_Base               
00002160  __TI_CINIT_Limit              
00002160  __TI_CINIT_Warm               
0000213c  __TI_Handler_Table_Base       
00002148  __TI_Handler_Table_Limit      
00001371  __TI_auto_init_nobinit_nopinit
00000e41  __TI_decompress_lzss          
0000168f  __TI_decompress_none          
ffffffff  __TI_pprof_out_hndl           
ffffffff  __TI_prof_data_size           
ffffffff  __TI_prof_data_start          
00000000  __TI_static_base__            
00001629  __TI_zero_init_nomemset       
000012ad  __aeabi_d2uiz                 
000012ef  __aeabi_idiv0                 
00000cb9  __aeabi_memcpy                
00000cb9  __aeabi_memcpy4               
00000cb9  __aeabi_memcpy8               
00001331  __aeabi_uidiv                 
00001331  __aeabi_uidivmod              
ffffffff  __binit__                     
000012ad  __fixunsdfsi                  
UNDEFED   __mpu_init                    
20207e00  __stack                       
20200000  __start___llvm_prf_bits       
20200000  __start___llvm_prf_cnts       
20200000  __stop___llvm_prf_bits        
20200000  __stop___llvm_prf_cnts        
00001531  _c_int00_noargs               
20200228  _sys_memory                   
UNDEFED   _system_post_cinit            
000016f7  _system_pre_init              
000016e9  abort                         
ffffffff  binit                         
0000141b  convertWalk                   
20200214  in                            
00000000  interruptVectors              
00000c19  main                          
20200218  out                           
00001d08  pat                           
2020021c  pt                            
00001485  setUpper                      
20200220  state                         
00000cc1  strcmp                        
00002020  validPatterns                 


GLOBAL SYMBOLS: SORTED BY Symbol Address 

address   name                          
-------   ----                          
00000000  __TI_ATRegion0_region_sz      
00000000  __TI_ATRegion0_src_addr       
00000000  __TI_ATRegion0_trg_addr       
00000000  __TI_ATRegion1_region_sz      
00000000  __TI_ATRegion1_src_addr       
00000000  __TI_ATRegion1_trg_addr       
00000000  __TI_ATRegion2_region_sz      
00000000  __TI_ATRegion2_src_addr       
00000000  __TI_ATRegion2_trg_addr       
00000000  __TI_static_base__            
00000000  interruptVectors              
000000c1  TIMG7_IRQHandler              
00000200  __STACK_SIZE                  
00000200  __SYSMEM_SIZE                 
000003dd  CheckInitialization           
00000675  Lab4Grader                    
0000088d  Clock_Init80MHz               
00000a41  UART_Init                     
00000b71  TimerG7_IntArm                
00000c19  main                          
00000cb9  __aeabi_memcpy                
00000cb9  __aeabi_memcpy4               
00000cb9  __aeabi_memcpy8               
00000cc1  strcmp                        
00000d49  LaunchPad_Init                
00000dc5  ReadSensor                    
00000e41  __TI_decompress_lzss          
00000ebd  GetState                      
00000f21  Traffic_Init                  
00000f85  ReadSouth                     
00000fe1  UART0_IRQHandler              
00001095  Debug_Dump                    
000010e5  ReadWest                      
00001131  RxFifo_Put                    
0000117d  Traffic_Out                   
000011c9  TxFifo_Get                    
00001215  TxFifo_Put                    
000012ad  __aeabi_d2uiz                 
000012ad  __fixunsdfsi                  
000012ef  __aeabi_idiv0                 
000012f1  UART_OutChar                  
00001331  __aeabi_uidiv                 
00001331  __aeabi_uidivmod              
00001371  __TI_auto_init_nobinit_nopinit
000013ad  ActivatePortA_B               
000013e5  UART_OutUDec                  
0000141b  convertWalk                   
00001451  SysTick_Wait                  
00001485  setUpper                      
000014b9  Grader_Init                   
000014e1  ReadWalk                      
00001509  SysTick_Wait10ms              
00001531  _c_int00_noargs               
00001559  UART_OutString                
00001581  Random32                      
000015a1  SysTick_Init                  
000015c1  ADC0_IRQHandler               
000015c1  ADC1_IRQHandler               
000015c1  AES_IRQHandler                
000015c1  CANFD0_IRQHandler             
000015c1  DAC0_IRQHandler               
000015c1  DMA_IRQHandler                
000015c1  Default_Handler               
000015c1  GROUP0_IRQHandler             
000015c1  GROUP1_IRQHandler             
000015c1  I2C0_IRQHandler               
000015c1  I2C1_IRQHandler               
000015c1  NMI_Handler                   
000015c1  PendSV_Handler                
000015c1  RTC_IRQHandler                
000015c1  SPI0_IRQHandler               
000015c1  SPI1_IRQHandler               
000015c1  SVC_Handler                   
000015c1  SysTick_Handler               
000015c1  TIMA0_IRQHandler              
000015c1  TIMA1_IRQHandler              
000015c1  TIMG0_IRQHandler              
000015c1  TIMG12_IRQHandler             
000015c1  TIMG6_IRQHandler              
000015c1  TIMG8_IRQHandler              
000015c1  UART1_IRQHandler              
000015c1  UART2_IRQHandler              
000015c1  UART3_IRQHandler              
000015dd  HardFault_Handler             
000015f9  RxFifo_Size                   
00001611  TxFifo_Size                   
00001629  __TI_zero_init_nomemset       
00001641  RxFifo_Init                   
00001655  Traffic_In                    
00001669  TxFifo_Init                   
0000167d  TI_memcpy_small               
0000168f  __TI_decompress_none          
000016a1  Clock_Delay                   
000016b1  Delay                         
000016c1  OutCRLF                       
000016d1  Clock_Freq                    
000016dd  LaunchPad_LED1off             
000016e9  abort                         
000016ee  C$$EXIT                       
000016ef  HOSTexit                      
000016f3  Reset_Handler                 
000016f7  _system_pre_init              
00001700  FSM                           
00001a10  SensorProblem                 
00001b50  SouthProblem                  
00001c40  PatternProblem                
00001d08  pat                           
00001dcc  WestProblem                   
00002020  validPatterns                 
0000203c  Patterns                      
00002105  EID1                          
0000213c  __TI_Handler_Table_Base       
00002148  __TI_Handler_Table_Limit      
00002150  __TI_CINIT_Base               
00002160  __TI_CINIT_Limit              
00002160  __TI_CINIT_Warm               
20200000  DataBuffer                    
20200000  __start___llvm_prf_bits       
20200000  __start___llvm_prf_cnts       
20200000  __stop___llvm_prf_bits        
20200000  __stop___llvm_prf_cnts        
202000c8  TimeBuffer                    
202001e0  DebugCnt                      
202001e4  LastIn                        
202001e8  LastOut                       
202001ec  LastState                     
202001f0  LookingFlag                   
202001f4  LookingFor                    
202001f8  M                             
202001fc  NeedState                     
20200200  RxGetI                        
20200204  RxPutI                        
20200208  TxGetI                        
2020020c  TxPutI                        
20200210  WrongState                    
20200214  in                            
20200218  out                           
2020021c  pt                            
20200220  state                         
20200228  _sys_memory                   
20200428  BusFreq                       
20200440  Time                          
20207e00  __stack                       
20208000  __STACK_END                   
ffffffff  __TI_pprof_out_hndl           
ffffffff  __TI_prof_data_size           
ffffffff  __TI_prof_data_start          
ffffffff  __binit__                     
ffffffff  binit                         
UNDEFED   __mpu_init                    
UNDEFED   _system_post_cinit            

[151 symbols]
