
**** Build of configuration Debug for project XXXXXFall2023XXXXX ****

"C:\\ti\\ccs1240\\ccs\\utils\\bin\\gmake" -k -j 16 all -O 
 
Building file: "../XXXXXExam2ASMPartXXXXX.s"
Invoking: Arm Compiler
"C:/ti/ccs1240/ccs/tools/compiler/ti-cgt-armllvm_2.1.3.LTS/bin/tiarmclang.exe" -c -march=thumbv6m -mcpu=cortex-m0plus -mfloat-abi=soft -mlittle-endian -mthumb -O0 -I"E:/Box/Box Sync/ECE319K/Exam2_MSPM0_StudentVersions/XXXXXFall2023XXXXX" -I"E:/Box/Box Sync/ECE319K/Exam2_MSPM0_StudentVersions/XXXXXFall2023XXXXX/Debug" -I"C:/ti/mspm0_sdk_1_10_00_05/source/third_party/CMSIS/Core/Include" -I"C:/ti/mspm0_sdk_1_10_00_05/source" -D__MSPM0G3507__ -gdwarf-3 -I"E:/Box/Box Sync/ECE319K/Exam2_MSPM0_StudentVersions/XXXXXFall2023XXXXX/Debug/syscfg"  -o"XXXXXExam2ASMPartXXXXX.o" "../XXXXXExam2ASMPartXXXXX.s"
tiarmclang: warning: argument unused during compilation: '-D __MSPM0G3507__' [-Wunused-command-line-argument]
Finished building: "../XXXXXExam2ASMPartXXXXX.s"
 
Building file: "../XXXXXExam2CPartXXXXX.c"
Invoking: Arm Compiler
"C:/ti/ccs1240/ccs/tools/compiler/ti-cgt-armllvm_2.1.3.LTS/bin/tiarmclang.exe" -c -march=thumbv6m -mcpu=cortex-m0plus -mfloat-abi=soft -mlittle-endian -mthumb -O0 -I"E:/Box/Box Sync/ECE319K/Exam2_MSPM0_StudentVersions/XXXXXFall2023XXXXX" -I"E:/Box/Box Sync/ECE319K/Exam2_MSPM0_StudentVersions/XXXXXFall2023XXXXX/Debug" -I"C:/ti/mspm0_sdk_1_10_00_05/source/third_party/CMSIS/Core/Include" -I"C:/ti/mspm0_sdk_1_10_00_05/source" -D__MSPM0G3507__ -gdwarf-3 -MMD -MP -MF"XXXXXExam2CPartXXXXX.d_raw" -MT"XXXXXExam2CPartXXXXX.o" -I"E:/Box/Box Sync/ECE319K/Exam2_MSPM0_StudentVersions/XXXXXFall2023XXXXX/Debug/syscfg"   -o"XXXXXExam2CPartXXXXX.o" "../XXXXXExam2CPartXXXXX.c"
Finished building: "../XXXXXExam2CPartXXXXX.c"
 
Building file: "../ticlang/startup_mspm0g3507_ticlang.c"
Invoking: Arm Compiler
"C:/ti/ccs1240/ccs/tools/compiler/ti-cgt-armllvm_2.1.3.LTS/bin/tiarmclang.exe" -c -march=thumbv6m -mcpu=cortex-m0plus -mfloat-abi=soft -mlittle-endian -mthumb -O0 -I"E:/Box/Box Sync/ECE319K/Exam2_MSPM0_StudentVersions/XXXXXFall2023XXXXX" -I"E:/Box/Box Sync/ECE319K/Exam2_MSPM0_StudentVersions/XXXXXFall2023XXXXX/Debug" -I"C:/ti/mspm0_sdk_1_10_00_05/source/third_party/CMSIS/Core/Include" -I"C:/ti/mspm0_sdk_1_10_00_05/source" -D__MSPM0G3507__ -gdwarf-3 -MMD -MP -MF"ticlang/startup_mspm0g3507_ticlang.d_raw" -MT"ticlang/startup_mspm0g3507_ticlang.o" -I"E:/Box/Box Sync/ECE319K/Exam2_MSPM0_StudentVersions/XXXXXFall2023XXXXX/Debug/syscfg"   -o"ticlang/startup_mspm0g3507_ticlang.o" "../ticlang/startup_mspm0g3507_ticlang.c"
Finished building: "../ticlang/startup_mspm0g3507_ticlang.c"
 
Building target: "XXXXXFall2023XXXXX.out"
Invoking: Arm Linker
"C:/ti/ccs1240/ccs/tools/compiler/ti-cgt-armllvm_2.1.3.LTS/bin/tiarmclang.exe" -march=thumbv6m -mcpu=cortex-m0plus -mfloat-abi=soft -mlittle-endian -mthumb -O0 -D__MSPM0G3507__ -gdwarf-3 -Wl,-m"XXXXXFall2023XXXXX.map" -Wl,--heap_size=512 -Wl,--stack_size=512 -Wl,-i"E:/Box/Box Sync/ECE319K/Exam2_MSPM0_StudentVersions/XXXXXFall2023XXXXX/Debug/syscfg" -Wl,-i"C:/ti/ccs1240/ccs/tools/compiler/ti-cgt-armllvm_2.1.3.LTS/lib" -Wl,--diag_wrap=off -Wl,--display_error_number -Wl,--warn_sections -Wl,--xml_link_info="XXXXXFall2023XXXXX_linkInfo.xml" -Wl,--rom_model -o "XXXXXFall2023XXXXX.out" "../Clock.o" "../Func.o" "../LaunchPad.o" "../UART.o" "../UARTbusywait.o" "./XXXXXExam2ASMPartXXXXX.o" "./XXXXXExam2CPartXXXXX.o" "../main.o" "./ticlang/startup_mspm0g3507_ticlang.o" "../mspm0g3507.cmd"  -Wl,-l"C:/ti/mspm0_sdk_1_10_00_05/source/ti/driverlib/lib/ticlang/m0p/mspm0g1x0x_g3x0x/driverlib.a" -Wl,-llibc.a 
Finished building target: "XXXXXFall2023XXXXX.out"
 

**** Build Finished ****
