******************************************************************************
            TI ARM Clang Linker PC v4.0.4                      
******************************************************************************
>> Linked Wed Mar 25 23:12:11 2026

OUTPUT FILE NAME:   <Spring2021.out>
ENTRY POINT SYMBOL: "_c_int00_noargs"  address: 00001cbd


MEMORY CONFIGURATION

         name            origin    length      used     unused   attr    fill
----------------------  --------  ---------  --------  --------  ----  --------
  FLASH                 00000000   00020000  00002468  0001db98  R  X
  SRAM                  20200000   00008000  00000855  000077ab  RW X
  BCR_CONFIG            41c00000   00000080  00000000  00000080  R   
  BSL_CONFIG            41c00100   00000080  00000000  00000080  R   


SEGMENT ALLOCATION MAP

run origin  load origin   length   init length attrs members
----------  ----------- ---------- ----------- ----- -------
00000000    00000000    00002468   00002468    r-x
  00000000    00000000    000000c0   000000c0    r-- .intvecs
  000000c0    000000c0    00001e00   00001e00    r-x .text
  00001ec0    00001ec0    00000508   00000508    r-- .rodata
  000023c8    000023c8    000000a0   000000a0    r-- .cinit
20200000    20200000    00000659   00000000    rw-
  20200000    20200000    0000025c   00000000    rw- .bss
  20200260    20200260    00000200   00000000    rw- .sysmem
  20200460    20200460    000001f9   00000000    rw- .data
20207e00    20207e00    00000200   00000000    rw-
  20207e00    20207e00    00000200   00000000    rw- .stack


SECTION ALLOCATION MAP

 output                                  attributes/
section   page    origin      length       input sections
--------  ----  ----------  ----------   ----------------
.intvecs   0    00000000    000000c0     
                  00000000    000000c0     startup_mspm0g3507_ticlang.o (.intvecs)

.text      0    000000c0    00001e00     
                  000000c0    00000538     main.o (.text.main)
                  000005f8    000001b4     Clock.o (.text.Clock_Init80MHz)
                  000007ac    00000154     libc.a : fopen.c.obj (.text._openfile)
                  00000900    00000118     main.o (.text.SetGrade)
                  00000a18    00000114     libc.a : memory.c.obj (.text.aligned_alloc)
                  00000b2c    000000fc     Exam2CPart.o (.text.DebtFree)
                  00000c28    000000ec     libsysbm.a : add_device.c.obj (.text.add_device)
                  00000d14    000000e8     UARTbusywait.o (.text.UART_Init)
                  00000dfc    000000e8     libc.a : memory.c.obj (.text.free)
                  00000ee4    000000e0            : setvbuf.c.obj (.text.setvbuf)
                  00000fc4    000000a4     main.o (.text.Encrypt)
                  00001068    000000a0     libsysbm.a : open.c.obj (.text.open)
                  00001108    00000094     UART.o (.text.UART_InitPrintf)
                  0000119c    00000004     startup_mspm0g3507_ticlang.o (.text.Default_Handler)
                  000011a0    00000088     libc.a : strcmp-armv6m.S.obj (.text:strcmp)
                  00001228    00000084     LaunchPad.o (.text.LaunchPad_Init)
                  000012ac    0000007c     libc.a : fclose.c.obj (.text.__TI_closefile)
                  00001328    0000007c            : copy_decompress_lzss.c.obj (.text:decompress:lzss)
                  000013a4    0000006c     libsysbm.a : hostlseek.c.obj (.text.HOSTlseek)
                  00001410    0000006c                : hostrename.c.obj (.text.HOSTrename)
                  0000147c    0000006c     libc.a : getdevice.c.obj (.text.getdevice)
                  000014e8    00000068     main.o (.text.q1)
                  00001550    00000064     libc.a : memory.c.obj (.text.split)
                  000015b4    00000060     libsysbm.a : hostopen.c.obj (.text.HOSTopen)
                  00001614    0000005c     main.o (.text.ShowInput1)
                  00001670    0000005c     main.o (.text.ShowOutput3)
                  000016cc    00000058     libsysbm.a : hostread.c.obj (.text.HOSTread)
                  00001724    00000058                : hostwrite.c.obj (.text.HOSTwrite)
                  0000177c    00000052     libc.a : fflush.c.obj (.text.__TI_doflush)
                  000017ce    00000002     libclang_rt.builtins.a : aeabi_div0.c.obj (.text.__aeabi_idiv0)
                  000017d0    00000050     libsysbm.a : close.c.obj (.text.close)
                  00001820    00000048                : hostclose.c.obj (.text.HOSTclose)
                  00001868    00000048                : hostunlink.c.obj (.text.HOSTunlink)
                  000018b0    00000040     libclang_rt.builtins.a : aeabi_uidivmod.S.obj (.text.__aeabi_uidivmod)
                  000018f0    00000040     libc.a : fopen.c.obj (.text._search_fp)
                  00001930    0000003c            : autoinit.c.obj (.text:__TI_auto_init_nobinit_nopinit)
                  0000196c    00000038     LaunchPad.o (.text.ActivatePortA_B)
                  000019a4    00000038     Exam2ASMPart.o (.text)
                  000019dc    00000036     UART.o (.text.UART_OutUDec)
                  00001a12    00000002     libc.a : _lock.c.obj (.text._nop)
                  00001a14    00000034            : fopen.c.obj (.text.__TI_cleanup)
                  00001a48    00000034     libsysbm.a : trgmsg.c.obj (.text.__TI_readmsg)
                  00001a7c    00000034                : trgmsg.c.obj (.text.__TI_writemsg)
                  00001ab0    00000034     libc.a : exit.c.obj (.text.exit)
                  00001ae4    00000034            : getdevice.c.obj (.text.finddevice)
                  00001b18    00000034            : fopen.c.obj (.text.freopen)
                  00001b4c    00000034     UART.o (.text.uart_write)
                  00001b80    00000032     Exam2CPart.o (.text.findExp)
                  00001bb2    00000030     Exam2CPart.o (.text.FindM)
                  00001be2    00000002     --HOLE-- [fill = 0]
                  00001be4    00000030     libc.a : fopen.c.obj (.text.fopen)
                  00001c14    0000002c     UARTbusywait.o (.text.UART_OutChar)
                  00001c40    0000002c     libsysbm.a : unlink.c.obj (.text.unlink)
                  00001c6c    00000028     libc.a : memory.c.obj (.text.free_list_insert)
                  00001c94    00000028     libsysbm.a : write.c.obj (.text.write)
                  00001cbc    00000028     libc.a : boot_cortex_m.c.obj (.text:_c_int00_noargs)
                  00001ce4    00000026     UART.o (.text.UART_OutString)
                  00001d0a    00000026     UART.o (.text.uart_read)
                  00001d30    00000020     main.o (.text.Random32)
                  00001d50    00000020     UARTbusywait.o (.text.UART_InChar)
                  00001d70    0000001c     libc.a : memory.c.obj (.text.free_list_remove)
                  00001d8c    00000018     main.o (.text.Random)
                  00001da4    00000016     libc.a : copy_zero_init.c.obj (.text:decompress:ZI:__TI_zero_init_nomemset)
                  00001dba    00000014     UART.o (.text.uart_open)
                  00001dce    00000012     libc.a : memcpy16.S.obj (.text:TI_memcpy_small)
                  00001de0    00000012            : copy_decompress_none.c.obj (.text:decompress:none)
                  00001df2    00000010     Clock.o (.text.Clock_Delay)
                  00001e02    00000010     main.o (.text.UART_OutCRLF)
                  00001e12    0000000e     libc.a : memory.c.obj (.text.OUTLINED_FUNCTION_0)
                  00001e20    0000000e     libsysbm.a : hostrename.c.obj (.text.strcpy)
                  00001e2e    0000000e                : hostrename.c.obj (.text.strlen)
                  00001e3c    0000000e     UART.o (.text.uart_lseek)
                  00001e4a    0000000e     libc.a : memset16.S.obj (.text:TI_memset_small)
                  00001e58    0000000c     Clock.o (.text.Clock_Freq)
                  00001e64    0000000c     libclang_rt.builtins.a : aeabi_memset.S.obj (.text.__aeabi_memclr)
                  00001e70    0000000c     libc.a : memory.c.obj (.text.malloc)
                  00001e7c    0000000c     UART.o (.text.uart_rename)
                  00001e88    0000000a     UART.o (.text.uart_close)
                  00001e92    0000000a     UART.o (.text.uart_unlink)
                  00001e9c    00000008     libclang_rt.builtins.a : aeabi_memcpy.S.obj (.text.__aeabi_memcpy)
                  00001ea4    00000008     libsysbm.a : remove.c.obj (.text.remove)
                  00001eac    00000006     libc.a : exit.c.obj (.text:abort)
                  00001eb2    00000004     libsysbm.a : hostexit.c.obj (.text.HOSTexit)
                  00001eb6    00000004     startup_mspm0g3507_ticlang.o (.text.Reset_Handler)
                  00001eba    00000004     libc.a : pre_init.c.obj (.text._system_pre_init)
                  00001ebe    00000002     --HOLE-- [fill = 0]

.cinit     0    000023c8    000000a0     
                  000023c8    00000077     (.cinit..data.load) [load image, compression = lzss]
                  0000243f    00000001     --HOLE-- [fill = 0]
                  00002440    0000000c     (__TI_handler_table)
                  0000244c    00000008     (.cinit..bss.load) [load image, compression = zero_init]
                  00002454    00000010     (__TI_cinit_table)
                  00002464    00000004     --HOLE-- [fill = 0]

.rodata    0    00001ec0    00000508     
                  00001ec0    00000294     main.o (.rodata.Tests3)
                  00002154    00000186     main.o (.rodata.str1.1)
                  000022da    00000002     --HOLE-- [fill = 0]
                  000022dc    00000060     main.o (.rodata.Tests2)
                  0000233c    00000058     main.o (.rodata.Scramble)
                  00002394    00000016     main.o (.rodata.Key)
                  000023aa    0000000d     UART.o (.rodata.str1.1)
                  000023b7    0000000a     Exam2CPart.o (.rodata.EID)
                  000023c1    00000007     --HOLE-- [fill = 0]

.init_array 
*          0    00000000    00000000     UNINITIALIZED

.binit     0    00000000    00000000     

.bss       0    20200000    0000025c     UNINITIALIZED
                  20200000    00000120     libsysbm.a : trgmsg.c.obj (.bss:_CIOBUF_)
                  20200120    000000a0     libc.a : defs.c.obj (.bss.__TI_tmpnams)
                  202001c0    00000024     (.common:answers1)
                  202001e4    00000018     main.o (.bss.EncriptedMagicCode)
                  202001fc    00000018     main.o (.bss.MagicCode)
                  20200214    00000018     (.common:answers2)
                  2020022c    00000014     (.common:answers3)
                  20200240    00000008     libsysbm.a : hostopen.c.obj (.bss.parmbuf)
                  20200248    00000004     main.o (.bss.score2)
                  2020024c    00000004     main.o (.bss.score3)
                  20200250    00000004     main.o (.bss.score)
                  20200254    00000004     libc.a : memory.c.obj (.bss.sys_free)
                  20200258    00000004     (.common:M)

.sysmem    0    20200260    00000200     UNINITIALIZED
                  20200260    00000010     libc.a : memory.c.obj (.sysmem)
                  20200270    000001f0     --HOLE--

.data      0    20200460    000001f9     UNINITIALIZED
                  20200460    000000f0     libc.a : defs.c.obj (.data._ftable)
                  20200550    00000078     libsysbm.a : host_device.c.obj (.data._device)
                  202005c8    00000050                : host_device.c.obj (.data._stream)
                  20200618    00000020     main.o (.data.Q1input)
                  20200638    00000008     libc.a : exit.c.obj (.data..L_MergedGlobals)
                  20200640    00000004     Clock.o (.data.BusFreq)
                  20200644    00000004     libc.a : defs.c.obj (.data.__TI_ft_end)
                  20200648    00000004            : _lock.c.obj (.data._lock)
                  2020064c    00000004            : _lock.c.obj (.data._unlock)
                  20200650    00000001     libsysbm.a : add_device.c.obj (.data.add_device.device_init)
                  20200651    00000003     --HOLE--
                  20200654    00000001     libc.a : memory.c.obj (.data.memory_is_initialized)
                  20200655    00000003     --HOLE--
                  20200658    00000001     libsysbm.a : open.c.obj (.data.open.stream_init)

.stack     0    20207e00    00000200     UNINITIALIZED
                  20207e00    00000004     libc.a : boot_cortex_m.c.obj (.stack)
                  20207e04    000001fc     --HOLE--

__llvm_prf_cnts 
*          0    20200000    00000000     UNINITIALIZED

__llvm_prf_bits 
*          0    20200000    00000000     UNINITIALIZED

MODULE SUMMARY

       Module                         code   ro data   rw data
       ------                         ----   -------   -------
    ..\
       main.o                         2140   1256      176    
       Clock.o                        464    0         4      
       UART.o                         396    13        0      
       UARTbusywait.o                 308    0         0      
       LaunchPad.o                    188    0         0      
    +--+------------------------------+------+---------+---------+
       Total:                         3496   1269      180    
                                                              
    .\
       Exam2CPart.o                   350    10        0      
       Exam2ASMPart.o                 56     0         0      
    +--+------------------------------+------+---------+---------+
       Total:                         406    10        0      
                                                              
    .\ticlang\
       startup_mspm0g3507_ticlang.o   8      192       0      
    +--+------------------------------+------+---------+---------+
       Total:                         8      192       0      
                                                              
    C:\ti\ccs2040\ccs\tools\compiler\ti-cgt-armllvm_4.0.4.LTS\lib\armv6m-ti-none-eabi/c/libc.a
       memory.c.obj                   702    0         5      
       fopen.c.obj                    556    0         0      
       defs.c.obj                     0      0         404    
       setvbuf.c.obj                  224    0         0      
       getdevice.c.obj                160    0         0      
       strcmp-armv6m.S.obj            136    0         0      
       copy_decompress_lzss.c.obj     124    0         0      
       fclose.c.obj                   124    0         0      
       fflush.c.obj                   82     0         0      
       exit.c.obj                     58     0         8      
       autoinit.c.obj                 60     0         0      
       boot_cortex_m.c.obj            40     0         0      
       copy_zero_init.c.obj           22     0         0      
       copy_decompress_none.c.obj     18     0         0      
       memcpy16.S.obj                 18     0         0      
       memset16.S.obj                 14     0         0      
       _lock.c.obj                    2      0         8      
       pre_init.c.obj                 4      0         0      
    +--+------------------------------+------+---------+---------+
       Total:                         2344   0         425    
                                                              
    C:\ti\ccs2040\ccs\tools\compiler\ti-cgt-armllvm_4.0.4.LTS\lib\armv6m-ti-none-eabi/c/libsysbm.a
       trgmsg.c.obj                   104    0         288    
       add_device.c.obj               236    0         1      
       host_device.c.obj              0      0         200    
       open.c.obj                     160    0         1      
       hostrename.c.obj               136    0         0      
       hostlseek.c.obj                108    0         0      
       hostopen.c.obj                 96     0         8      
       hostread.c.obj                 88     0         0      
       hostwrite.c.obj                88     0         0      
       close.c.obj                    80     0         0      
       hostclose.c.obj                72     0         0      
       hostunlink.c.obj               72     0         0      
       unlink.c.obj                   44     0         0      
       write.c.obj                    40     0         0      
       remove.c.obj                   8      0         0      
       hostexit.c.obj                 4      0         0      
    +--+------------------------------+------+---------+---------+
       Total:                         1336   0         498    
                                                              
    C:\ti\ccs2040\ccs\tools\compiler\ti-cgt-armllvm_4.0.4.LTS\lib\armv6m-ti-none-eabi/libclang_rt.builtins.a
       aeabi_uidivmod.S.obj           64     0         0      
       aeabi_memset.S.obj             12     0         0      
       aeabi_memcpy.S.obj             8      0         0      
       aeabi_div0.c.obj               2      0         0      
    +--+------------------------------+------+---------+---------+
       Total:                         86     0         0      
                                                              
       Heap:                          0      0         512    
       Stack:                         0      0         512    
       Linker Generated:              0      155       0      
    +--+------------------------------+------+---------+---------+
       Grand Total:                   7676   1626      2127   


LINKER GENERATED COPY TABLES

__TI_cinit_table @ 00002454 records: 2, size/record: 8, table size: 16
	.data: load addr=000023c8, load size=00000077 bytes, run addr=20200460, run size=000001f9 bytes, compression=lzss
	.bss: load addr=0000244c, load size=00000008 bytes, run addr=20200000, run size=0000025c bytes, compression=zero_init


LINKER GENERATED HANDLER TABLE

__TI_handler_table @ 00002440 records: 3, size/record: 4, table size: 12
	index: 0, handler: __TI_decompress_lzss
	index: 1, handler: __TI_decompress_none
	index: 2, handler: __TI_zero_init


GLOBAL SYMBOLS: SORTED ALPHABETICALLY BY Name 

address   name                          
-------   ----                          
0000119d  ADC0_IRQHandler               
0000119d  ADC1_IRQHandler               
0000119d  AES_IRQHandler                
0000196d  ActivatePortA_B               
20200640  BusFreq                       
00001eb2  C$$EXIT                       
00001aa9  C$$IO$$                       
0000119d  CANFD0_IRQHandler             
00001df3  Clock_Delay                   
00001e59  Clock_Freq                    
000005f9  Clock_Init80MHz               
0000119d  DAC0_IRQHandler               
0000119d  DMA_IRQHandler                
00000b2d  DebtFree                      
0000119d  Default_Handler               
000023b7  EID                           
00001bb3  FindM                         
000019a4  FirstLastCompute              
0000119d  GROUP0_IRQHandler             
0000119d  GROUP1_IRQHandler             
00001821  HOSTclose                     
00001eb3  HOSTexit                      
000013a5  HOSTlseek                     
000015b5  HOSTopen                      
000016cd  HOSTread                      
00001411  HOSTrename                    
00001869  HOSTunlink                    
00001725  HOSTwrite                     
0000119d  HardFault_Handler             
0000119d  I2C0_IRQHandler               
0000119d  I2C1_IRQHandler               
00001229  LaunchPad_Init                
20200258  M                             
0000119d  NMI_Handler                   
0000119d  PendSV_Handler                
20200618  Q1input                       
0000119d  RTC_IRQHandler                
00001d8d  Random                        
00001d31  Random32                      
00001eb7  Reset_Handler                 
0000119d  SPI0_IRQHandler               
0000119d  SPI1_IRQHandler               
0000119d  SVC_Handler                   
00001615  ShowInput1                    
00001671  ShowOutput3                   
0000119d  SysTick_Handler               
0000119d  TIMA0_IRQHandler              
0000119d  TIMA1_IRQHandler              
0000119d  TIMG0_IRQHandler              
0000119d  TIMG12_IRQHandler             
0000119d  TIMG6_IRQHandler              
0000119d  TIMG7_IRQHandler              
0000119d  TIMG8_IRQHandler              
00001dcf  TI_memcpy_small               
00001e4b  TI_memset_small               
000022dc  Tests2                        
00001ec0  Tests3                        
0000119d  UART0_IRQHandler              
0000119d  UART1_IRQHandler              
0000119d  UART2_IRQHandler              
0000119d  UART3_IRQHandler              
00001d51  UART_InChar                   
00000d15  UART_Init                     
00001109  UART_InitPrintf               
00001e03  UART_OutCRLF                  
00001c15  UART_OutChar                  
00001ce5  UART_OutString                
000019dd  UART_OutUDec                  
20200000  _CIOBUF_                      
20200000  __CIOBUF_                     
20208000  __STACK_END                   
00000200  __STACK_SIZE                  
00000200  __SYSMEM_SIZE                 
00000000  __TI_ATRegion0_region_sz      
00000000  __TI_ATRegion0_src_addr       
00000000  __TI_ATRegion0_trg_addr       
00000000  __TI_ATRegion1_region_sz      
00000000  __TI_ATRegion1_src_addr       
00000000  __TI_ATRegion1_trg_addr       
00000000  __TI_ATRegion2_region_sz      
00000000  __TI_ATRegion2_src_addr       
00000000  __TI_ATRegion2_trg_addr       
00002454  __TI_CINIT_Base               
00002464  __TI_CINIT_Limit              
00002464  __TI_CINIT_Warm               
00002440  __TI_Handler_Table_Base       
0000244c  __TI_Handler_Table_Limit      
00001931  __TI_auto_init_nobinit_nopinit
00001a15  __TI_cleanup                  
20200638  __TI_cleanup_ptr              
000012ad  __TI_closefile                
00001329  __TI_decompress_lzss          
00001de1  __TI_decompress_none          
0000177d  __TI_doflush                  
2020063c  __TI_dtors_ptr                
20200644  __TI_ft_end                   
ffffffff  __TI_pprof_out_hndl           
ffffffff  __TI_prof_data_size           
ffffffff  __TI_prof_data_start          
00001a49  __TI_readmsg                  
00000000  __TI_static_base__            
20200120  __TI_tmpnams                  
00001a7d  __TI_writemsg                 
00001da5  __TI_zero_init_nomemset       
000017cf  __aeabi_idiv0                 
00001e65  __aeabi_memclr                
00001e65  __aeabi_memclr4               
00001e65  __aeabi_memclr8               
00001e9d  __aeabi_memcpy                
00001e9d  __aeabi_memcpy4               
00001e9d  __aeabi_memcpy8               
000018b1  __aeabi_uidiv                 
000018b1  __aeabi_uidivmod              
ffffffff  __binit__                     
UNDEFED   __mpu_init                    
20207e00  __stack                       
20200000  __start___llvm_prf_bits       
20200000  __start___llvm_prf_cnts       
20200000  __stop___llvm_prf_bits        
20200000  __stop___llvm_prf_cnts        
00001cbd  _c_int00_noargs               
20200550  _device                       
20200460  _ftable                       
20200648  _lock                         
00001a13  _nop                          
202005c8  _stream                       
20200260  _sys_memory                   
UNDEFED   _system_post_cinit            
00001ebb  _system_pre_init              
2020064c  _unlock                       
00001ead  abort                         
00000c29  add_device                    
00000a19  aligned_alloc                 
202001c0  answers1                      
20200214  answers2                      
2020022c  answers3                      
ffffffff  binit                         
000017d1  close                         
00001ab1  exit                          
00001b81  findExp                       
00001ae5  finddevice                    
00001be5  fopen                         
00000dfd  free                          
00001b19  freopen                       
0000147d  getdevice                     
00000000  interruptVectors              
000000c1  main                          
00001e71  malloc                        
00000a19  memalign                      
00001069  open                          
20200240  parmbuf                       
00001ea5  remove                        
00000ee5  setvbuf                       
000011a1  strcmp                        
00001e89  uart_close                    
00001e3d  uart_lseek                    
00001dbb  uart_open                     
00001d0b  uart_read                     
00001e7d  uart_rename                   
00001e93  uart_unlink                   
00001b4d  uart_write                    
00001c41  unlink                        
00001c95  write                         


GLOBAL SYMBOLS: SORTED BY Symbol Address 

address   name                          
-------   ----                          
00000000  __TI_ATRegion0_region_sz      
00000000  __TI_ATRegion0_src_addr       
00000000  __TI_ATRegion0_trg_addr       
00000000  __TI_ATRegion1_region_sz      
00000000  __TI_ATRegion1_src_addr       
00000000  __TI_ATRegion1_trg_addr       
00000000  __TI_ATRegion2_region_sz      
00000000  __TI_ATRegion2_src_addr       
00000000  __TI_ATRegion2_trg_addr       
00000000  __TI_static_base__            
00000000  interruptVectors              
000000c1  main                          
00000200  __STACK_SIZE                  
00000200  __SYSMEM_SIZE                 
000005f9  Clock_Init80MHz               
00000a19  aligned_alloc                 
00000a19  memalign                      
00000b2d  DebtFree                      
00000c29  add_device                    
00000d15  UART_Init                     
00000dfd  free                          
00000ee5  setvbuf                       
00001069  open                          
00001109  UART_InitPrintf               
0000119d  ADC0_IRQHandler               
0000119d  ADC1_IRQHandler               
0000119d  AES_IRQHandler                
0000119d  CANFD0_IRQHandler             
0000119d  DAC0_IRQHandler               
0000119d  DMA_IRQHandler                
0000119d  Default_Handler               
0000119d  GROUP0_IRQHandler             
0000119d  GROUP1_IRQHandler             
0000119d  HardFault_Handler             
0000119d  I2C0_IRQHandler               
0000119d  I2C1_IRQHandler               
0000119d  NMI_Handler                   
0000119d  PendSV_Handler                
0000119d  RTC_IRQHandler                
0000119d  SPI0_IRQHandler               
0000119d  SPI1_IRQHandler               
0000119d  SVC_Handler                   
0000119d  SysTick_Handler               
0000119d  TIMA0_IRQHandler              
0000119d  TIMA1_IRQHandler              
0000119d  TIMG0_IRQHandler              
0000119d  TIMG12_IRQHandler             
0000119d  TIMG6_IRQHandler              
0000119d  TIMG7_IRQHandler              
0000119d  TIMG8_IRQHandler              
0000119d  UART0_IRQHandler              
0000119d  UART1_IRQHandler              
0000119d  UART2_IRQHandler              
0000119d  UART3_IRQHandler              
000011a1  strcmp                        
00001229  LaunchPad_Init                
000012ad  __TI_closefile                
00001329  __TI_decompress_lzss          
000013a5  HOSTlseek                     
00001411  HOSTrename                    
0000147d  getdevice                     
000015b5  HOSTopen                      
00001615  ShowInput1                    
00001671  ShowOutput3                   
000016cd  HOSTread                      
00001725  HOSTwrite                     
0000177d  __TI_doflush                  
000017cf  __aeabi_idiv0                 
000017d1  close                         
00001821  HOSTclose                     
00001869  HOSTunlink                    
000018b1  __aeabi_uidiv                 
000018b1  __aeabi_uidivmod              
00001931  __TI_auto_init_nobinit_nopinit
0000196d  ActivatePortA_B               
000019a4  FirstLastCompute              
000019dd  UART_OutUDec                  
00001a13  _nop                          
00001a15  __TI_cleanup                  
00001a49  __TI_readmsg                  
00001a7d  __TI_writemsg                 
00001aa9  C$$IO$$                       
00001ab1  exit                          
00001ae5  finddevice                    
00001b19  freopen                       
00001b4d  uart_write                    
00001b81  findExp                       
00001bb3  FindM                         
00001be5  fopen                         
00001c15  UART_OutChar                  
00001c41  unlink                        
00001c95  write                         
00001cbd  _c_int00_noargs               
00001ce5  UART_OutString                
00001d0b  uart_read                     
00001d31  Random32                      
00001d51  UART_InChar                   
00001d8d  Random                        
00001da5  __TI_zero_init_nomemset       
00001dbb  uart_open                     
00001dcf  TI_memcpy_small               
00001de1  __TI_decompress_none          
00001df3  Clock_Delay                   
00001e03  UART_OutCRLF                  
00001e3d  uart_lseek                    
00001e4b  TI_memset_small               
00001e59  Clock_Freq                    
00001e65  __aeabi_memclr                
00001e65  __aeabi_memclr4               
00001e65  __aeabi_memclr8               
00001e71  malloc                        
00001e7d  uart_rename                   
00001e89  uart_close                    
00001e93  uart_unlink                   
00001e9d  __aeabi_memcpy                
00001e9d  __aeabi_memcpy4               
00001e9d  __aeabi_memcpy8               
00001ea5  remove                        
00001ead  abort                         
00001eb2  C$$EXIT                       
00001eb3  HOSTexit                      
00001eb7  Reset_Handler                 
00001ebb  _system_pre_init              
00001ec0  Tests3                        
000022dc  Tests2                        
000023b7  EID                           
00002440  __TI_Handler_Table_Base       
0000244c  __TI_Handler_Table_Limit      
00002454  __TI_CINIT_Base               
00002464  __TI_CINIT_Limit              
00002464  __TI_CINIT_Warm               
20200000  _CIOBUF_                      
20200000  __CIOBUF_                     
20200000  __start___llvm_prf_bits       
20200000  __start___llvm_prf_cnts       
20200000  __stop___llvm_prf_bits        
20200000  __stop___llvm_prf_cnts        
20200120  __TI_tmpnams                  
202001c0  answers1                      
20200214  answers2                      
2020022c  answers3                      
20200240  parmbuf                       
20200258  M                             
20200260  _sys_memory                   
20200460  _ftable                       
20200550  _device                       
202005c8  _stream                       
20200618  Q1input                       
20200638  __TI_cleanup_ptr              
2020063c  __TI_dtors_ptr                
20200640  BusFreq                       
20200644  __TI_ft_end                   
20200648  _lock                         
2020064c  _unlock                       
20207e00  __stack                       
20208000  __STACK_END                   
ffffffff  __TI_pprof_out_hndl           
ffffffff  __TI_prof_data_size           
ffffffff  __TI_prof_data_start          
ffffffff  __binit__                     
ffffffff  binit                         
UNDEFED   __mpu_init                    
UNDEFED   _system_post_cinit            

[163 symbols]
