******************************************************************************
            TI ARM Clang Linker PC v4.0.4                      
******************************************************************************
>> Linked Thu Jan 29 20:22:59 2026

OUTPUT FILE NAME:   <ECE319K_Lab2.out>
ENTRY POINT SYMBOL: "_c_int00_noargs"  address: 00000e91


MEMORY CONFIGURATION

         name            origin    length      used     unused   attr    fill
----------------------  --------  ---------  --------  --------  ----  --------
  FLASH                 00000000   00020000  00001438  0001ebc8  R  X
  SRAM                  20200000   00008000  0000044c  00007bb4  RW X
  BCR_CONFIG            41c00000   00000080  00000000  00000080  R   
  BSL_CONFIG            41c00100   00000080  00000000  00000080  R   


SEGMENT ALLOCATION MAP

run origin  load origin   length   init length attrs members
----------  ----------- ---------- ----------- ----- -------
00000000    00000000    00001438   00001438    r-x
  00000000    00000000    000000c0   000000c0    r-- .intvecs
  000000c0    000000c0    00000f30   00000f30    r-x .text
  00000ff0    00000ff0    00000418   00000418    r-- .rodata
  00001408    00001408    00000030   00000030    r-- .cinit
20200000    20200000    0000024c   00000000    rw-
  20200000    20200000    00000200   00000000    rw- .sysmem
  20200200    20200200    00000034   00000000    rw- .bss
  20200234    20200234    00000018   00000000    rw- .data
20207e00    20207e00    00000200   00000000    rw-
  20207e00    20207e00    00000200   00000000    rw- .stack


SECTION ALLOCATION MAP

 output                                  attributes/
section   page    origin      length       input sections
--------  ----  ----------  ----------   ----------------
.intvecs   0    00000000    000000c0     
                  00000000    000000c0     startup_mspm0g3507_ticlang.o (.intvecs)

.text      0    000000c0    00000f30     
                  000000c0    000001b4     Clock.o (.text.Clock_Init80MHz)
                  00000274    00000188     ECE319K_Lab2main.o (.text.TIMG0_IRQHandler)
                  000003fc    00000168     ECE319K_Lab2main.o (.text.Lab2Grader)
                  00000564    00000134     ECE319K_Lab2main.o (.text.ADC_Init)
                  00000698    000000e8     UARTbusywait.o (.text.UART_Init)
                  00000780    000000ac     ECE319K_Lab2main.o (.text.ShowProblem)
                  0000082c    000000a8     Timer.o (.text.TimerG7_IntArm)
                  000008d4    000000a4     ECE319K_Lab2main.o (.text.CheckInit)
                  00000978    000000a4     Timer.o (.text.TimerG0_IntArm)
                  00000a1c    00000094     ECE319K_Lab2main.o (.text.main)
                  00000ab0    00000088     libc.a : strcmp-armv6m.S.obj (.text:strcmp)
                  00000b38    0000007c     LaunchPad.o (.text.LaunchPad_Init)
                  00000bb4    0000007c     libc.a : copy_decompress_lzss.c.obj (.text:decompress:lzss)
                  00000c30    0000005c     ECE319K_Lab2main.o (.text.AddPoints)
                  00000c8c    0000005c     ECE319K_Lab2main.o (.text.TIMG7_IRQHandler)
                  00000ce8    00000040     libclang_rt.builtins.a : aeabi_uidivmod.S.obj (.text.__aeabi_uidivmod)
                  00000d28    0000003c     libc.a : autoinit.c.obj (.text:__TI_auto_init_nobinit_nopinit)
                  00000d64    00000038     LaunchPad.o (.text.ActivatePortA_B)
                  00000d9c    00000036     UART.o (.text.UART_OutUDec)
                  00000dd2    00000002     Dump.o (.text.Debug_Init)
                  00000dd4    00000034     ECE319K_Lab2main.o (.text.EndLab2)
                  00000e08    00000034     ECE319K_Lab2main.o (.text.setUpper)
                  00000e3c    0000002c     UARTbusywait.o (.text.UART_OutChar)
                  00000e68    00000028     ECE319K_Lab2main.o (.text.ADC_Start)
                  00000e90    00000028     libc.a : boot_cortex_m.c.obj (.text:_c_int00_noargs)
                  00000eb8    00000026     UART.o (.text.UART_OutString)
                  00000ede    00000002     libclang_rt.builtins.a : aeabi_div0.c.obj (.text.__aeabi_idiv0)
                  00000ee0    00000020     ECE319K_Lab2main.o (.text.Random32)
                  00000f00    0000001c     startup_mspm0g3507_ticlang.o (.text.Default_Handler)
                  00000f1c    0000001c     startup_mspm0g3507_ticlang.o (.text.HardFault_Handler)
                  00000f38    0000001a     ECE319K_Lab2.o (.text)
                  00000f52    00000018     ECE319K_Lab2main.o (.text.Random)
                  00000f6a    00000016     libc.a : copy_zero_init.c.obj (.text:decompress:ZI:__TI_zero_init_nomemset)
                  00000f80    00000012            : memcpy16.S.obj (.text:TI_memcpy_small)
                  00000f92    00000012            : copy_decompress_none.c.obj (.text:decompress:none)
                  00000fa4    00000010     Clock.o (.text.Clock_Delay)
                  00000fb4    00000010     LaunchPad.o (.text.Delay)
                  00000fc4    0000000c     Clock.o (.text.Clock_Freq)
                  00000fd0    00000008     libclang_rt.builtins.a : aeabi_memcpy.S.obj (.text.__aeabi_memcpy)
                  00000fd8    00000006     libc.a : exit.c.obj (.text:abort)
                  00000fde    00000004     libsysbm.a : hostexit.c.obj (.text.HOSTexit)
                  00000fe2    00000004     startup_mspm0g3507_ticlang.o (.text.Reset_Handler)
                  00000fe6    00000004     libc.a : pre_init.c.obj (.text._system_pre_init)
                  00000fea    00000006     --HOLE-- [fill = 0]

.cinit     0    00001408    00000030     
                  00001408    0000000c     (.cinit..data.load) [load image, compression = lzss]
                  00001414    0000000c     (__TI_handler_table)
                  00001420    00000008     (.cinit..bss.load) [load image, compression = zero_init]
                  00001428    00000010     (__TI_cinit_table)

.rodata    0    00000ff0    00000418     
                  00000ff0    00000140     ECE319K_Lab2main.o (.rodata.ChangeProblem)
                  00001130    000000f0     ECE319K_Lab2main.o (.rodata.LEDProblem)
                  00001220    00000080     ECE319K_Lab2main.o (.rodata.Duties)
                  000012a0    0000002c     ECE319K_Lab2main.o (.rodata.str1.7062926969206311597.1)
                  000012cc    00000023     ECE319K_Lab2main.o (.rodata.str1.3207379175751376446.1)
                  000012ef    00000023     ECE319K_Lab2main.o (.rodata.str1.4222954125509300341.1)
                  00001312    00000022     ECE319K_Lab2main.o (.rodata.str1.13815578979866684134.1)
                  00001334    0000001e     ECE319K_Lab2main.o (.rodata.str1.3364126515973276094.1)
                  00001352    0000001c     ECE319K_Lab2main.o (.rodata.str1.6392833449475755291.1)
                  0000136e    00000019     ECE319K_Lab2main.o (.rodata.str1.17126488509411296819.1)
                  00001387    00000017     ECE319K_Lab2main.o (.rodata.str1.8766917546399914832.1)
                  0000139e    00000002     --HOLE-- [fill = 0]
                  000013a0    00000010     ECE319K_Lab2main.o (.rodata.ChangeMask)
                  000013b0    00000010     ECE319K_Lab2main.o (.rodata.InMux)
                  000013c0    0000000e     ECE319K_Lab2main.o (.rodata.str1.12998734593300111219.1)
                  000013ce    00000002     --HOLE-- [fill = 0]
                  000013d0    0000000c     ECE319K_Lab2main.o (.rodata.LEDMask)
                  000013dc    0000000c     ECE319K_Lab2main.o (.rodata.OutMux)
                  000013e8    0000000b     ECE319K_Lab2main.o (.rodata.str1.7469063428172274975.1)
                  000013f3    00000008     ECE319K_Lab2main.o (.rodata.str1.16917794796988880805.1)
                  000013fb    00000007     ECE319K_Lab2main.o (.rodata.str1.12787440571598318044.1)
                  00001402    00000003     ECE319K_Lab2main.o (.rodata.str1.4040185417061405959.1)
                  00001405    00000003     --HOLE-- [fill = 0]

.init_array 
*          0    00000000    00000000     UNINITIALIZED

.binit     0    00000000    00000000     

.sysmem    0    20200000    00000200     UNINITIALIZED
                  20200000    00000010     libc.a : memory.c.obj (.sysmem)
                  20200010    000001f0     --HOLE--

.bss       0    20200200    00000034     UNINITIALIZED
                  20200200    00000010     (.common:Inflag)
                  20200210    00000004     (.common:Duty)
                  20200214    00000004     (.common:FirstCount)
                  20200218    00000004     (.common:LastLED)
                  2020021c    00000004     (.common:M)
                  20200220    00000004     (.common:Period)
                  20200224    00000004     (.common:Phase)
                  20200228    00000004     (.common:SecondCount)
                  2020022c    00000004     (.common:SizeofEID)
                  20200230    00000004     (.common:TExaSadc)

.data      0    20200234    00000018     UNINITIALIZED
                  20200234    00000004     Clock.o (.data.BusFreq)
                  20200238    00000004     ECE319K_Lab2main.o (.data.Mode0)
                  2020023c    00000004     ECE319K_Lab2main.o (.data.Mode1)
                  20200240    00000004     ECE319K_Lab2main.o (.data.Mode2)
                  20200244    00000004     ECE319K_Lab2main.o (.data.Score)
                  20200248    00000004     ECE319K_Lab2main.o (.data.Time)

.stack     0    20207e00    00000200     UNINITIALIZED
                  20207e00    00000004     libc.a : boot_cortex_m.c.obj (.stack)
                  20207e04    000001fc     --HOLE--

__llvm_prf_cnts 
*          0    20200000    00000000     UNINITIALIZED

__llvm_prf_bits 
*          0    20200000    00000000     UNINITIALIZED

MODULE SUMMARY

       Module                         code   ro data   rw data
       ------                         ----   -------   -------
    .\
       ECE319K_Lab2main.o             1928   1041      72     
       Clock.o                        464    0         4      
       Timer.o                        332    0         0      
       UARTbusywait.o                 276    0         0      
       LaunchPad.o                    196    0         0      
       UART.o                         92     0         0      
       ECE319K_Lab2.o                 26     0         0      
       Dump.o                         2      0         0      
    +--+------------------------------+------+---------+---------+
       Total:                         3316   1041      76     
                                                              
    .\ticlang\
       startup_mspm0g3507_ticlang.o   60     192       0      
    +--+------------------------------+------+---------+---------+
       Total:                         60     192       0      
                                                              
    C:\ti\ccs2040\ccs\tools\compiler\ti-cgt-armllvm_4.0.4.LTS\lib\armv6m-ti-none-eabi/c/libc.a
       strcmp-armv6m.S.obj            136    0         0      
       copy_decompress_lzss.c.obj     124    0         0      
       autoinit.c.obj                 60     0         0      
       boot_cortex_m.c.obj            40     0         0      
       copy_zero_init.c.obj           22     0         0      
       copy_decompress_none.c.obj     18     0         0      
       memcpy16.S.obj                 18     0         0      
       exit.c.obj                     6      0         0      
       pre_init.c.obj                 4      0         0      
    +--+------------------------------+------+---------+---------+
       Total:                         428    0         0      
                                                              
    C:\ti\ccs2040\ccs\tools\compiler\ti-cgt-armllvm_4.0.4.LTS\lib\armv6m-ti-none-eabi/c/libsysbm.a
       hostexit.c.obj                 4      0         0      
    +--+------------------------------+------+---------+---------+
       Total:                         4      0         0      
                                                              
    C:\ti\ccs2040\ccs\tools\compiler\ti-cgt-armllvm_4.0.4.LTS\lib\armv6m-ti-none-eabi/libclang_rt.builtins.a
       aeabi_uidivmod.S.obj           64     0         0      
       aeabi_memcpy.S.obj             8      0         0      
       aeabi_div0.c.obj               2      0         0      
    +--+------------------------------+------+---------+---------+
       Total:                         74     0         0      
                                                              
       Heap:                          0      0         512    
       Stack:                         0      0         512    
       Linker Generated:              0      48        0      
    +--+------------------------------+------+---------+---------+
       Grand Total:                   3882   1281      1100   


LINKER GENERATED COPY TABLES

__TI_cinit_table @ 00001428 records: 2, size/record: 8, table size: 16
	.data: load addr=00001408, load size=0000000c bytes, run addr=20200234, run size=00000018 bytes, compression=lzss
	.bss: load addr=00001420, load size=00000008 bytes, run addr=20200200, run size=00000034 bytes, compression=zero_init


LINKER GENERATED HANDLER TABLE

__TI_handler_table @ 00001414 records: 3, size/record: 4, table size: 12
	index: 0, handler: __TI_decompress_lzss
	index: 1, handler: __TI_decompress_none
	index: 2, handler: __TI_zero_init


GLOBAL SYMBOLS: SORTED ALPHABETICALLY BY Name 

address   name                          
-------   ----                          
00000f01  ADC0_IRQHandler               
00000f01  ADC1_IRQHandler               
00000565  ADC_Init                      
00000e69  ADC_Start                     
00000f01  AES_IRQHandler                
00000d65  ActivatePortA_B               
00000c31  AddPoints                     
20200234  BusFreq                       
00000fde  C$$EXIT                       
00000f01  CANFD0_IRQHandler             
000013a0  ChangeMask                    
00000ff0  ChangeProblem                 
000008d5  CheckInit                     
00000fa5  Clock_Delay                   
00000fc5  Clock_Freq                    
000000c1  Clock_Init80MHz               
00000f01  DAC0_IRQHandler               
00000f01  DMA_IRQHandler                
00000dd3  Debug_Init                    
00000f01  Default_Handler               
00000fb5  Delay                         
00001220  Duties                        
20200210  Duty                          
00000f38  EID                           
00000dd5  EndLab2                       
20200214  FirstCount                    
00000f01  GROUP0_IRQHandler             
00000f01  GROUP1_IRQHandler             
00000fdf  HOSTexit                      
00000f1d  HardFault_Handler             
00000f01  I2C0_IRQHandler               
00000f01  I2C1_IRQHandler               
000013b0  InMux                         
20200200  Inflag                        
000013d0  LEDMask                       
00001130  LEDProblem                    
00000f40  Lab2                          
000003fd  Lab2Grader                    
20200218  LastLED                       
00000b39  LaunchPad_Init                
2020021c  M                             
20200238  Mode0                         
2020023c  Mode1                         
20200240  Mode2                         
00000f01  NMI_Handler                   
000013dc  OutMux                        
00000f01  PendSV_Handler                
20200220  Period                        
20200224  Phase                         
00000f01  RTC_IRQHandler                
00000f53  Random                        
00000ee1  Random32                      
00000fe3  Reset_Handler                 
00000f01  SPI0_IRQHandler               
00000f01  SPI1_IRQHandler               
00000f01  SVC_Handler                   
20200244  Score                         
20200228  SecondCount                   
00000781  ShowProblem                   
2020022c  SizeofEID                     
00000f01  SysTick_Handler               
20200230  TExaSadc                      
00000f01  TIMA0_IRQHandler              
00000f01  TIMA1_IRQHandler              
00000275  TIMG0_IRQHandler              
00000f01  TIMG12_IRQHandler             
00000f01  TIMG6_IRQHandler              
00000c8d  TIMG7_IRQHandler              
00000f01  TIMG8_IRQHandler              
00000f81  TI_memcpy_small               
20200248  Time                          
00000979  TimerG0_IntArm                
0000082d  TimerG7_IntArm                
00000f01  UART0_IRQHandler              
00000f01  UART1_IRQHandler              
00000f01  UART2_IRQHandler              
00000f01  UART3_IRQHandler              
00000699  UART_Init                     
00000e3d  UART_OutChar                  
00000eb9  UART_OutString                
00000d9d  UART_OutUDec                  
20208000  __STACK_END                   
00000200  __STACK_SIZE                  
00000200  __SYSMEM_SIZE                 
00000000  __TI_ATRegion0_region_sz      
00000000  __TI_ATRegion0_src_addr       
00000000  __TI_ATRegion0_trg_addr       
00000000  __TI_ATRegion1_region_sz      
00000000  __TI_ATRegion1_src_addr       
00000000  __TI_ATRegion1_trg_addr       
00000000  __TI_ATRegion2_region_sz      
00000000  __TI_ATRegion2_src_addr       
00000000  __TI_ATRegion2_trg_addr       
00001428  __TI_CINIT_Base               
00001438  __TI_CINIT_Limit              
00001438  __TI_CINIT_Warm               
00001414  __TI_Handler_Table_Base       
00001420  __TI_Handler_Table_Limit      
00000d29  __TI_auto_init_nobinit_nopinit
00000bb5  __TI_decompress_lzss          
00000f93  __TI_decompress_none          
ffffffff  __TI_pprof_out_hndl           
ffffffff  __TI_prof_data_size           
ffffffff  __TI_prof_data_start          
00000000  __TI_static_base__            
00000f6b  __TI_zero_init_nomemset       
00000edf  __aeabi_idiv0                 
00000fd1  __aeabi_memcpy                
00000fd1  __aeabi_memcpy4               
00000fd1  __aeabi_memcpy8               
00000ce9  __aeabi_uidiv                 
00000ce9  __aeabi_uidivmod              
ffffffff  __binit__                     
UNDEFED   __mpu_init                    
20207e00  __stack                       
20200000  __start___llvm_prf_bits       
20200000  __start___llvm_prf_cnts       
20200000  __stop___llvm_prf_bits        
20200000  __stop___llvm_prf_cnts        
00000e91  _c_int00_noargs               
20200000  _sys_memory                   
UNDEFED   _system_post_cinit            
00000fe7  _system_pre_init              
00000fd9  abort                         
ffffffff  binit                         
00000000  interruptVectors              
00000a1d  main                          
00000e09  setUpper                      
00000ab1  strcmp                        


GLOBAL SYMBOLS: SORTED BY Symbol Address 

address   name                          
-------   ----                          
00000000  __TI_ATRegion0_region_sz      
00000000  __TI_ATRegion0_src_addr       
00000000  __TI_ATRegion0_trg_addr       
00000000  __TI_ATRegion1_region_sz      
00000000  __TI_ATRegion1_src_addr       
00000000  __TI_ATRegion1_trg_addr       
00000000  __TI_ATRegion2_region_sz      
00000000  __TI_ATRegion2_src_addr       
00000000  __TI_ATRegion2_trg_addr       
00000000  __TI_static_base__            
00000000  interruptVectors              
000000c1  Clock_Init80MHz               
00000200  __STACK_SIZE                  
00000200  __SYSMEM_SIZE                 
00000275  TIMG0_IRQHandler              
000003fd  Lab2Grader                    
00000565  ADC_Init                      
00000699  UART_Init                     
00000781  ShowProblem                   
0000082d  TimerG7_IntArm                
000008d5  CheckInit                     
00000979  TimerG0_IntArm                
00000a1d  main                          
00000ab1  strcmp                        
00000b39  LaunchPad_Init                
00000bb5  __TI_decompress_lzss          
00000c31  AddPoints                     
00000c8d  TIMG7_IRQHandler              
00000ce9  __aeabi_uidiv                 
00000ce9  __aeabi_uidivmod              
00000d29  __TI_auto_init_nobinit_nopinit
00000d65  ActivatePortA_B               
00000d9d  UART_OutUDec                  
00000dd3  Debug_Init                    
00000dd5  EndLab2                       
00000e09  setUpper                      
00000e3d  UART_OutChar                  
00000e69  ADC_Start                     
00000e91  _c_int00_noargs               
00000eb9  UART_OutString                
00000edf  __aeabi_idiv0                 
00000ee1  Random32                      
00000f01  ADC0_IRQHandler               
00000f01  ADC1_IRQHandler               
00000f01  AES_IRQHandler                
00000f01  CANFD0_IRQHandler             
00000f01  DAC0_IRQHandler               
00000f01  DMA_IRQHandler                
00000f01  Default_Handler               
00000f01  GROUP0_IRQHandler             
00000f01  GROUP1_IRQHandler             
00000f01  I2C0_IRQHandler               
00000f01  I2C1_IRQHandler               
00000f01  NMI_Handler                   
00000f01  PendSV_Handler                
00000f01  RTC_IRQHandler                
00000f01  SPI0_IRQHandler               
00000f01  SPI1_IRQHandler               
00000f01  SVC_Handler                   
00000f01  SysTick_Handler               
00000f01  TIMA0_IRQHandler              
00000f01  TIMA1_IRQHandler              
00000f01  TIMG12_IRQHandler             
00000f01  TIMG6_IRQHandler              
00000f01  TIMG8_IRQHandler              
00000f01  UART0_IRQHandler              
00000f01  UART1_IRQHandler              
00000f01  UART2_IRQHandler              
00000f01  UART3_IRQHandler              
00000f1d  HardFault_Handler             
00000f38  EID                           
00000f40  Lab2                          
00000f53  Random                        
00000f6b  __TI_zero_init_nomemset       
00000f81  TI_memcpy_small               
00000f93  __TI_decompress_none          
00000fa5  Clock_Delay                   
00000fb5  Delay                         
00000fc5  Clock_Freq                    
00000fd1  __aeabi_memcpy                
00000fd1  __aeabi_memcpy4               
00000fd1  __aeabi_memcpy8               
00000fd9  abort                         
00000fde  C$$EXIT                       
00000fdf  HOSTexit                      
00000fe3  Reset_Handler                 
00000fe7  _system_pre_init              
00000ff0  ChangeProblem                 
00001130  LEDProblem                    
00001220  Duties                        
000013a0  ChangeMask                    
000013b0  InMux                         
000013d0  LEDMask                       
000013dc  OutMux                        
00001414  __TI_Handler_Table_Base       
00001420  __TI_Handler_Table_Limit      
00001428  __TI_CINIT_Base               
00001438  __TI_CINIT_Limit              
00001438  __TI_CINIT_Warm               
20200000  __start___llvm_prf_bits       
20200000  __start___llvm_prf_cnts       
20200000  __stop___llvm_prf_bits        
20200000  __stop___llvm_prf_cnts        
20200000  _sys_memory                   
20200200  Inflag                        
20200210  Duty                          
20200214  FirstCount                    
20200218  LastLED                       
2020021c  M                             
20200220  Period                        
20200224  Phase                         
20200228  SecondCount                   
2020022c  SizeofEID                     
20200230  TExaSadc                      
20200234  BusFreq                       
20200238  Mode0                         
2020023c  Mode1                         
20200240  Mode2                         
20200244  Score                         
20200248  Time                          
20207e00  __stack                       
20208000  __STACK_END                   
ffffffff  __TI_pprof_out_hndl           
ffffffff  __TI_prof_data_size           
ffffffff  __TI_prof_data_start          
ffffffff  __binit__                     
ffffffff  binit                         
UNDEFED   __mpu_init                    
UNDEFED   _system_post_cinit            

[129 symbols]
