******************************************************************************
            TI ARM Clang Linker PC v4.0.4                      
******************************************************************************
>> Linked Thu Jan 29 22:13:38 2026

OUTPUT FILE NAME:   <NotGateAsm.out>
ENTRY POINT SYMBOL: "_c_int00_noinit_noargs"  address: 000001c9


MEMORY CONFIGURATION

         name            origin    length      used     unused   attr    fill
----------------------  --------  ---------  --------  --------  ----  --------
  FLASH                 00000000   00020000  00000248  0001fdb8  R  X
  SRAM                  20200000   00008000  00000200  00007e00  RW X
  BCR_CONFIG            41c00000   00000080  00000000  00000080  R   
  BSL_CONFIG            41c00100   00000080  00000000  00000080  R   


SEGMENT ALLOCATION MAP

run origin  load origin   length   init length attrs members
----------  ----------- ---------- ----------- ----- -------
00000000    00000000    00000248   00000248    r-x
  00000000    00000000    000000c0   000000c0    r-- .intvecs
  000000c0    000000c0    00000188   00000188    r-x .text
20207e00    20207e00    00000200   00000000    rw-
  20207e00    20207e00    00000200   00000000    rw- .stack


SECTION ALLOCATION MAP

 output                                  attributes/
section   page    origin      length       input sections
--------  ----  ----------  ----------   ----------------
.intvecs   0    00000000    000000c0     
                  00000000    000000c0     startup_mspm0g3507_ticlang.o (.intvecs)

.text      0    000000c0    00000188     
                  000000c0    0000007c     LaunchPad.o (.text.LaunchPad_Init)
                  0000013c    00000054     NotGate.o (.text)
                  00000190    00000038     LaunchPad.o (.text.ActivatePortA_B)
                  000001c8    00000020     libc.a : boot_cortex_m.c.obj (.text:_c_int00_noinit_noargs)
                  000001e8    0000001c     startup_mspm0g3507_ticlang.o (.text.Default_Handler)
                  00000204    0000001c     startup_mspm0g3507_ticlang.o (.text.HardFault_Handler)
                  00000220    00000010     LaunchPad.o (.text.Delay)
                  00000230    00000006     libc.a : exit.c.obj (.text:abort)
                  00000236    00000004     libsysbm.a : hostexit.c.obj (.text.HOSTexit)
                  0000023a    00000004     startup_mspm0g3507_ticlang.o (.text.Reset_Handler)
                  0000023e    00000004     libc.a : pre_init.c.obj (.text._system_pre_init)
                  00000242    00000006     --HOLE-- [fill = 0]

.cinit     0    00000000    00000000     

.init_array 
*          0    00000000    00000000     UNINITIALIZED

.binit     0    00000000    00000000     

.stack     0    20207e00    00000200     UNINITIALIZED
                  20207e00    00000004     libc.a : boot_cortex_m.c.obj (.stack)
                  20207e04    000001fc     --HOLE--

__llvm_prf_cnts 
*          0    20200000    00000000     UNINITIALIZED

__llvm_prf_bits 
*          0    20200000    00000000     UNINITIALIZED

MODULE SUMMARY

       Module                         code   ro data   rw data
       ------                         ----   -------   -------
    .\
       LaunchPad.o                    196    0         0      
       NotGate.o                      84     0         0      
    +--+------------------------------+------+---------+---------+
       Total:                         280    0         0      
                                                              
    .\ticlang\
       startup_mspm0g3507_ticlang.o   60     192       0      
    +--+------------------------------+------+---------+---------+
       Total:                         60     192       0      
                                                              
    C:\ti\ccs2040\ccs\tools\compiler\ti-cgt-armllvm_4.0.4.LTS\lib\armv6m-ti-none-eabi/c/libc.a
       boot_cortex_m.c.obj            32     0         0      
       exit.c.obj                     6      0         0      
       pre_init.c.obj                 4      0         0      
    +--+------------------------------+------+---------+---------+
       Total:                         42     0         0      
                                                              
    C:\ti\ccs2040\ccs\tools\compiler\ti-cgt-armllvm_4.0.4.LTS\lib\armv6m-ti-none-eabi/c/libsysbm.a
       hostexit.c.obj                 4      0         0      
    +--+------------------------------+------+---------+---------+
       Total:                         4      0         0      
                                                              
       Stack:                         0      0         512    
    +--+------------------------------+------+---------+---------+
       Grand Total:                   386    192       512    


GLOBAL SYMBOLS: SORTED ALPHABETICALLY BY Name 

address   name                    
-------   ----                    
000001e9  ADC0_IRQHandler         
000001e9  ADC1_IRQHandler         
000001e9  AES_IRQHandler          
00000191  ActivatePortA_B         
00000236  C$$EXIT                 
000001e9  CANFD0_IRQHandler       
000001e9  DAC0_IRQHandler         
000001e9  DMA_IRQHandler          
000001e9  Default_Handler         
00000221  Delay                   
000001e9  GROUP0_IRQHandler       
000001e9  GROUP1_IRQHandler       
00000237  HOSTexit                
00000205  HardFault_Handler       
000001e9  I2C0_IRQHandler         
000001e9  I2C1_IRQHandler         
000000c1  LaunchPad_Init          
000001e9  NMI_Handler             
000001e9  PendSV_Handler          
000001e9  RTC_IRQHandler          
0000023b  Reset_Handler           
000001e9  SPI0_IRQHandler         
000001e9  SPI1_IRQHandler         
000001e9  SVC_Handler             
000001e9  SysTick_Handler         
000001e9  TIMA0_IRQHandler        
000001e9  TIMA1_IRQHandler        
000001e9  TIMG0_IRQHandler        
000001e9  TIMG12_IRQHandler       
000001e9  TIMG6_IRQHandler        
000001e9  TIMG7_IRQHandler        
000001e9  TIMG8_IRQHandler        
000001e9  UART0_IRQHandler        
000001e9  UART1_IRQHandler        
000001e9  UART2_IRQHandler        
000001e9  UART3_IRQHandler        
20208000  __STACK_END             
00000200  __STACK_SIZE            
00000000  __TI_ATRegion0_region_sz
00000000  __TI_ATRegion0_src_addr 
00000000  __TI_ATRegion0_trg_addr 
00000000  __TI_ATRegion1_region_sz
00000000  __TI_ATRegion1_src_addr 
00000000  __TI_ATRegion1_trg_addr 
00000000  __TI_ATRegion2_region_sz
00000000  __TI_ATRegion2_src_addr 
00000000  __TI_ATRegion2_trg_addr 
00000000  __TI_CINIT_Base         
00000000  __TI_CINIT_Limit        
00000000  __TI_CINIT_Warm         
ffffffff  __TI_pprof_out_hndl     
ffffffff  __TI_prof_data_size     
ffffffff  __TI_prof_data_start    
00000000  __TI_static_base__      
ffffffff  __binit__               
UNDEFED   __mpu_init              
20207e00  __stack                 
20200000  __start___llvm_prf_bits 
20200000  __start___llvm_prf_cnts 
20200000  __stop___llvm_prf_bits  
20200000  __stop___llvm_prf_cnts  
000001c9  _c_int00_noinit_noargs  
0000023f  _system_pre_init        
00000231  abort                   
ffffffff  binit                   
00000000  interruptVectors        
0000013c  main                    


GLOBAL SYMBOLS: SORTED BY Symbol Address 

address   name                    
-------   ----                    
00000000  __TI_ATRegion0_region_sz
00000000  __TI_ATRegion0_src_addr 
00000000  __TI_ATRegion0_trg_addr 
00000000  __TI_ATRegion1_region_sz
00000000  __TI_ATRegion1_src_addr 
00000000  __TI_ATRegion1_trg_addr 
00000000  __TI_ATRegion2_region_sz
00000000  __TI_ATRegion2_src_addr 
00000000  __TI_ATRegion2_trg_addr 
00000000  __TI_CINIT_Base         
00000000  __TI_CINIT_Limit        
00000000  __TI_CINIT_Warm         
00000000  __TI_static_base__      
00000000  interruptVectors        
000000c1  LaunchPad_Init          
0000013c  main                    
00000191  ActivatePortA_B         
000001c9  _c_int00_noinit_noargs  
000001e9  ADC0_IRQHandler         
000001e9  ADC1_IRQHandler         
000001e9  AES_IRQHandler          
000001e9  CANFD0_IRQHandler       
000001e9  DAC0_IRQHandler         
000001e9  DMA_IRQHandler          
000001e9  Default_Handler         
000001e9  GROUP0_IRQHandler       
000001e9  GROUP1_IRQHandler       
000001e9  I2C0_IRQHandler         
000001e9  I2C1_IRQHandler         
000001e9  NMI_Handler             
000001e9  PendSV_Handler          
000001e9  RTC_IRQHandler          
000001e9  SPI0_IRQHandler         
000001e9  SPI1_IRQHandler         
000001e9  SVC_Handler             
000001e9  SysTick_Handler         
000001e9  TIMA0_IRQHandler        
000001e9  TIMA1_IRQHandler        
000001e9  TIMG0_IRQHandler        
000001e9  TIMG12_IRQHandler       
000001e9  TIMG6_IRQHandler        
000001e9  TIMG7_IRQHandler        
000001e9  TIMG8_IRQHandler        
000001e9  UART0_IRQHandler        
000001e9  UART1_IRQHandler        
000001e9  UART2_IRQHandler        
000001e9  UART3_IRQHandler        
00000200  __STACK_SIZE            
00000205  HardFault_Handler       
00000221  Delay                   
00000231  abort                   
00000236  C$$EXIT                 
00000237  HOSTexit                
0000023b  Reset_Handler           
0000023f  _system_pre_init        
20200000  __start___llvm_prf_bits 
20200000  __start___llvm_prf_cnts 
20200000  __stop___llvm_prf_bits  
20200000  __stop___llvm_prf_cnts  
20207e00  __stack                 
20208000  __STACK_END             
ffffffff  __TI_pprof_out_hndl     
ffffffff  __TI_prof_data_size     
ffffffff  __TI_prof_data_start    
ffffffff  __binit__               
ffffffff  binit                   
UNDEFED   __mpu_init              

[67 symbols]
