******************************************************************************
            TI ARM Clang Linker PC v3.2.1                      
******************************************************************************
>> Linked Fri Mar 22 22:33:19 2024

OUTPUT FILE NAME:   <XXXXXFall2023XXXXX.out>
ENTRY POINT SYMBOL: "_c_int00_noargs"  address: 00001ff1


MEMORY CONFIGURATION

         name            origin    length      used     unused   attr    fill
----------------------  --------  ---------  --------  --------  ----  --------
  FLASH                 00000000   00020000  00002800  0001d800  R  X
  SRAM                  20200000   00008000  00000921  000076df  RW X
  BCR_CONFIG            41c00000   00000080  00000000  00000080  R   
  BSL_CONFIG            41c00100   00000080  00000000  00000080  R   


SEGMENT ALLOCATION MAP

run origin  load origin   length   init length attrs members
----------  ----------- ---------- ----------- ----- -------
00000000    00000000    00002800   00002800    r-x
  00000000    00000000    000000c0   000000c0    r-- .intvecs
  000000c0    000000c0    00002168   00002168    r-x .text
  00002228    00002228    00000530   00000530    r-- .rodata
  00002758    00002758    000000a8   000000a8    r-- .cinit
20200000    20200000    00000721   00000000    rw-
  20200000    20200000    00000320   00000000    rw- .bss
  20200320    20200320    00000200   00000000    rw- .sysmem
  20200520    20200520    00000201   00000000    rw- .data
20207e00    20207e00    00000200   00000000    rw-
  20207e00    20207e00    00000200   00000000    rw- .stack


SECTION ALLOCATION MAP

 output                                  attributes/
section   page    origin      length       input sections
--------  ----  ----------  ----------   ----------------
.intvecs   0    00000000    000000c0     
                  00000000    000000c0     startup_mspm0g3507_ticlang.o (.intvecs)

.text      0    000000c0    00002168     
                  000000c0    000002d8     main.o (.text.Q2_Test)
                  00000398    00000238     main.o (.text.Q3_Test)
                  000005d0    000001b4     Clock.o (.text.Clock_Init80MHz)
                  00000784    00000180     main.o (.text.Q1_Test)
                  00000904    00000170     main.o (.text.Q4_Test)
                  00000a74    00000160     libc.a : fopen.c.obj (.text._openfile)
                  00000bd4    0000012c            : memory.c.obj (.text.aligned_alloc)
                  00000d00    00000118     main.o (.text.SetGrade)
                  00000e18    00000108     main.o (.text.main)
                  00000f20    000000ec     libsysbm.a : add_device.c.obj (.text.add_device)
                  0000100c    000000ec     libc.a : memory.c.obj (.text.free)
                  000010f8    000000e8     UARTbusywait.o (.text.UART_Init)
                  000011e0    000000dc     libc.a : setvbuf.c.obj (.text.setvbuf)
                  000012bc    000000a8     libsysbm.a : open.c.obj (.text.open)
                  00001364    000000a4     main.o (.text.Encrypt)
                  00001408    000000a4     Func.o (.text)
                  000014ac    00000094     UART.o (.text.UART_InitPrintf)
                  00001540    00000084     LaunchPad.o (.text.LaunchPad_Init)
                  000015c4    0000007c     libc.a : fclose.c.obj (.text.__TI_closefile)
                  00001640    00000078            : copy_decompress_lzss.c.obj (.text:decompress:lzss)
                  000016b8    00000072     main.o (.text.CorrectArrayReversal)
                  0000172a    00000002     libclang_rt.builtins.a : aeabi_div0.c.obj (.text.__aeabi_idiv0)
                  0000172c    0000006c     libsysbm.a : hostlseek.c.obj (.text.HOSTlseek)
                  00001798    0000006c                : hostrename.c.obj (.text.HOSTrename)
                  00001804    00000068     libc.a : getdevice.c.obj (.text.getdevice)
                  0000186c    00000064            : memory.c.obj (.text.split)
                  000018d0    00000060     libsysbm.a : hostopen.c.obj (.text.HOSTopen)
                  00001930    00000058                : hostread.c.obj (.text.HOSTread)
                  00001988    00000058                : hostwrite.c.obj (.text.HOSTwrite)
                  000019e0    00000058     main.o (.text.PrintCycle)
                  00001a38    00000052     libc.a : fflush.c.obj (.text.__TI_doflush)
                  00001a8a    00000050     main.o (.text.PrintBuf)
                  00001ada    00000002     libc.a : _lock.c.obj (.text._nop)
                  00001adc    00000050     libsysbm.a : close.c.obj (.text.close)
                  00001b2c    00000048                : hostclose.c.obj (.text.HOSTclose)
                  00001b74    00000048                : hostunlink.c.obj (.text.HOSTunlink)
                  00001bbc    00000048     UART.o (.text.UART_OutUHex)
                  00001c04    00000042     main.o (.text.myStrCmp)
                  00001c46    00000002     --HOLE-- [fill = 0]
                  00001c48    00000040     libclang_rt.builtins.a : aeabi_uidivmod.S.obj (.text.__aeabi_uidivmod)
                  00001c88    00000040     libc.a : fopen.c.obj (.text._search_fp)
                  00001cc8    0000003c            : autoinit.c.obj (.text:__TI_auto_init_nobinit_nopinit)
                  00001d04    00000038     LaunchPad.o (.text.ActivatePortA_B)
                  00001d3c    00000038     libc.a : getdevice.c.obj (.text.finddevice)
                  00001d74    00000036     UART.o (.text.UART_OutUDec)
                  00001daa    00000002     --HOLE-- [fill = 0]
                  00001dac    00000034     libc.a : fopen.c.obj (.text.__TI_cleanup)
                  00001de0    00000034     libsysbm.a : trgmsg.c.obj (.text.__TI_readmsg)
                  00001e14    00000034                : trgmsg.c.obj (.text.__TI_writemsg)
                  00001e48    00000034     libc.a : exit.c.obj (.text.exit)
                  00001e7c    00000034            : fopen.c.obj (.text.freopen)
                  00001eb0    00000034     main.o (.text.setUpper)
                  00001ee4    00000034     UART.o (.text.uart_write)
                  00001f18    00000030     libc.a : fopen.c.obj (.text.fopen)
                  00001f48    0000002c     UARTbusywait.o (.text.UART_OutChar)
                  00001f74    0000002c     libsysbm.a : unlink.c.obj (.text.unlink)
                  00001fa0    00000028     libc.a : memory.c.obj (.text.free_list_insert)
                  00001fc8    00000028     libsysbm.a : write.c.obj (.text.write)
                  00001ff0    00000028     libc.a : boot_cortex_m.c.obj (.text:_c_int00_noargs)
                  00002018    00000026     UART.o (.text.UART_OutString)
                  0000203e    00000026     UART.o (.text.uart_read)
                  00002064    00000020     main.o (.text.Random32)
                  00002084    00000020     UARTbusywait.o (.text.UART_InChar)
                  000020a4    0000001c     libc.a : memory.c.obj (.text.free_list_remove)
                  000020c0    00000018     main.o (.text.Random)
                  000020d8    00000016     libc.a : copy_zero_init.c.obj (.text:decompress:ZI:__TI_zero_init_nomemset)
                  000020ee    00000014            : strcmp.c.obj (.text.strcmp)
                  00002102    00000014     UART.o (.text.uart_open)
                  00002116    00000012     libsysbm.a : hostrename.c.obj (.text.strcpy)
                  00002128    00000012     libc.a : memcpy16.S.obj (.text:TI_memcpy_small)
                  0000213a    00000012            : copy_decompress_none.c.obj (.text:decompress:none)
                  0000214c    00000010     Clock.o (.text.Clock_Delay)
                  0000215c    00000010     main.o (.text.UART_OutCRLF)
                  0000216c    0000000e     libc.a : memory.c.obj (.text.OUTLINED_FUNCTION_0)
                  0000217a    0000000e     libsysbm.a : hostrename.c.obj (.text.strlen)
                  00002188    0000000e     UART.o (.text.uart_lseek)
                  00002196    0000000e     libc.a : memset16.S.obj (.text:TI_memset_small)
                  000021a4    0000000c     Clock.o (.text.Clock_Freq)
                  000021b0    0000000c     libclang_rt.builtins.a : aeabi_memset.S.obj (.text.__aeabi_memclr)
                  000021bc    0000000c     libc.a : memory.c.obj (.text.malloc)
                  000021c8    0000000c     UART.o (.text.uart_rename)
                  000021d4    0000000a     XXXXXExam2CPartXXXXX.o (.text.FindCycleLength)
                  000021de    0000000a     UART.o (.text.uart_close)
                  000021e8    0000000a     UART.o (.text.uart_unlink)
                  000021f2    00000008     XXXXXExam2CPartXXXXX.o (.text.ArrayReversal)
                  000021fa    00000002     --HOLE-- [fill = 0]
                  000021fc    00000008     libclang_rt.builtins.a : aeabi_memcpy.S.obj (.text.__aeabi_memcpy)
                  00002204    00000008     libsysbm.a : remove.c.obj (.text.remove)
                  0000220c    00000008     XXXXXExam2ASMPartXXXXX.o (.text)
                  00002214    00000004     startup_mspm0g3507_ticlang.o (.text.Default_Handler)
                  00002218    00000004     startup_mspm0g3507_ticlang.o (.text.HardFault_Handler)
                  0000221c    00000004     startup_mspm0g3507_ticlang.o (.text.Reset_Handler)
                  00002220    00000004     libc.a : pre_init.c.obj (.text._system_pre_init)
                  00002224    00000004            : exit.c.obj (.text:abort)

.cinit     0    00002758    000000a8     
                  00002758    0000007d     (.cinit..data.load) [load image, compression = lzss]
                  000027d5    00000003     --HOLE-- [fill = 0]
                  000027d8    0000000c     (__TI_handler_table)
                  000027e4    00000008     (.cinit..bss.load) [load image, compression = zero_init]
                  000027ec    00000010     (__TI_cinit_table)
                  000027fc    00000004     --HOLE-- [fill = 0]

.rodata    0    00002228    00000530     
                  00002228    00000391     main.o (.rodata.str1.1)
                  000025b9    00000003     --HOLE-- [fill = 0]
                  000025bc    00000058     main.o (.rodata.Scramble)
                  00002614    00000050     main.o (.rodata.Grade4)
                  00002664    00000030     main.o (.rodata.l5)
                  00002694    00000028     main.o (.rodata.l2)
                  000026bc    00000028     main.o (.rodata.l3)
                  000026e4    00000028     main.o (.rodata.l4)
                  0000270c    00000018     main.o (.rodata.l1)
                  00002724    00000016     main.o (.rodata.Key)
                  0000273a    00000010     XXXXXExam2CPartXXXXX.o (.rodata.EID)
                  0000274a    0000000d     UART.o (.rodata.str1.1)
                  00002757    00000001     --HOLE-- [fill = 0]

.init_array 
*          0    00000000    00000000     UNINITIALIZED

.binit     0    00000000    00000000     

.bss       0    20200000    00000320     UNINITIALIZED
                  20200000    00000120     libsysbm.a : trgmsg.c.obj (.bss:_CIOBUF_)
                  20200120    000000a0     libc.a : defs.c.obj (.bss.__TI_tmpnams)
                  202001c0    00000028     (.common:Q3_After)
                  202001e8    00000028     (.common:Q3_Before)
                  20200210    00000018     main.o (.bss.EncriptedMagicCode)
                  20200228    00000018     main.o (.bss.MagicCode)
                  20200240    00000014     (.common:Q2CorrectOutput)
                  20200254    00000014     (.common:Q2InputString)
                  20200268    00000014     (.common:Q2YourOutput)
                  2020027c    00000014     (.common:Q3_Correct)
                  20200290    00000014     (.common:Q3_Input)
                  202002a4    00000014     (.common:Q3_Student)
                  202002b8    00000014     (.common:Q4_Answers)
                  202002cc    00000010     (.common:Q1Rfinal)
                  202002dc    00000010     (.common:Q1Rinit)
                  202002ec    00000008     libsysbm.a : hostopen.c.obj (.bss.parmbuf)
                  202002f4    00000004     main.o (.bss.Q4_Answer)
                  202002f8    00000004     main.o (.bss.score1)
                  202002fc    00000004     main.o (.bss.score2)
                  20200300    00000004     main.o (.bss.score3)
                  20200304    00000004     main.o (.bss.score4)
                  20200308    00000004     main.o (.bss.score)
                  2020030c    00000004     libc.a : memory.c.obj (.bss.sys_free)
                  20200310    00000004     (.common:M)
                  20200314    00000004     (.common:Q1SPfinal)
                  20200318    00000004     (.common:Q1SPinit)
                  2020031c    00000004     (.common:Q2Count)

.sysmem    0    20200320    00000200     UNINITIALIZED
                  20200320    00000010     libc.a : memory.c.obj (.sysmem)
                  20200330    000001f0     --HOLE--

.data      0    20200520    00000201     UNINITIALIZED
                  20200520    000000f0     libc.a : defs.c.obj (.data._ftable)
                  20200610    00000078     libsysbm.a : host_device.c.obj (.data._device)
                  20200688    00000050                : host_device.c.obj (.data._stream)
                  202006d8    00000028     main.o (.data.sizes)
                  20200700    00000008     libc.a : exit.c.obj (.data..L_MergedGlobals)
                  20200708    00000004     Clock.o (.data.BusFreq)
                  2020070c    00000004     libc.a : defs.c.obj (.data.__TI_ft_end)
                  20200710    00000004            : _lock.c.obj (.data._lock)
                  20200714    00000004            : _lock.c.obj (.data._unlock)
                  20200718    00000001     libsysbm.a : add_device.c.obj (.data.add_device.device_init)
                  20200719    00000003     --HOLE--
                  2020071c    00000001     libc.a : memory.c.obj (.data.memory_is_initialized)
                  2020071d    00000003     --HOLE--
                  20200720    00000001     libsysbm.a : open.c.obj (.data.open.stream_init)

.stack     0    20207e00    00000200     UNINITIALIZED
                  20207e00    00000004     libc.a : boot_cortex_m.c.obj (.stack)
                  20207e04    000001fc     --HOLE--

__llvm_prf_cnts 
*          0    20200000    00000000     UNINITIALIZED

__llvm_prf_bits 
*          0    20200000    00000000     UNINITIALIZED

MODULE SUMMARY

       Module                         code   ro data   rw data
       ------                         ----   -------   -------
    ..\
       main.o                         3228   1295      380    
       UART.o                         468    13        0      
       Clock.o                        464    0         4      
       UARTbusywait.o                 308    0         0      
       LaunchPad.o                    188    0         0      
       Func.o                         164    0         0      
    +--+------------------------------+------+---------+---------+
       Total:                         4820   1308      384    
                                                              
    .\
       XXXXXExam2CPartXXXXX.o         18     16        0      
       XXXXXExam2ASMPartXXXXX.o       8      0         0      
    +--+------------------------------+------+---------+---------+
       Total:                         26     16        0      
                                                              
    .\ticlang\
       startup_mspm0g3507_ticlang.o   12     192       0      
    +--+------------------------------+------+---------+---------+
       Total:                         12     192       0      
                                                              
    C:\ti\ccs1260\ccs\tools\compiler\ti-cgt-armllvm_3.2.1.LTS\lib\armv6m-ti-none-eabi/c/libc.a
       memory.c.obj                   730    0         5      
       fopen.c.obj                    568    0         0      
       defs.c.obj                     0      0         404    
       setvbuf.c.obj                  220    0         0      
       getdevice.c.obj                160    0         0      
       fclose.c.obj                   124    0         0      
       copy_decompress_lzss.c.obj     120    0         0      
       fflush.c.obj                   82     0         0      
       exit.c.obj                     56     0         8      
       autoinit.c.obj                 60     0         0      
       boot_cortex_m.c.obj            40     0         0      
       copy_zero_init.c.obj           22     0         0      
       strcmp.c.obj                   20     0         0      
       copy_decompress_none.c.obj     18     0         0      
       memcpy16.S.obj                 18     0         0      
       memset16.S.obj                 14     0         0      
       _lock.c.obj                    2      0         8      
       pre_init.c.obj                 4      0         0      
    +--+------------------------------+------+---------+---------+
       Total:                         2258   0         425    
                                                              
    C:\ti\ccs1260\ccs\tools\compiler\ti-cgt-armllvm_3.2.1.LTS\lib\armv6m-ti-none-eabi/c/libsysbm.a
       trgmsg.c.obj                   104    0         288    
       add_device.c.obj               236    0         1      
       host_device.c.obj              0      0         200    
       open.c.obj                     168    0         1      
       hostrename.c.obj               140    0         0      
       hostlseek.c.obj                108    0         0      
       hostopen.c.obj                 96     0         8      
       hostread.c.obj                 88     0         0      
       hostwrite.c.obj                88     0         0      
       close.c.obj                    80     0         0      
       hostclose.c.obj                72     0         0      
       hostunlink.c.obj               72     0         0      
       unlink.c.obj                   44     0         0      
       write.c.obj                    40     0         0      
       remove.c.obj                   8      0         0      
    +--+------------------------------+------+---------+---------+
       Total:                         1344   0         498    
                                                              
    C:\ti\ccs1260\ccs\tools\compiler\ti-cgt-armllvm_3.2.1.LTS\lib\clang/15.0.7/lib/armv6m-ti-none-eabi/libclang_rt.builtins.a
       aeabi_uidivmod.S.obj           64     0         0      
       aeabi_memset.S.obj             12     0         0      
       aeabi_memcpy.S.obj             8      0         0      
       aeabi_div0.c.obj               2      0         0      
    +--+------------------------------+------+---------+---------+
       Total:                         86     0         0      
                                                              
       Heap:                          0      0         512    
       Stack:                         0      0         512    
       Linker Generated:              0      161       0      
    +--+------------------------------+------+---------+---------+
       Grand Total:                   8546   1677      2331   


LINKER GENERATED COPY TABLES

__TI_cinit_table @ 000027ec records: 2, size/record: 8, table size: 16
	.data: load addr=00002758, load size=0000007d bytes, run addr=20200520, run size=00000201 bytes, compression=lzss
	.bss: load addr=000027e4, load size=00000008 bytes, run addr=20200000, run size=00000320 bytes, compression=zero_init


LINKER GENERATED HANDLER TABLE

__TI_handler_table @ 000027d8 records: 3, size/record: 4, table size: 12
	index: 0, handler: __TI_decompress_lzss
	index: 1, handler: __TI_decompress_none
	index: 2, handler: __TI_zero_init


GLOBAL SYMBOLS: SORTED ALPHABETICALLY BY Name 

address   name                          
-------   ----                          
00002215  ADC0_IRQHandler               
00002215  ADC1_IRQHandler               
00002215  AES_IRQHandler                
00001d05  ActivatePortA_B               
000021f3  ArrayReversal                 
20200708  BusFreq                       
00002224  C$$EXIT                       
00001e41  C$$IO$$                       
00002215  CANFD0_IRQHandler             
0000214d  Clock_Delay                   
000021a5  Clock_Freq                    
000005d1  Clock_Init80MHz               
00002215  DAC0_IRQHandler               
00002215  DMA_IRQHandler                
00002215  Default_Handler               
0000273a  EID                           
000021d5  FindCycleLength               
00002215  GROUP0_IRQHandler             
00002215  GROUP1_IRQHandler             
00002614  Grade4                        
00001b2d  HOSTclose                     
0000172d  HOSTlseek                     
000018d1  HOSTopen                      
00001931  HOSTread                      
00001799  HOSTrename                    
00001b75  HOSTunlink                    
00001989  HOSTwrite                     
00002219  HardFault_Handler             
00002215  I2C0_IRQHandler               
00002215  I2C1_IRQHandler               
00001541  LaunchPad_Init                
20200310  M                             
00002215  NMI_Handler                   
00001408  OutChar                       
00002210  OutString                     
0000144e  OutStringWrap                 
00002215  PendSV_Handler                
00001a8b  PrintBuf                      
000019e1  PrintCycle                    
202002cc  Q1Rfinal                      
202002dc  Q1Rinit                       
20200314  Q1SPfinal                     
20200318  Q1SPinit                      
00000785  Q1_Test                       
20200240  Q2CorrectOutput               
2020031c  Q2Count                       
20200254  Q2InputString                 
20200268  Q2YourOutput                  
000000c1  Q2_Test                       
202001c0  Q3_After                      
202001e8  Q3_Before                     
2020027c  Q3_Correct                    
20200290  Q3_Input                      
202002a4  Q3_Student                    
00000399  Q3_Test                       
202002b8  Q4_Answers                    
00000905  Q4_Test                       
00002215  RTC_IRQHandler                
000020c1  Random                        
00002065  Random32                      
0000221d  Reset_Handler                 
00002215  SPI0_IRQHandler               
00002215  SPI1_IRQHandler               
00002215  SVC_Handler                   
00002215  SysTick_Handler               
00002215  TIMA0_IRQHandler              
00002215  TIMA1_IRQHandler              
00002215  TIMG0_IRQHandler              
00002215  TIMG12_IRQHandler             
00002215  TIMG6_IRQHandler              
00002215  TIMG7_IRQHandler              
00002215  TIMG8_IRQHandler              
00002129  TI_memcpy_small               
00002197  TI_memset_small               
00002215  UART0_IRQHandler              
00002215  UART1_IRQHandler              
00002215  UART2_IRQHandler              
00002215  UART3_IRQHandler              
00002085  UART_InChar                   
000010f9  UART_Init                     
000014ad  UART_InitPrintf               
0000215d  UART_OutCRLF                  
00001f49  UART_OutChar                  
00002019  UART_OutString                
00001d75  UART_OutUDec                  
00001bbd  UART_OutUHex                  
00001420  UpperWrap                     
20200000  _CIOBUF_                      
20200000  __CIOBUF_                     
20208000  __STACK_END                   
00000200  __STACK_SIZE                  
00000200  __SYSMEM_SIZE                 
00000000  __TI_ATRegion0_region_sz      
00000000  __TI_ATRegion0_src_addr       
00000000  __TI_ATRegion0_trg_addr       
00000000  __TI_ATRegion1_region_sz      
00000000  __TI_ATRegion1_src_addr       
00000000  __TI_ATRegion1_trg_addr       
00000000  __TI_ATRegion2_region_sz      
00000000  __TI_ATRegion2_src_addr       
00000000  __TI_ATRegion2_trg_addr       
000027ec  __TI_CINIT_Base               
000027fc  __TI_CINIT_Limit              
000027fc  __TI_CINIT_Warm               
000027d8  __TI_Handler_Table_Base       
000027e4  __TI_Handler_Table_Limit      
00001cc9  __TI_auto_init_nobinit_nopinit
00001dad  __TI_cleanup                  
20200700  __TI_cleanup_ptr              
000015c5  __TI_closefile                
00001641  __TI_decompress_lzss          
0000213b  __TI_decompress_none          
00001a39  __TI_doflush                  
20200704  __TI_dtors_ptr                
2020070c  __TI_ft_end                   
ffffffff  __TI_pprof_out_hndl           
ffffffff  __TI_prof_data_size           
ffffffff  __TI_prof_data_start          
00001de1  __TI_readmsg                  
00000000  __TI_static_base__            
20200120  __TI_tmpnams                  
00001e15  __TI_writemsg                 
000020d9  __TI_zero_init_nomemset       
0000172b  __aeabi_idiv0                 
000021b1  __aeabi_memclr                
000021b1  __aeabi_memclr4               
000021b1  __aeabi_memclr8               
000021fd  __aeabi_memcpy                
000021fd  __aeabi_memcpy4               
000021fd  __aeabi_memcpy8               
00001c49  __aeabi_uidiv                 
00001c49  __aeabi_uidivmod              
ffffffff  __binit__                     
UNDEFED   __mpu_init                    
20207e00  __stack                       
20200000  __start___llvm_prf_bits       
20200000  __start___llvm_prf_cnts       
20200000  __stop___llvm_prf_bits        
20200000  __stop___llvm_prf_cnts        
00001ff1  _c_int00_noargs               
20200610  _device                       
20200520  _ftable                       
20200710  _lock                         
00001adb  _nop                          
20200688  _stream                       
20200320  _sys_memory                   
UNDEFED   _system_post_cinit            
00002221  _system_pre_init              
20200714  _unlock                       
00002225  abort                         
00000f21  add_device                    
00000bd5  aligned_alloc                 
ffffffff  binit                         
00001add  close                         
00001e49  exit                          
00001d3d  finddevice                    
00001f19  fopen                         
0000100d  free                          
00001e7d  freopen                       
00001805  getdevice                     
00000000  interruptVectors              
0000270c  l1                            
00002694  l2                            
000026bc  l3                            
000026e4  l4                            
00002664  l5                            
00000e19  main                          
000021bd  malloc                        
00000bd5  memalign                      
00001c05  myStrCmp                      
000012bd  open                          
202002ec  parmbuf                       
00002205  remove                        
00001eb1  setUpper                      
000011e1  setvbuf                       
202006d8  sizes                         
000020ef  strcmp                        
000021df  uart_close                    
00002189  uart_lseek                    
00002103  uart_open                     
0000203f  uart_read                     
000021c9  uart_rename                   
000021e9  uart_unlink                   
00001ee5  uart_write                    
00001f75  unlink                        
0000220c  upper                         
00001fc9  write                         


GLOBAL SYMBOLS: SORTED BY Symbol Address 

address   name                          
-------   ----                          
00000000  __TI_ATRegion0_region_sz      
00000000  __TI_ATRegion0_src_addr       
00000000  __TI_ATRegion0_trg_addr       
00000000  __TI_ATRegion1_region_sz      
00000000  __TI_ATRegion1_src_addr       
00000000  __TI_ATRegion1_trg_addr       
00000000  __TI_ATRegion2_region_sz      
00000000  __TI_ATRegion2_src_addr       
00000000  __TI_ATRegion2_trg_addr       
00000000  __TI_static_base__            
00000000  interruptVectors              
000000c1  Q2_Test                       
00000200  __STACK_SIZE                  
00000200  __SYSMEM_SIZE                 
00000399  Q3_Test                       
000005d1  Clock_Init80MHz               
00000785  Q1_Test                       
00000905  Q4_Test                       
00000bd5  aligned_alloc                 
00000bd5  memalign                      
00000e19  main                          
00000f21  add_device                    
0000100d  free                          
000010f9  UART_Init                     
000011e1  setvbuf                       
000012bd  open                          
00001408  OutChar                       
00001420  UpperWrap                     
0000144e  OutStringWrap                 
000014ad  UART_InitPrintf               
00001541  LaunchPad_Init                
000015c5  __TI_closefile                
00001641  __TI_decompress_lzss          
0000172b  __aeabi_idiv0                 
0000172d  HOSTlseek                     
00001799  HOSTrename                    
00001805  getdevice                     
000018d1  HOSTopen                      
00001931  HOSTread                      
00001989  HOSTwrite                     
000019e1  PrintCycle                    
00001a39  __TI_doflush                  
00001a8b  PrintBuf                      
00001adb  _nop                          
00001add  close                         
00001b2d  HOSTclose                     
00001b75  HOSTunlink                    
00001bbd  UART_OutUHex                  
00001c05  myStrCmp                      
00001c49  __aeabi_uidiv                 
00001c49  __aeabi_uidivmod              
00001cc9  __TI_auto_init_nobinit_nopinit
00001d05  ActivatePortA_B               
00001d3d  finddevice                    
00001d75  UART_OutUDec                  
00001dad  __TI_cleanup                  
00001de1  __TI_readmsg                  
00001e15  __TI_writemsg                 
00001e41  C$$IO$$                       
00001e49  exit                          
00001e7d  freopen                       
00001eb1  setUpper                      
00001ee5  uart_write                    
00001f19  fopen                         
00001f49  UART_OutChar                  
00001f75  unlink                        
00001fc9  write                         
00001ff1  _c_int00_noargs               
00002019  UART_OutString                
0000203f  uart_read                     
00002065  Random32                      
00002085  UART_InChar                   
000020c1  Random                        
000020d9  __TI_zero_init_nomemset       
000020ef  strcmp                        
00002103  uart_open                     
00002129  TI_memcpy_small               
0000213b  __TI_decompress_none          
0000214d  Clock_Delay                   
0000215d  UART_OutCRLF                  
00002189  uart_lseek                    
00002197  TI_memset_small               
000021a5  Clock_Freq                    
000021b1  __aeabi_memclr                
000021b1  __aeabi_memclr4               
000021b1  __aeabi_memclr8               
000021bd  malloc                        
000021c9  uart_rename                   
000021d5  FindCycleLength               
000021df  uart_close                    
000021e9  uart_unlink                   
000021f3  ArrayReversal                 
000021fd  __aeabi_memcpy                
000021fd  __aeabi_memcpy4               
000021fd  __aeabi_memcpy8               
00002205  remove                        
0000220c  upper                         
00002210  OutString                     
00002215  ADC0_IRQHandler               
00002215  ADC1_IRQHandler               
00002215  AES_IRQHandler                
00002215  CANFD0_IRQHandler             
00002215  DAC0_IRQHandler               
00002215  DMA_IRQHandler                
00002215  Default_Handler               
00002215  GROUP0_IRQHandler             
00002215  GROUP1_IRQHandler             
00002215  I2C0_IRQHandler               
00002215  I2C1_IRQHandler               
00002215  NMI_Handler                   
00002215  PendSV_Handler                
00002215  RTC_IRQHandler                
00002215  SPI0_IRQHandler               
00002215  SPI1_IRQHandler               
00002215  SVC_Handler                   
00002215  SysTick_Handler               
00002215  TIMA0_IRQHandler              
00002215  TIMA1_IRQHandler              
00002215  TIMG0_IRQHandler              
00002215  TIMG12_IRQHandler             
00002215  TIMG6_IRQHandler              
00002215  TIMG7_IRQHandler              
00002215  TIMG8_IRQHandler              
00002215  UART0_IRQHandler              
00002215  UART1_IRQHandler              
00002215  UART2_IRQHandler              
00002215  UART3_IRQHandler              
00002219  HardFault_Handler             
0000221d  Reset_Handler                 
00002221  _system_pre_init              
00002224  C$$EXIT                       
00002225  abort                         
00002614  Grade4                        
00002664  l5                            
00002694  l2                            
000026bc  l3                            
000026e4  l4                            
0000270c  l1                            
0000273a  EID                           
000027d8  __TI_Handler_Table_Base       
000027e4  __TI_Handler_Table_Limit      
000027ec  __TI_CINIT_Base               
000027fc  __TI_CINIT_Limit              
000027fc  __TI_CINIT_Warm               
20200000  _CIOBUF_                      
20200000  __CIOBUF_                     
20200000  __start___llvm_prf_bits       
20200000  __start___llvm_prf_cnts       
20200000  __stop___llvm_prf_bits        
20200000  __stop___llvm_prf_cnts        
20200120  __TI_tmpnams                  
202001c0  Q3_After                      
202001e8  Q3_Before                     
20200240  Q2CorrectOutput               
20200254  Q2InputString                 
20200268  Q2YourOutput                  
2020027c  Q3_Correct                    
20200290  Q3_Input                      
202002a4  Q3_Student                    
202002b8  Q4_Answers                    
202002cc  Q1Rfinal                      
202002dc  Q1Rinit                       
202002ec  parmbuf                       
20200310  M                             
20200314  Q1SPfinal                     
20200318  Q1SPinit                      
2020031c  Q2Count                       
20200320  _sys_memory                   
20200520  _ftable                       
20200610  _device                       
20200688  _stream                       
202006d8  sizes                         
20200700  __TI_cleanup_ptr              
20200704  __TI_dtors_ptr                
20200708  BusFreq                       
2020070c  __TI_ft_end                   
20200710  _lock                         
20200714  _unlock                       
20207e00  __stack                       
20208000  __STACK_END                   
ffffffff  __TI_pprof_out_hndl           
ffffffff  __TI_prof_data_size           
ffffffff  __TI_prof_data_start          
ffffffff  __binit__                     
ffffffff  binit                         
UNDEFED   __mpu_init                    
UNDEFED   _system_post_cinit            

[187 symbols]
