******************************************************************************
            TI ARM Clang Linker PC v4.0.4                      
******************************************************************************
>> Linked Mon Jan 12 08:49:05 2026

OUTPUT FILE NAME:   <TExaS.out>
ENTRY POINT SYMBOL: "_c_int00_noargs"  address: 00000865


MEMORY CONFIGURATION

         name            origin    length      used     unused   attr    fill
----------------------  --------  ---------  --------  --------  ----  --------
  FLASH                 00000000   00020000  00000990  0001f670  R  X
  SRAM                  20200000   00008000  0000020c  00007df4  RW X
  BCR_CONFIG            41c00000   00000080  00000000  00000080  R   
  BSL_CONFIG            41c00100   00000080  00000000  00000080  R   


SEGMENT ALLOCATION MAP

run origin  load origin   length   init length attrs members
----------  ----------- ---------- ----------- ----- -------
00000000    00000000    00000990   00000990    r-x
  00000000    00000000    000000c0   000000c0    r-- .intvecs
  000000c0    000000c0    000008a0   000008a0    r-x .text
  00000960    00000960    00000030   00000030    r-- .cinit
20200000    20200000    0000000c   00000000    rw-
  20200000    20200000    00000008   00000000    rw- .bss
  20200008    20200008    00000004   00000000    rw- .data
20207e00    20207e00    00000200   00000000    rw-
  20207e00    20207e00    00000200   00000000    rw- .stack


SECTION ALLOCATION MAP

 output                                  attributes/
section   page    origin      length       input sections
--------  ----  ----------  ----------   ----------------
.intvecs   0    00000000    000000c0     
                  00000000    000000c0     startup_mspm0g3507_ticlang.o (.intvecs)

.text      0    000000c0    000008a0     
                  000000c0    000001b4     Clock.o (.text.Clock_Init80MHz)
                  00000274    00000128     TExaS.o (.text.ADC_Init)
                  0000039c    000000e8     TExaS.o (.text.UART_Init)
                  00000484    000000a8     Timer.o (.text.TimerG7_IntArm)
                  0000052c    0000007c     LaunchPad.o (.text.LaunchPad_Init)
                  000005a8    0000007c     libc.a : copy_decompress_lzss.c.obj (.text:decompress:lzss)
                  00000624    00000074     TExaSTestmain.o (.text.main)
                  00000698    00000058     TExaS.o (.text.TExaS_Init)
                  000006f0    00000058     TExaS.o (.text.TExaS_LaunchPadLogic)
                  00000748    00000040     TExaS.o (.text.TIMG7_IRQHandler)
                  00000788    00000040     libclang_rt.builtins.a : aeabi_uidivmod.S.obj (.text.__aeabi_uidivmod)
                  000007c8    0000003c     libc.a : autoinit.c.obj (.text:__TI_auto_init_nobinit_nopinit)
                  00000804    00000038     LaunchPad.o (.text.ActivatePortA_B)
                  0000083c    00000028     TExaS.o (.text.ADC_Start)
                  00000864    00000028     libc.a : boot_cortex_m.c.obj (.text:_c_int00_noargs)
                  0000088c    0000001c     startup_mspm0g3507_ticlang.o (.text.Default_Handler)
                  000008a8    0000001c     startup_mspm0g3507_ticlang.o (.text.HardFault_Handler)
                  000008c4    00000016     libc.a : copy_zero_init.c.obj (.text:decompress:ZI:__TI_zero_init_nomemset)
                  000008da    00000014     TExaSTestmain.o (.text.udiv)
                  000008ee    00000012     libc.a : memcpy16.S.obj (.text:TI_memcpy_small)
                  00000900    00000012            : copy_decompress_none.c.obj (.text:decompress:none)
                  00000912    00000010     Clock.o (.text.Clock_Delay)
                  00000922    00000010     LaunchPad.o (.text.Delay)
                  00000932    00000002     libclang_rt.builtins.a : aeabi_div0.c.obj (.text.__aeabi_idiv0)
                  00000934    0000000c     Clock.o (.text.Clock_Freq)
                  00000940    00000008     libclang_rt.builtins.a : aeabi_memcpy.S.obj (.text.__aeabi_memcpy)
                  00000948    00000006     libc.a : exit.c.obj (.text:abort)
                  0000094e    00000004     libsysbm.a : hostexit.c.obj (.text.HOSTexit)
                  00000952    00000004     startup_mspm0g3507_ticlang.o (.text.Reset_Handler)
                  00000956    00000004     libc.a : pre_init.c.obj (.text._system_pre_init)
                  0000095a    00000006     --HOLE-- [fill = 0]

.cinit     0    00000960    00000030     
                  00000960    0000000c     (__TI_handler_table)
                  0000096c    00000008     (.cinit..bss.load) [load image, compression = zero_init]
                  00000974    00000008     (.cinit..data.load) [load image, compression = lzss]
                  0000097c    00000010     (__TI_cinit_table)
                  0000098c    00000004     --HOLE-- [fill = 0]

.init_array 
*          0    00000000    00000000     UNINITIALIZED

.binit     0    00000000    00000000     

.bss       0    20200000    00000008     UNINITIALIZED
                  20200000    00000004     (.common:TExaSLogic)
                  20200004    00000004     (.common:TExaSadc)

.data      0    20200008    00000004     UNINITIALIZED
                  20200008    00000004     Clock.o (.data.BusFreq)

.stack     0    20207e00    00000200     UNINITIALIZED
                  20207e00    00000004     libc.a : boot_cortex_m.c.obj (.stack)
                  20207e04    000001fc     --HOLE--

__llvm_prf_cnts 
*          0    20200000    00000000     UNINITIALIZED

__llvm_prf_bits 
*          0    20200000    00000000     UNINITIALIZED

MODULE SUMMARY

       Module                         code   ro data   rw data
       ------                         ----   -------   -------
    .\
       TExaS.o                        808    0         8      
       Clock.o                        464    0         4      
       LaunchPad.o                    196    0         0      
       Timer.o                        168    0         0      
       TExaSTestmain.o                136    0         0      
    +--+------------------------------+------+---------+---------+
       Total:                         1772   0         12     
                                                              
    .\ticlang\
       startup_mspm0g3507_ticlang.o   60     192       0      
    +--+------------------------------+------+---------+---------+
       Total:                         60     192       0      
                                                              
    C:\ti\ccs2020\ccs\tools\compiler\ti-cgt-armllvm_4.0.4.LTS\lib\armv6m-ti-none-eabi/c/libc.a
       copy_decompress_lzss.c.obj     124    0         0      
       autoinit.c.obj                 60     0         0      
       boot_cortex_m.c.obj            40     0         0      
       copy_zero_init.c.obj           22     0         0      
       copy_decompress_none.c.obj     18     0         0      
       memcpy16.S.obj                 18     0         0      
       exit.c.obj                     6      0         0      
       pre_init.c.obj                 4      0         0      
    +--+------------------------------+------+---------+---------+
       Total:                         292    0         0      
                                                              
    C:\ti\ccs2020\ccs\tools\compiler\ti-cgt-armllvm_4.0.4.LTS\lib\armv6m-ti-none-eabi/c/libsysbm.a
       hostexit.c.obj                 4      0         0      
    +--+------------------------------+------+---------+---------+
       Total:                         4      0         0      
                                                              
    C:\ti\ccs2020\ccs\tools\compiler\ti-cgt-armllvm_4.0.4.LTS\lib\armv6m-ti-none-eabi/libclang_rt.builtins.a
       aeabi_uidivmod.S.obj           64     0         0      
       aeabi_memcpy.S.obj             8      0         0      
       aeabi_div0.c.obj               2      0         0      
    +--+------------------------------+------+---------+---------+
       Total:                         74     0         0      
                                                              
       Stack:                         0      0         512    
       Linker Generated:              0      44        0      
    +--+------------------------------+------+---------+---------+
       Grand Total:                   2202   236       524    


LINKER GENERATED COPY TABLES

__TI_cinit_table @ 0000097c records: 2, size/record: 8, table size: 16
	.bss: load addr=0000096c, load size=00000008 bytes, run addr=20200000, run size=00000008 bytes, compression=zero_init
	.data: load addr=00000974, load size=00000008 bytes, run addr=20200008, run size=00000004 bytes, compression=lzss


LINKER GENERATED HANDLER TABLE

__TI_handler_table @ 00000960 records: 3, size/record: 4, table size: 12
	index: 0, handler: __TI_decompress_lzss
	index: 1, handler: __TI_decompress_none
	index: 2, handler: __TI_zero_init


GLOBAL SYMBOLS: SORTED ALPHABETICALLY BY Name 

address   name                          
-------   ----                          
0000088d  ADC0_IRQHandler               
0000088d  ADC1_IRQHandler               
00000275  ADC_Init                      
0000083d  ADC_Start                     
0000088d  AES_IRQHandler                
00000805  ActivatePortA_B               
20200008  BusFreq                       
0000094e  C$$EXIT                       
0000088d  CANFD0_IRQHandler             
00000913  Clock_Delay                   
00000935  Clock_Freq                    
000000c1  Clock_Init80MHz               
0000088d  DAC0_IRQHandler               
0000088d  DMA_IRQHandler                
0000088d  Default_Handler               
00000923  Delay                         
0000088d  GROUP0_IRQHandler             
0000088d  GROUP1_IRQHandler             
0000094f  HOSTexit                      
000008a9  HardFault_Handler             
0000088d  I2C0_IRQHandler               
0000088d  I2C1_IRQHandler               
0000052d  LaunchPad_Init                
0000088d  NMI_Handler                   
0000088d  PendSV_Handler                
0000088d  RTC_IRQHandler                
00000953  Reset_Handler                 
0000088d  SPI0_IRQHandler               
0000088d  SPI1_IRQHandler               
0000088d  SVC_Handler                   
0000088d  SysTick_Handler               
20200000  TExaSLogic                    
00000699  TExaS_Init                    
000006f1  TExaS_LaunchPadLogic          
20200004  TExaSadc                      
0000088d  TIMA0_IRQHandler              
0000088d  TIMA1_IRQHandler              
0000088d  TIMG0_IRQHandler              
0000088d  TIMG12_IRQHandler             
0000088d  TIMG6_IRQHandler              
00000749  TIMG7_IRQHandler              
0000088d  TIMG8_IRQHandler              
000008ef  TI_memcpy_small               
00000485  TimerG7_IntArm                
0000088d  UART0_IRQHandler              
0000088d  UART1_IRQHandler              
0000088d  UART2_IRQHandler              
0000088d  UART3_IRQHandler              
0000039d  UART_Init                     
20208000  __STACK_END                   
00000200  __STACK_SIZE                  
00000000  __TI_ATRegion0_region_sz      
00000000  __TI_ATRegion0_src_addr       
00000000  __TI_ATRegion0_trg_addr       
00000000  __TI_ATRegion1_region_sz      
00000000  __TI_ATRegion1_src_addr       
00000000  __TI_ATRegion1_trg_addr       
00000000  __TI_ATRegion2_region_sz      
00000000  __TI_ATRegion2_src_addr       
00000000  __TI_ATRegion2_trg_addr       
0000097c  __TI_CINIT_Base               
0000098c  __TI_CINIT_Limit              
0000098c  __TI_CINIT_Warm               
00000960  __TI_Handler_Table_Base       
0000096c  __TI_Handler_Table_Limit      
000007c9  __TI_auto_init_nobinit_nopinit
000005a9  __TI_decompress_lzss          
00000901  __TI_decompress_none          
ffffffff  __TI_pprof_out_hndl           
ffffffff  __TI_prof_data_size           
ffffffff  __TI_prof_data_start          
00000000  __TI_static_base__            
000008c5  __TI_zero_init_nomemset       
00000933  __aeabi_idiv0                 
00000941  __aeabi_memcpy                
00000941  __aeabi_memcpy4               
00000941  __aeabi_memcpy8               
00000789  __aeabi_uidiv                 
00000789  __aeabi_uidivmod              
ffffffff  __binit__                     
UNDEFED   __mpu_init                    
20207e00  __stack                       
20200000  __start___llvm_prf_bits       
20200000  __start___llvm_prf_cnts       
20200000  __stop___llvm_prf_bits        
20200000  __stop___llvm_prf_cnts        
00000865  _c_int00_noargs               
UNDEFED   _system_post_cinit            
00000957  _system_pre_init              
00000949  abort                         
ffffffff  binit                         
00000000  interruptVectors              
00000625  main                          
000008db  udiv                          


GLOBAL SYMBOLS: SORTED BY Symbol Address 

address   name                          
-------   ----                          
00000000  __TI_ATRegion0_region_sz      
00000000  __TI_ATRegion0_src_addr       
00000000  __TI_ATRegion0_trg_addr       
00000000  __TI_ATRegion1_region_sz      
00000000  __TI_ATRegion1_src_addr       
00000000  __TI_ATRegion1_trg_addr       
00000000  __TI_ATRegion2_region_sz      
00000000  __TI_ATRegion2_src_addr       
00000000  __TI_ATRegion2_trg_addr       
00000000  __TI_static_base__            
00000000  interruptVectors              
000000c1  Clock_Init80MHz               
00000200  __STACK_SIZE                  
00000275  ADC_Init                      
0000039d  UART_Init                     
00000485  TimerG7_IntArm                
0000052d  LaunchPad_Init                
000005a9  __TI_decompress_lzss          
00000625  main                          
00000699  TExaS_Init                    
000006f1  TExaS_LaunchPadLogic          
00000749  TIMG7_IRQHandler              
00000789  __aeabi_uidiv                 
00000789  __aeabi_uidivmod              
000007c9  __TI_auto_init_nobinit_nopinit
00000805  ActivatePortA_B               
0000083d  ADC_Start                     
00000865  _c_int00_noargs               
0000088d  ADC0_IRQHandler               
0000088d  ADC1_IRQHandler               
0000088d  AES_IRQHandler                
0000088d  CANFD0_IRQHandler             
0000088d  DAC0_IRQHandler               
0000088d  DMA_IRQHandler                
0000088d  Default_Handler               
0000088d  GROUP0_IRQHandler             
0000088d  GROUP1_IRQHandler             
0000088d  I2C0_IRQHandler               
0000088d  I2C1_IRQHandler               
0000088d  NMI_Handler                   
0000088d  PendSV_Handler                
0000088d  RTC_IRQHandler                
0000088d  SPI0_IRQHandler               
0000088d  SPI1_IRQHandler               
0000088d  SVC_Handler                   
0000088d  SysTick_Handler               
0000088d  TIMA0_IRQHandler              
0000088d  TIMA1_IRQHandler              
0000088d  TIMG0_IRQHandler              
0000088d  TIMG12_IRQHandler             
0000088d  TIMG6_IRQHandler              
0000088d  TIMG8_IRQHandler              
0000088d  UART0_IRQHandler              
0000088d  UART1_IRQHandler              
0000088d  UART2_IRQHandler              
0000088d  UART3_IRQHandler              
000008a9  HardFault_Handler             
000008c5  __TI_zero_init_nomemset       
000008db  udiv                          
000008ef  TI_memcpy_small               
00000901  __TI_decompress_none          
00000913  Clock_Delay                   
00000923  Delay                         
00000933  __aeabi_idiv0                 
00000935  Clock_Freq                    
00000941  __aeabi_memcpy                
00000941  __aeabi_memcpy4               
00000941  __aeabi_memcpy8               
00000949  abort                         
0000094e  C$$EXIT                       
0000094f  HOSTexit                      
00000953  Reset_Handler                 
00000957  _system_pre_init              
00000960  __TI_Handler_Table_Base       
0000096c  __TI_Handler_Table_Limit      
0000097c  __TI_CINIT_Base               
0000098c  __TI_CINIT_Limit              
0000098c  __TI_CINIT_Warm               
20200000  TExaSLogic                    
20200000  __start___llvm_prf_bits       
20200000  __start___llvm_prf_cnts       
20200000  __stop___llvm_prf_bits        
20200000  __stop___llvm_prf_cnts        
20200004  TExaSadc                      
20200008  BusFreq                       
20207e00  __stack                       
20208000  __STACK_END                   
ffffffff  __TI_pprof_out_hndl           
ffffffff  __TI_prof_data_size           
ffffffff  __TI_prof_data_start          
ffffffff  __binit__                     
ffffffff  binit                         
UNDEFED   __mpu_init                    
UNDEFED   _system_post_cinit            

[94 symbols]
