******************************************************************************
            TI ARM Clang Linker PC v4.0.4                      
******************************************************************************
>> Linked Sun Mar 15 23:05:49 2026

OUTPUT FILE NAME:   <Fall2021.out>
ENTRY POINT SYMBOL: "_c_int00_noargs"  address: 00002b15


MEMORY CONFIGURATION

         name            origin    length      used     unused   attr    fill
----------------------  --------  ---------  --------  --------  ----  --------
  FLASH                 00000000   00020000  000036c8  0001c938  R  X
  SRAM                  20200000   00008000  00000acd  00007533  RW X
  BCR_CONFIG            41c00000   00000080  00000000  00000080  R   
  BSL_CONFIG            41c00100   00000080  00000000  00000080  R   


SEGMENT ALLOCATION MAP

run origin  load origin   length   init length attrs members
----------  ----------- ---------- ----------- ----- -------
00000000    00000000    000036c8   000036c8    r-x
  00000000    00000000    000000c0   000000c0    r-- .intvecs
  000000c0    000000c0    00002c80   00002c80    r-x .text
  00002d40    00002d40    000008f8   000008f8    r-- .rodata
  00003638    00003638    00000090   00000090    r-- .cinit
20200000    20200000    000008d1   00000000    rw-
  20200000    20200000    000004ec   00000000    rw- .bss
  202004f0    202004f0    00000200   00000000    rw- .sysmem
  202006f0    202006f0    000001e1   00000000    rw- .data
20207e00    20207e00    00000200   00000000    rw-
  20207e00    20207e00    00000200   00000000    rw- .stack


SECTION ALLOCATION MAP

 output                                  attributes/
section   page    origin      length       input sections
--------  ----  ----------  ----------   ----------------
.intvecs   0    00000000    000000c0     
                  00000000    000000c0     startup_mspm0g3507_ticlang.o (.intvecs)

.text      0    000000c0    00002c80     
                  000000c0    00000788     main.o (.text.main)
                  00000848    0000024c     main.o (.text.Test1_16)
                  00000a94    0000023c     main.o (.text.Test1_8)
                  00000cd0    0000021c     main.o (.text.Test1_32)
                  00000eec    000001b4     Clock.o (.text.Clock_Init80MHz)
                  000010a0    00000154     libc.a : fopen.c.obj (.text._openfile)
                  000011f4    00000118     main.o (.text.SetGrade)
                  0000130c    00000114     libc.a : memory.c.obj (.text.aligned_alloc)
                  00001420    000000ec     libsysbm.a : add_device.c.obj (.text.add_device)
                  0000150c    000000e8     UARTbusywait.o (.text.UART_Init)
                  000015f4    000000e8     libc.a : memory.c.obj (.text.free)
                  000016dc    000000e0            : setvbuf.c.obj (.text.setvbuf)
                  000017bc    000000d0     Exam2CPart.o (.text.MakeActive)
                  0000188c    000000c8     main.o (.text.MakeActiveSol)
                  00001954    000000c8     main.o (.text.ShowInput3)
                  00001a1c    000000ac     main.o (.text.ShowInput3b)
                  00001ac8    000000a8     main.o (.text.q1_16)
                  00001b70    000000a4     main.o (.text.Encrypt)
                  00001c14    000000a0     libsysbm.a : open.c.obj (.text.open)
                  00001cb4    0000009e     main.o (.text.q1_8)
                  00001d52    00000002     libclang_rt.builtins.a : aeabi_div0.c.obj (.text.__aeabi_idiv0)
                  00001d54    00000098     main.o (.text.q1_32)
                  00001dec    00000094     UART.o (.text.UART_InitPrintf)
                  00001e80    00000088     libc.a : strcmp-armv6m.S.obj (.text:strcmp)
                  00001f08    00000084     LaunchPad.o (.text.LaunchPad_Init)
                  00001f8c    00000080     Exam2CPart.o (.text.Question2)
                  0000200c    0000007c     libc.a : fclose.c.obj (.text.__TI_closefile)
                  00002088    0000007c            : copy_decompress_lzss.c.obj (.text:decompress:lzss)
                  00002104    00000074     main.o (.text.OverlapSol)
                  00002178    00000074     main.o (.text.ShowInput2)
                  000021ec    0000006c     libsysbm.a : hostlseek.c.obj (.text.HOSTlseek)
                  00002258    0000006c                : hostrename.c.obj (.text.HOSTrename)
                  000022c4    0000006c     libc.a : getdevice.c.obj (.text.getdevice)
                  00002330    00000064            : memory.c.obj (.text.split)
                  00002394    00000060     libsysbm.a : hostopen.c.obj (.text.HOSTopen)
                  000023f4    0000005c     main.o (.text.ShowInput1_16)
                  00002450    0000005c     main.o (.text.ShowInput1_32)
                  000024ac    0000005c     main.o (.text.TouchSol)
                  00002508    00000058     libsysbm.a : hostread.c.obj (.text.HOSTread)
                  00002560    00000058                : hostwrite.c.obj (.text.HOSTwrite)
                  000025b8    00000058     main.o (.text.ShowInput1_8)
                  00002610    00000052     libc.a : fflush.c.obj (.text.__TI_doflush)
                  00002662    00000002            : _lock.c.obj (.text._nop)
                  00002664    00000050     libsysbm.a : close.c.obj (.text.close)
                  000026b4    00000048                : hostclose.c.obj (.text.HOSTclose)
                  000026fc    00000048                : hostunlink.c.obj (.text.HOSTunlink)
                  00002744    00000040     libclang_rt.builtins.a : aeabi_uidivmod.S.obj (.text.__aeabi_uidivmod)
                  00002784    00000040     libc.a : fopen.c.obj (.text._search_fp)
                  000027c4    0000003c            : autoinit.c.obj (.text:__TI_auto_init_nobinit_nopinit)
                  00002800    00000038     LaunchPad.o (.text.ActivatePortA_B)
                  00002838    00000036     UART.o (.text.UART_OutUDec)
                  0000286e    00000002     --HOLE-- [fill = 0]
                  00002870    00000034     libc.a : fopen.c.obj (.text.__TI_cleanup)
                  000028a4    00000034     libsysbm.a : trgmsg.c.obj (.text.__TI_readmsg)
                  000028d8    00000034                : trgmsg.c.obj (.text.__TI_writemsg)
                  0000290c    00000034     libc.a : exit.c.obj (.text.exit)
                  00002940    00000034            : getdevice.c.obj (.text.finddevice)
                  00002974    00000034            : fopen.c.obj (.text.freopen)
                  000029a8    00000034     main.o (.text.setUpper)
                  000029dc    00000034     UART.o (.text.uart_write)
                  00002a10    00000030     libc.a : fopen.c.obj (.text.fopen)
                  00002a40    0000002c     UARTbusywait.o (.text.UART_OutChar)
                  00002a6c    0000002c     libsysbm.a : unlink.c.obj (.text.unlink)
                  00002a98    0000002c     Exam2ASMPart.o (.text)
                  00002ac4    00000028     libc.a : memory.c.obj (.text.free_list_insert)
                  00002aec    00000028     libsysbm.a : write.c.obj (.text.write)
                  00002b14    00000028     libc.a : boot_cortex_m.c.obj (.text:_c_int00_noargs)
                  00002b3c    00000026     UART.o (.text.UART_OutSDec)
                  00002b62    00000026     UART.o (.text.UART_OutString)
                  00002b88    00000026     UART.o (.text.uart_read)
                  00002bae    00000002     --HOLE-- [fill = 0]
                  00002bb0    00000020     main.o (.text.Random32)
                  00002bd0    00000020     UARTbusywait.o (.text.UART_InChar)
                  00002bf0    0000001c     libc.a : memory.c.obj (.text.free_list_remove)
                  00002c0c    00000018     main.o (.text.Random)
                  00002c24    00000014     UART.o (.text.uart_open)
                  00002c38    00000012     libc.a : memcpy16.S.obj (.text:TI_memcpy_small)
                  00002c4a    00000012            : copy_decompress_none.c.obj (.text:decompress:none)
                  00002c5c    00000010     Clock.o (.text.Clock_Delay)
                  00002c6c    00000010     main.o (.text.UART_OutCRLF)
                  00002c7c    00000010     libc.a : copy_zero_init.c.obj (.text:decompress:ZI)
                  00002c8c    0000000e            : memory.c.obj (.text.OUTLINED_FUNCTION_0)
                  00002c9a    0000000e     libsysbm.a : hostrename.c.obj (.text.strcpy)
                  00002ca8    0000000e                : hostrename.c.obj (.text.strlen)
                  00002cb6    0000000e     UART.o (.text.uart_lseek)
                  00002cc4    0000000e     libc.a : memset16.S.obj (.text:TI_memset_small)
                  00002cd2    00000002     --HOLE-- [fill = 0]
                  00002cd4    0000000c     Clock.o (.text.Clock_Freq)
                  00002ce0    0000000c     libclang_rt.builtins.a : aeabi_memset.S.obj (.text.__aeabi_memclr)
                  00002cec    0000000c     libc.a : memory.c.obj (.text.malloc)
                  00002cf8    0000000c     UART.o (.text.uart_rename)
                  00002d04    0000000a     UART.o (.text.uart_close)
                  00002d0e    0000000a     UART.o (.text.uart_unlink)
                  00002d18    00000008     libclang_rt.builtins.a : aeabi_memcpy.S.obj (.text.__aeabi_memcpy)
                  00002d20    00000008     libsysbm.a : remove.c.obj (.text.remove)
                  00002d28    00000006     libc.a : exit.c.obj (.text:abort)
                  00002d2e    00000004     startup_mspm0g3507_ticlang.o (.text.Default_Handler)
                  00002d32    00000004     libsysbm.a : hostexit.c.obj (.text.HOSTexit)
                  00002d36    00000004     startup_mspm0g3507_ticlang.o (.text.Reset_Handler)
                  00002d3a    00000004     libc.a : pre_init.c.obj (.text._system_pre_init)
                  00002d3e    00000002     --HOLE-- [fill = 0]

.cinit     0    00003638    00000090     
                  00003638    00000067     (.cinit..data.load) [load image, compression = lzss]
                  0000369f    00000001     --HOLE-- [fill = 0]
                  000036a0    0000000c     (__TI_handler_table)
                  000036ac    00000008     (.cinit..bss.load) [load image, compression = zero_init]
                  000036b4    00000010     (__TI_cinit_table)
                  000036c4    00000004     --HOLE-- [fill = 0]

.rodata    0    00002d40    000008f8     
                  00002d40    00000220     main.o (.rodata.str1.1)
                  00002f60    000001b0     main.o (.rodata.Tests2)
                  00003110    00000168     main.o (.rodata.Tests3)
                  00003278    00000104     main.o (.rodata.Tests1)
                  0000337c    000000f0     main.o (.rodata.Q1Problem)
                  0000346c    000000a0     main.o (.rodata.Q2Problem)
                  0000350c    000000a0     main.o (.rodata.Q2Test)
                  000035ac    00000058     main.o (.rodata.Scramble)
                  00003604    00000016     main.o (.rodata.Key)
                  0000361a    0000000d     UART.o (.rodata.str1.1)
                  00003627    0000000a     Exam2CPart.o (.rodata.EID)
                  00003631    00000007     --HOLE-- [fill = 0]

.init_array 
*          0    00000000    00000000     UNINITIALIZED

.binit     0    00000000    00000000     

.bss       0    20200000    000004ec     UNINITIALIZED
                  20200000    00000120     libsysbm.a : trgmsg.c.obj (.bss:_CIOBUF_)
                  20200120    000000a0     libc.a : defs.c.obj (.bss.__TI_tmpnams)
                  202001c0    000000a0     (.common:Fleet3Correct)
                  20200260    000000a0     (.common:Fleet3Input)
                  20200300    000000a0     (.common:Fleet3Test)
                  202003a0    00000060     (.common:answers2)
                  20200400    00000050     (.common:answers1)
                  20200450    00000030     (.common:Q1input32)
                  20200480    00000018     main.o (.bss.EncriptedMagicCode)
                  20200498    00000018     main.o (.bss.MagicCode)
                  202004b0    00000018     (.common:Q1input16)
                  202004c8    0000000c     (.common:Q1input8)
                  202004d4    00000008     libsysbm.a : hostopen.c.obj (.bss.parmbuf)
                  202004dc    00000004     main.o (.bss.score2)
                  202004e0    00000004     main.o (.bss.score)
                  202004e4    00000004     libc.a : memory.c.obj (.bss.sys_free)
                  202004e8    00000004     (.common:M)

.sysmem    0    202004f0    00000200     UNINITIALIZED
                  202004f0    00000010     libc.a : memory.c.obj (.sysmem)
                  20200500    000001f0     --HOLE--

.data      0    202006f0    000001e1     UNINITIALIZED
                  202006f0    000000f0     libc.a : defs.c.obj (.data._ftable)
                  202007e0    00000078     libsysbm.a : host_device.c.obj (.data._device)
                  20200858    00000050                : host_device.c.obj (.data._stream)
                  202008a8    00000008     libc.a : exit.c.obj (.data..L_MergedGlobals)
                  202008b0    00000004     Clock.o (.data.BusFreq)
                  202008b4    00000004     main.o (.data.Q1Mode)
                  202008b8    00000004     main.o (.data.Q2Mode)
                  202008bc    00000004     libc.a : defs.c.obj (.data.__TI_ft_end)
                  202008c0    00000004            : _lock.c.obj (.data._lock)
                  202008c4    00000004            : _lock.c.obj (.data._unlock)
                  202008c8    00000001     libsysbm.a : add_device.c.obj (.data.add_device.device_init)
                  202008c9    00000003     --HOLE--
                  202008cc    00000001     libc.a : memory.c.obj (.data.memory_is_initialized)
                  202008cd    00000003     --HOLE--
                  202008d0    00000001     libsysbm.a : open.c.obj (.data.open.stream_init)

.stack     0    20207e00    00000200     UNINITIALIZED
                  20207e00    00000004     libc.a : boot_cortex_m.c.obj (.stack)
                  20207e04    000001fc     --HOLE--

__llvm_prf_cnts 
*          0    20200000    00000000     UNINITIALIZED

__llvm_prf_bits 
*          0    20200000    00000000     UNINITIALIZED

MODULE SUMMARY

       Module                         code    ro data   rw data
       ------                         ----    -------   -------
    ..\
       main.o                         5842    2266      808    
       Clock.o                        464     0         4      
       UART.o                         434     13        0      
       UARTbusywait.o                 308     0         0      
       LaunchPad.o                    188     0         0      
    +--+------------------------------+-------+---------+---------+
       Total:                         7236    2279      812    
                                                               
    .\
       Exam2CPart.o                   336     10        0      
       Exam2ASMPart.o                 44      0         0      
    +--+------------------------------+-------+---------+---------+
       Total:                         380     10        0      
                                                               
    .\ticlang\
       startup_mspm0g3507_ticlang.o   8       192       0      
    +--+------------------------------+-------+---------+---------+
       Total:                         8       192       0      
                                                               
    C:\ti\ccs2040\ccs\tools\compiler\ti-cgt-armllvm_4.0.4.LTS\lib\armv6m-ti-none-eabi/c/libc.a
       memory.c.obj                   702     0         5      
       fopen.c.obj                    556     0         0      
       defs.c.obj                     0       0         404    
       setvbuf.c.obj                  224     0         0      
       getdevice.c.obj                160     0         0      
       strcmp-armv6m.S.obj            136     0         0      
       copy_decompress_lzss.c.obj     124     0         0      
       fclose.c.obj                   124     0         0      
       fflush.c.obj                   82      0         0      
       exit.c.obj                     58      0         8      
       autoinit.c.obj                 60      0         0      
       boot_cortex_m.c.obj            40      0         0      
       copy_decompress_none.c.obj     18      0         0      
       memcpy16.S.obj                 18      0         0      
       copy_zero_init.c.obj           16      0         0      
       memset16.S.obj                 14      0         0      
       _lock.c.obj                    2       0         8      
       pre_init.c.obj                 4       0         0      
    +--+------------------------------+-------+---------+---------+
       Total:                         2338    0         425    
                                                               
    C:\ti\ccs2040\ccs\tools\compiler\ti-cgt-armllvm_4.0.4.LTS\lib\armv6m-ti-none-eabi/c/libsysbm.a
       trgmsg.c.obj                   104     0         288    
       add_device.c.obj               236     0         1      
       host_device.c.obj              0       0         200    
       open.c.obj                     160     0         1      
       hostrename.c.obj               136     0         0      
       hostlseek.c.obj                108     0         0      
       hostopen.c.obj                 96      0         8      
       hostread.c.obj                 88      0         0      
       hostwrite.c.obj                88      0         0      
       close.c.obj                    80      0         0      
       hostclose.c.obj                72      0         0      
       hostunlink.c.obj               72      0         0      
       unlink.c.obj                   44      0         0      
       write.c.obj                    40      0         0      
       remove.c.obj                   8       0         0      
       hostexit.c.obj                 4       0         0      
    +--+------------------------------+-------+---------+---------+
       Total:                         1336    0         498    
                                                               
    C:\ti\ccs2040\ccs\tools\compiler\ti-cgt-armllvm_4.0.4.LTS\lib\armv6m-ti-none-eabi/libclang_rt.builtins.a
       aeabi_uidivmod.S.obj           64      0         0      
       aeabi_memset.S.obj             12      0         0      
       aeabi_memcpy.S.obj             8       0         0      
       aeabi_div0.c.obj               2       0         0      
    +--+------------------------------+-------+---------+---------+
       Total:                         86      0         0      
                                                               
       Heap:                          0       0         512    
       Stack:                         0       0         512    
       Linker Generated:              0       139       0      
    +--+------------------------------+-------+---------+---------+
       Grand Total:                   11384   2620      2759   


LINKER GENERATED COPY TABLES

__TI_cinit_table @ 000036b4 records: 2, size/record: 8, table size: 16
	.data: load addr=00003638, load size=00000067 bytes, run addr=202006f0, run size=000001e1 bytes, compression=lzss
	.bss: load addr=000036ac, load size=00000008 bytes, run addr=20200000, run size=000004ec bytes, compression=zero_init


LINKER GENERATED HANDLER TABLE

__TI_handler_table @ 000036a0 records: 3, size/record: 4, table size: 12
	index: 0, handler: __TI_decompress_lzss
	index: 1, handler: __TI_decompress_none
	index: 2, handler: __TI_zero_init


GLOBAL SYMBOLS: SORTED ALPHABETICALLY BY Name 

address   name                          
-------   ----                          
00002d2f  ADC0_IRQHandler               
00002d2f  ADC1_IRQHandler               
00002d2f  AES_IRQHandler                
00002801  ActivatePortA_B               
202008b0  BusFreq                       
00002d32  C$$EXIT                       
00002905  C$$IO$$                       
00002d2f  CANFD0_IRQHandler             
00002c5d  Clock_Delay                   
00002cd5  Clock_Freq                    
00000eed  Clock_Init80MHz               
00002d2f  DAC0_IRQHandler               
00002d2f  DMA_IRQHandler                
00002d2f  Default_Handler               
00003627  EID                           
202001c0  Fleet3Correct                 
20200260  Fleet3Input                   
20200300  Fleet3Test                    
00002d2f  GROUP0_IRQHandler             
00002d2f  GROUP1_IRQHandler             
000026b5  HOSTclose                     
00002d33  HOSTexit                      
000021ed  HOSTlseek                     
00002395  HOSTopen                      
00002509  HOSTread                      
00002259  HOSTrename                    
000026fd  HOSTunlink                    
00002561  HOSTwrite                     
00002d2f  HardFault_Handler             
00002d2f  I2C0_IRQHandler               
00002d2f  I2C1_IRQHandler               
00001f09  LaunchPad_Init                
202004e8  M                             
000017bd  MakeActive                    
00002d2f  NMI_Handler                   
00002d2f  PendSV_Handler                
202008b4  Q1Mode                        
0000337c  Q1Problem                     
202004b0  Q1input16                     
20200450  Q1input32                     
202004c8  Q1input8                      
202008b8  Q2Mode                        
0000346c  Q2Problem                     
0000350c  Q2Test                        
00001f8d  Question2                     
00002d2f  RTC_IRQHandler                
00002c0d  Random                        
00002bb1  Random32                      
00002d37  Reset_Handler                 
00002d2f  SPI0_IRQHandler               
00002d2f  SPI1_IRQHandler               
00002d2f  SVC_Handler                   
00002a98  SearchForRepeatedValue        
000023f5  ShowInput1_16                 
00002451  ShowInput1_32                 
000025b9  ShowInput1_8                  
00002179  ShowInput2                    
00001955  ShowInput3                    
00001a1d  ShowInput3b                   
00002d2f  SysTick_Handler               
00002d2f  TIMA0_IRQHandler              
00002d2f  TIMA1_IRQHandler              
00002d2f  TIMG0_IRQHandler              
00002d2f  TIMG12_IRQHandler             
00002d2f  TIMG6_IRQHandler              
00002d2f  TIMG7_IRQHandler              
00002d2f  TIMG8_IRQHandler              
00002c39  TI_memcpy_small               
00002cc5  TI_memset_small               
00000849  Test1_16                      
00000cd1  Test1_32                      
00000a95  Test1_8                       
00003278  Tests1                        
00002f60  Tests2                        
00003110  Tests3                        
00002d2f  UART0_IRQHandler              
00002d2f  UART1_IRQHandler              
00002d2f  UART2_IRQHandler              
00002d2f  UART3_IRQHandler              
00002bd1  UART_InChar                   
0000150d  UART_Init                     
00001ded  UART_InitPrintf               
00002c6d  UART_OutCRLF                  
00002a41  UART_OutChar                  
00002b3d  UART_OutSDec                  
00002b63  UART_OutString                
00002839  UART_OutUDec                  
20200000  _CIOBUF_                      
20200000  __CIOBUF_                     
20208000  __STACK_END                   
00000200  __STACK_SIZE                  
00000200  __SYSMEM_SIZE                 
00000000  __TI_ATRegion0_region_sz      
00000000  __TI_ATRegion0_src_addr       
00000000  __TI_ATRegion0_trg_addr       
00000000  __TI_ATRegion1_region_sz      
00000000  __TI_ATRegion1_src_addr       
00000000  __TI_ATRegion1_trg_addr       
00000000  __TI_ATRegion2_region_sz      
00000000  __TI_ATRegion2_src_addr       
00000000  __TI_ATRegion2_trg_addr       
000036b4  __TI_CINIT_Base               
000036c4  __TI_CINIT_Limit              
000036c4  __TI_CINIT_Warm               
000036a0  __TI_Handler_Table_Base       
000036ac  __TI_Handler_Table_Limit      
000027c5  __TI_auto_init_nobinit_nopinit
00002871  __TI_cleanup                  
202008a8  __TI_cleanup_ptr              
0000200d  __TI_closefile                
00002089  __TI_decompress_lzss          
00002c4b  __TI_decompress_none          
00002611  __TI_doflush                  
202008ac  __TI_dtors_ptr                
202008bc  __TI_ft_end                   
ffffffff  __TI_pprof_out_hndl           
ffffffff  __TI_prof_data_size           
ffffffff  __TI_prof_data_start          
000028a5  __TI_readmsg                  
00000000  __TI_static_base__            
20200120  __TI_tmpnams                  
000028d9  __TI_writemsg                 
00002c7d  __TI_zero_init                
00001d53  __aeabi_idiv0                 
00002ce1  __aeabi_memclr                
00002ce1  __aeabi_memclr4               
00002ce1  __aeabi_memclr8               
00002d19  __aeabi_memcpy                
00002d19  __aeabi_memcpy4               
00002d19  __aeabi_memcpy8               
00002745  __aeabi_uidiv                 
00002745  __aeabi_uidivmod              
ffffffff  __binit__                     
UNDEFED   __mpu_init                    
20207e00  __stack                       
20200000  __start___llvm_prf_bits       
20200000  __start___llvm_prf_cnts       
20200000  __stop___llvm_prf_bits        
20200000  __stop___llvm_prf_cnts        
00002b15  _c_int00_noargs               
202007e0  _device                       
202006f0  _ftable                       
202008c0  _lock                         
00002663  _nop                          
20200858  _stream                       
202004f0  _sys_memory                   
UNDEFED   _system_post_cinit            
00002d3b  _system_pre_init              
202008c4  _unlock                       
00002d29  abort                         
00001421  add_device                    
0000130d  aligned_alloc                 
20200400  answers1                      
202003a0  answers2                      
ffffffff  binit                         
00002665  close                         
0000290d  exit                          
00002941  finddevice                    
00002a11  fopen                         
000015f5  free                          
00002975  freopen                       
000022c5  getdevice                     
00000000  interruptVectors              
000000c1  main                          
00002ced  malloc                        
0000130d  memalign                      
00001c15  open                          
202004d4  parmbuf                       
00002d21  remove                        
000029a9  setUpper                      
000016dd  setvbuf                       
00001e81  strcmp                        
00002d05  uart_close                    
00002cb7  uart_lseek                    
00002c25  uart_open                     
00002b89  uart_read                     
00002cf9  uart_rename                   
00002d0f  uart_unlink                   
000029dd  uart_write                    
00002a6d  unlink                        
00002aed  write                         


GLOBAL SYMBOLS: SORTED BY Symbol Address 

address   name                          
-------   ----                          
00000000  __TI_ATRegion0_region_sz      
00000000  __TI_ATRegion0_src_addr       
00000000  __TI_ATRegion0_trg_addr       
00000000  __TI_ATRegion1_region_sz      
00000000  __TI_ATRegion1_src_addr       
00000000  __TI_ATRegion1_trg_addr       
00000000  __TI_ATRegion2_region_sz      
00000000  __TI_ATRegion2_src_addr       
00000000  __TI_ATRegion2_trg_addr       
00000000  __TI_static_base__            
00000000  interruptVectors              
000000c1  main                          
00000200  __STACK_SIZE                  
00000200  __SYSMEM_SIZE                 
00000849  Test1_16                      
00000a95  Test1_8                       
00000cd1  Test1_32                      
00000eed  Clock_Init80MHz               
0000130d  aligned_alloc                 
0000130d  memalign                      
00001421  add_device                    
0000150d  UART_Init                     
000015f5  free                          
000016dd  setvbuf                       
000017bd  MakeActive                    
00001955  ShowInput3                    
00001a1d  ShowInput3b                   
00001c15  open                          
00001d53  __aeabi_idiv0                 
00001ded  UART_InitPrintf               
00001e81  strcmp                        
00001f09  LaunchPad_Init                
00001f8d  Question2                     
0000200d  __TI_closefile                
00002089  __TI_decompress_lzss          
00002179  ShowInput2                    
000021ed  HOSTlseek                     
00002259  HOSTrename                    
000022c5  getdevice                     
00002395  HOSTopen                      
000023f5  ShowInput1_16                 
00002451  ShowInput1_32                 
00002509  HOSTread                      
00002561  HOSTwrite                     
000025b9  ShowInput1_8                  
00002611  __TI_doflush                  
00002663  _nop                          
00002665  close                         
000026b5  HOSTclose                     
000026fd  HOSTunlink                    
00002745  __aeabi_uidiv                 
00002745  __aeabi_uidivmod              
000027c5  __TI_auto_init_nobinit_nopinit
00002801  ActivatePortA_B               
00002839  UART_OutUDec                  
00002871  __TI_cleanup                  
000028a5  __TI_readmsg                  
000028d9  __TI_writemsg                 
00002905  C$$IO$$                       
0000290d  exit                          
00002941  finddevice                    
00002975  freopen                       
000029a9  setUpper                      
000029dd  uart_write                    
00002a11  fopen                         
00002a41  UART_OutChar                  
00002a6d  unlink                        
00002a98  SearchForRepeatedValue        
00002aed  write                         
00002b15  _c_int00_noargs               
00002b3d  UART_OutSDec                  
00002b63  UART_OutString                
00002b89  uart_read                     
00002bb1  Random32                      
00002bd1  UART_InChar                   
00002c0d  Random                        
00002c25  uart_open                     
00002c39  TI_memcpy_small               
00002c4b  __TI_decompress_none          
00002c5d  Clock_Delay                   
00002c6d  UART_OutCRLF                  
00002c7d  __TI_zero_init                
00002cb7  uart_lseek                    
00002cc5  TI_memset_small               
00002cd5  Clock_Freq                    
00002ce1  __aeabi_memclr                
00002ce1  __aeabi_memclr4               
00002ce1  __aeabi_memclr8               
00002ced  malloc                        
00002cf9  uart_rename                   
00002d05  uart_close                    
00002d0f  uart_unlink                   
00002d19  __aeabi_memcpy                
00002d19  __aeabi_memcpy4               
00002d19  __aeabi_memcpy8               
00002d21  remove                        
00002d29  abort                         
00002d2f  ADC0_IRQHandler               
00002d2f  ADC1_IRQHandler               
00002d2f  AES_IRQHandler                
00002d2f  CANFD0_IRQHandler             
00002d2f  DAC0_IRQHandler               
00002d2f  DMA_IRQHandler                
00002d2f  Default_Handler               
00002d2f  GROUP0_IRQHandler             
00002d2f  GROUP1_IRQHandler             
00002d2f  HardFault_Handler             
00002d2f  I2C0_IRQHandler               
00002d2f  I2C1_IRQHandler               
00002d2f  NMI_Handler                   
00002d2f  PendSV_Handler                
00002d2f  RTC_IRQHandler                
00002d2f  SPI0_IRQHandler               
00002d2f  SPI1_IRQHandler               
00002d2f  SVC_Handler                   
00002d2f  SysTick_Handler               
00002d2f  TIMA0_IRQHandler              
00002d2f  TIMA1_IRQHandler              
00002d2f  TIMG0_IRQHandler              
00002d2f  TIMG12_IRQHandler             
00002d2f  TIMG6_IRQHandler              
00002d2f  TIMG7_IRQHandler              
00002d2f  TIMG8_IRQHandler              
00002d2f  UART0_IRQHandler              
00002d2f  UART1_IRQHandler              
00002d2f  UART2_IRQHandler              
00002d2f  UART3_IRQHandler              
00002d32  C$$EXIT                       
00002d33  HOSTexit                      
00002d37  Reset_Handler                 
00002d3b  _system_pre_init              
00002f60  Tests2                        
00003110  Tests3                        
00003278  Tests1                        
0000337c  Q1Problem                     
0000346c  Q2Problem                     
0000350c  Q2Test                        
00003627  EID                           
000036a0  __TI_Handler_Table_Base       
000036ac  __TI_Handler_Table_Limit      
000036b4  __TI_CINIT_Base               
000036c4  __TI_CINIT_Limit              
000036c4  __TI_CINIT_Warm               
20200000  _CIOBUF_                      
20200000  __CIOBUF_                     
20200000  __start___llvm_prf_bits       
20200000  __start___llvm_prf_cnts       
20200000  __stop___llvm_prf_bits        
20200000  __stop___llvm_prf_cnts        
20200120  __TI_tmpnams                  
202001c0  Fleet3Correct                 
20200260  Fleet3Input                   
20200300  Fleet3Test                    
202003a0  answers2                      
20200400  answers1                      
20200450  Q1input32                     
202004b0  Q1input16                     
202004c8  Q1input8                      
202004d4  parmbuf                       
202004e8  M                             
202004f0  _sys_memory                   
202006f0  _ftable                       
202007e0  _device                       
20200858  _stream                       
202008a8  __TI_cleanup_ptr              
202008ac  __TI_dtors_ptr                
202008b0  BusFreq                       
202008b4  Q1Mode                        
202008b8  Q2Mode                        
202008bc  __TI_ft_end                   
202008c0  _lock                         
202008c4  _unlock                       
20207e00  __stack                       
20208000  __STACK_END                   
ffffffff  __TI_pprof_out_hndl           
ffffffff  __TI_prof_data_size           
ffffffff  __TI_prof_data_start          
ffffffff  __binit__                     
ffffffff  binit                         
UNDEFED   __mpu_init                    
UNDEFED   _system_post_cinit            

[181 symbols]
