******************************************************************************
            TI ARM Clang Linker PC v4.0.4                      
******************************************************************************
>> Linked Tue Apr  7 21:21:25 2026

OUTPUT FILE NAME:   <ECE319K_Lab8H.out>
ENTRY POINT SYMBOL: "_c_int00_noargs"  address: 00002279


MEMORY CONFIGURATION

         name            origin    length      used     unused   attr    fill
----------------------  --------  ---------  --------  --------  ----  --------
  FLASH                 00000000   00020000  00002b50  0001d4b0  R  X
  SRAM                  20200000   00008000  0000081c  000077e4  RW X
  BCR_CONFIG            41c00000   00000080  00000000  00000080  R   
  BSL_CONFIG            41c00100   00000080  00000000  00000080  R   


SEGMENT ALLOCATION MAP

run origin  load origin   length   init length attrs members
----------  ----------- ---------- ----------- ----- -------
00000000    00000000    00002b50   00002b50    r-x
  00000000    00000000    000000c0   000000c0    r-- .intvecs
  000000c0    000000c0    00002440   00002440    r-x .text
  00002500    00002500    000005b0   000005b0    r-- .rodata
  00002ab0    00002ab0    00000008   00000008    r-- .init_array
  00002ab8    00002ab8    00000098   00000098    r-- .cinit
20200000    20200000    0000061f   00000000    rw-
  20200000    20200000    00000225   00000000    rw- .data
  20200228    20200228    00000200   00000000    rw- .sysmem
  20200428    20200428    000001f7   00000000    rw- .bss
20207e00    20207e00    00000200   00000000    rw-
  20207e00    20207e00    00000200   00000000    rw- .stack


SECTION ALLOCATION MAP

 output                                  attributes/
section   page    origin      length       input sections
--------  ----  ----------  ----------   ----------------
.intvecs   0    00000000    000000c0     
                  00000000    000000c0     startup_mspm0g3507_ticlang.o (.intvecs)

.binit     0    00000000    00000000     

.text      0    000000c0    00002440     
                  000000c0    000001b4     Clock.o (.text._Z15Clock_Init80MHzi)
                  00000274    000001a0     ST7735.o (.text._Z16ST7735_DrawCharSsscssh)
                  00000414    00000154     libc.a : fopen.c.obj (.text._openfile)
                  00000568    00000140     Lab8HMain.o (.text.main)
                  000006a8    00000118     ST7735.o (.text._Z15ST7735_FillRectsssst)
                  000007c0    00000114     libc.a : memory.c.obj (.text.aligned_alloc)
                  000008d4    000000f8     SPI.o (.text._Z8SPI_Initv)
                  000009cc    000000ec     libsysbm.a : add_device.c.obj (.text.add_device)
                  00000ab8    000000e8     libc.a : memory.c.obj (.text.free)
                  00000ba0    000000e0            : setvbuf.c.obj (.text.setvbuf)
                  00000c80    000000d4     Lab8HMain.o (.text.TIMG12_IRQHandler)
                  00000d54    000000d4     UART2.o (.text._Z10UART2_Initv)
                  00000e28    000000d0     ST7735.o (.text._Z14ST7735_OutCharc)
                  00000ef8    000000cc     ST7735.o (.text._Z16ST7735_PlotPointi)
                  00000fc4    000000b0     ST7735.o (.text._Z20ST7735_DrawFastVLinessst)
                  00001074    000000a2     ST7735.o (.text._ZL11commandListPKh)
                  00001116    00000002     libclang_rt.builtins.a : aeabi_div0.c.obj (.text.__aeabi_idiv0)
                  00001118    000000a0     ST7735.o (.text._Z17ST7735_InitPrintf10initRFlags)
                  000011b8    000000a0     libsysbm.a : open.c.obj (.text.open)
                  00001258    00000098     ST7735.o (.text._Z12ST7735_InitR10initRFlags)
                  000012f0    00000088     ST7735.o (.text._ZL13setAddrWindowhhhh)
                  00001378    00000008     libclang_rt.builtins.a : aeabi_memcpy.S.obj (.text.__aeabi_memcpy)
                  00001380    00000088     libc.a : strcmp-armv6m.S.obj (.text:strcmp)
                  00001408    00000084     ST7735.o (.text._Z17ST7735_DrawStringttPcs)
                  0000148c    0000007c     UART2.o (.text.UART2_IRQHandler)
                  00001508    0000007c     LaunchPad.o (.text._Z14LaunchPad_Initv)
                  00001584    0000007c     libc.a : fclose.c.obj (.text.__TI_closefile)
                  00001600    0000007c            : copy_decompress_lzss.c.obj (.text:decompress:lzss)
                  0000167c    00000074     ST7735.o (.text._Z16ST7735_PlotClearii)
                  000016f0    00000070     ST7735.o (.text._Z16ST7735_DrawPixelsst)
                  00001760    0000006c     libsysbm.a : hostlseek.c.obj (.text.HOSTlseek)
                  000017cc    0000006c                : hostrename.c.obj (.text.HOSTrename)
                  00001838    0000006c     libc.a : getdevice.c.obj (.text.getdevice)
                  000018a4    00000064            : memory.c.obj (.text.split)
                  00001908    00000060     libsysbm.a : hostopen.c.obj (.text.HOSTopen)
                  00001968    00000060     IRxmt.o (.text._Z13IRxmt_SendBiti)
                  000019c8    00000058     libsysbm.a : hostread.c.obj (.text.HOSTread)
                  00001a20    00000058                : hostwrite.c.obj (.text.HOSTwrite)
                  00001a78    00000056     libclang_rt.builtins.a : aeabi_idivmod.S.obj (.text.__aeabi_idivmod)
                  00001ace    00000002     libc.a : _lock.c.obj (.text._nop)
                  00001ad0    00000054            : autoinit.c.obj (.text:__TI_auto_init_nobinit)
                  00001b24    00000052            : fflush.c.obj (.text.__TI_doflush)
                  00001b76    00000002     --HOLE-- [fill = 0]
                  00001b78    00000050     libsysbm.a : close.c.obj (.text.close)
                  00001bc8    0000004a     FIFO2.o (.text._ZN5Queue3GetEPc)
                  00001c12    0000004a     FIFO2.o (.text._ZN5Queue3PutEc)
                  00001c5c    00000048     libsysbm.a : hostclose.c.obj (.text.HOSTclose)
                  00001ca4    00000048                : hostunlink.c.obj (.text.HOSTunlink)
                  00001cec    00000048     IRxmt.o (.text._Z13IRxmt_OutCharc)
                  00001d34    00000048     SPI.o (.text._Z14SPI_OutCommandc)
                  00001d7c    00000048     ST7735.o (.text._Z20ST7735_PlotNextErasev)
                  00001dc4    00000048     SlidePot.o (.text._ZN8SlidePot2InEv)
                  00001e0c    00000040     SPI.o (.text._Z9SPI_Resetv)
                  00001e4c    00000040     libclang_rt.builtins.a : aeabi_uidivmod.S.obj (.text.__aeabi_uidivmod)
                  00001e8c    00000040     libc.a : fopen.c.obj (.text._search_fp)
                  00001ecc    00000038     SPI.o (.text._Z11SPI_OutDatac)
                  00001f04    00000038     LaunchPad.o (.text._Z15ActivatePortA_Bv)
                  00001f3c    00000034     ST7735.o (.text._Z12ST7735_writeiPKcj)
                  00001f70    00000034     Clock.o (.text._Z14Clock_Delay1msj)
                  00001fa4    00000034     ST7735.o (.text._Z16ST7735_SetCursorjj)
                  00001fd8    00000034     libc.a : fopen.c.obj (.text.__TI_cleanup)
                  0000200c    00000034     libsysbm.a : trgmsg.c.obj (.text.__TI_readmsg)
                  00002040    00000034                : trgmsg.c.obj (.text.__TI_writemsg)
                  00002074    00000034     libc.a : exit.c.obj (.text.exit)
                  000020a8    00000034            : getdevice.c.obj (.text.finddevice)
                  000020dc    00000034            : fopen.c.obj (.text.freopen)
                  00002110    00000032     ST7735.o (.text._Z15ST7735_Color565hhh)
                  00002142    00000002     --HOLE-- [fill = 0]
                  00002144    00000030     ST7735.o (.text._ZL10commonInitPKh)
                  00002174    00000030     libc.a : fopen.c.obj (.text.fopen)
                  000021a4    0000002c     UART2.o (.text._Z12UART2_InCharv)
                  000021d0    0000002c     ST7735.o (.text._Z17ST7735_FillScreent)
                  000021fc    0000002c     libsysbm.a : unlink.c.obj (.text.unlink)
                  00002228    00000028     libc.a : memory.c.obj (.text.free_list_insert)
                  00002250    00000028     libsysbm.a : write.c.obj (.text.write)
                  00002278    00000028     libc.a : boot_cortex_m.c.obj (.text:_c_int00_noargs)
                  000022a0    00000026     FIFO2.o (.text._ZN5Queue6IsFullEv)
                  000022c6    0000001e     ST7735.o (.text._ZL9pushColort)
                  000022e4    0000001e     SlidePot.o (.text._ZN8SlidePotC2Ejj)
                  00002302    00000002     --HOLE-- [fill = 0]
                  00002304    0000001c     startup_mspm0g3507_ticlang.o (.text.Default_Handler)
                  00002320    0000001c     startup_mspm0g3507_ticlang.o (.text.HardFault_Handler)
                  0000233c    0000001c     libc.a : memory.c.obj (.text.free_list_remove)
                  00002358    00000018     SlidePot.o (.text._ZN8SlidePot7ConvertEj)
                  00002370    00000016     ST7735.o (.text._Z11ST7735_openPKcji)
                  00002386    00000016     ST7735.o (.text._Z11ST7735_readiPcj)
                  0000239c    00000016     libc.a : copy_zero_init.c.obj (.text:decompress:ZI:__TI_zero_init_nomemset)
                  000023b2    00000014     FIFO2.o (.text._ZN5Queue7IsEmptyEv)
                  000023c6    00000002     --HOLE-- [fill = 0]
                  000023c8    00000014     Lab8HMain.o (.text.__cxx_global_var_init)
                  000023dc    00000012     libc.a : memcpy16.S.obj (.text:TI_memcpy_small)
                  000023ee    00000012            : copy_decompress_none.c.obj (.text:decompress:none)
                  00002400    00000010     Clock.o (.text._Z11Clock_Delayj)
                  00002410    00000010     FIFO2.o (.text._ZN5QueueC2Ev)
                  00002420    00000010     Lab8HMain.o (.text.__cxx_global_var_init.1)
                  00002430    0000000e     libc.a : memory.c.obj (.text.OUTLINED_FUNCTION_0)
                  0000243e    0000000e     ST7735.o (.text._Z12ST7735_lseekili)
                  0000244c    0000000e     libsysbm.a : hostrename.c.obj (.text.strcpy)
                  0000245a    0000000e                : hostrename.c.obj (.text.strlen)
                  00002468    0000000e     libc.a : memset16.S.obj (.text:TI_memset_small)
                  00002476    0000000c     Lab8HMain.o (.text._GLOBAL__sub_I_Lab8HMain.cpp)
                  00002482    00000002     --HOLE-- [fill = 0]
                  00002484    0000000c     Clock.o (.text._Z10Clock_Freqv)
                  00002490    0000000c     ST7735.o (.text._Z13ST7735_renamePKcS0_)
                  0000249c    0000000c     IRxmt.o (.text._Z5Delayj)
                  000024a8    0000000c     libclang_rt.builtins.a : aeabi_memset.S.obj (.text.__aeabi_memclr)
                  000024b4    0000000c     libc.a : memory.c.obj (.text.malloc)
                  000024c0    0000000a     ST7735.o (.text._Z12ST7735_closei)
                  000024ca    0000000a     ST7735.o (.text._Z13ST7735_unlinkPKc)
                  000024d4    0000000a     Lab8HMain.o (.text._Z8PLL_Initv)
                  000024de    00000008     libsysbm.a : remove.c.obj (.text.remove)
                  000024e6    00000006     libc.a : exit.c.obj (.text:abort)
                  000024ec    00000004     libsysbm.a : hostexit.c.obj (.text.HOSTexit)
                  000024f0    00000004     startup_mspm0g3507_ticlang.o (.text.Reset_Handler)
                  000024f4    00000004     libc.a : pre_init.c.obj (.text._system_pre_init)
                  000024f8    00000008     --HOLE-- [fill = 0]

.cinit     0    00002ab8    00000098     
                  00002ab8    0000006d     (.cinit..data.load) [load image, compression = lzss]
                  00002b25    00000003     --HOLE-- [fill = 0]
                  00002b28    0000000c     (__TI_handler_table)
                  00002b34    00000008     (.cinit..bss.load) [load image, compression = zero_init]
                  00002b3c    00000010     (__TI_cinit_table)
                  00002b4c    00000004     --HOLE-- [fill = 0]

.rodata    0    00002500    000005b0     
                  00002500    000004fb     ST7735.o (.rodata._ZL4Font)
                  000029fb    0000003b     ST7735.o (.rodata._ZL5Rcmd1)
                  00002a36    0000002b     ST7735.o (.rodata._ZL5Rcmd3)
                  00002a61    00000016     ST7735.o (.rodata.str1.14736978382213673245.1)
                  00002a77    0000000d     ST7735.o (.rodata._ZL10Rcmd2green)
                  00002a84    0000000d     ST7735.o (.rodata._ZL8Rcmd2red)
                  00002a91    00000008     ST7735.o (.rodata.str1.7209918599617305731.1)
                  00002a99    00000007     ST7735.o (.rodata.str1.10208736415454880443.1)
                  00002aa0    00000007     ST7735.o (.rodata.str1.8723687351022562626.1)
                  00002aa7    00000002     ST7735.o (.rodata.str1.18358205720993799461.1)
                  00002aa9    00000007     --HOLE-- [fill = 0]

.init_array 
*          0    00002ab0    00000008     
                  00002ab0    00000004     Lab8HMain.o (.init_array)
                  00002ab4    00000004     --HOLE-- [fill = 0]

.data      0    20200000    00000225     UNINITIALIZED
                  20200000    000000f0     libc.a : defs.c.obj (.data._ftable)
                  202000f0    00000078     libsysbm.a : host_device.c.obj (.data._device)
                  20200168    00000050                : host_device.c.obj (.data._stream)
                  202001b8    00000028     Lab8HMain.o (.data.FIFO)
                  202001e0    00000014     Lab8HMain.o (.data.Sensor)
                  202001f4    00000008     libc.a : exit.c.obj (.data..L_MergedGlobals)
                  202001fc    00000004     Clock.o (.data.BusFreq)
                  20200200    00000004     ST7735.o (.data.StX)
                  20200204    00000004     ST7735.o (.data.StY)
                  20200208    00000004     libc.a : defs.c.obj (.data.__TI_ft_end)
                  2020020c    00000004            : _lock.c.obj (.data._lock)
                  20200210    00000004            : _lock.c.obj (.data._unlock)
                  20200214    00000002     ST7735.o (.data.StTextColor)
                  20200216    00000002     ST7735.o (.data._ZL6_width)
                  20200218    00000002     ST7735.o (.data._ZL7_height)
                  2020021a    00000002     --HOLE--
                  2020021c    00000001     libsysbm.a : add_device.c.obj (.data.add_device.device_init)
                  2020021d    00000003     --HOLE--
                  20200220    00000001     libc.a : memory.c.obj (.data.memory_is_initialized)
                  20200221    00000003     --HOLE--
                  20200224    00000001     libsysbm.a : open.c.obj (.data.open.stream_init)

.sysmem    0    20200228    00000200     UNINITIALIZED
                  20200228    00000010     libc.a : memory.c.obj (.sysmem)
                  20200238    000001f0     --HOLE--

.bss       0    20200428    000001f7     UNINITIALIZED
                  20200428    00000120     libsysbm.a : trgmsg.c.obj (.bss:_CIOBUF_)
                  20200548    000000a0     libc.a : defs.c.obj (.bss.__TI_tmpnams)
                  202005e8    00000008     libsysbm.a : hostopen.c.obj (.bss.parmbuf)
                  202005f0    00000004     Lab8HMain.o (.bss.Data)
                  202005f4    00000004     UART2.o (.bss.LostData)
                  202005f8    00000004     Lab8HMain.o (.bss.ReceiveCount)
                  202005fc    00000004     UART2.o (.bss.RxCounter)
                  20200600    00000004     Lab8HMain.o (.bss.TransmitCount)
                  20200604    00000004     ST7735.o (.bss.X)
                  20200608    00000004     ST7735.o (.bss.Ymax)
                  2020060c    00000004     ST7735.o (.bss.Ymin)
                  20200610    00000004     ST7735.o (.bss.Yrange)
                  20200614    00000004     Lab8HMain.o (.bss.message)
                  20200618    00000004     libc.a : memory.c.obj (.bss.sys_free)
                  2020061c    00000001     ST7735.o (.bss._ZL8ColStart)
                  2020061d    00000001     ST7735.o (.bss._ZL8RowStart)
                  2020061e    00000001     ST7735.o (.bss._ZL8TabColor)

.stack     0    20207e00    00000200     UNINITIALIZED
                  20207e00    00000004     libc.a : boot_cortex_m.c.obj (.stack)
                  20207e04    000001fc     --HOLE--

__llvm_prf_cnts 
*          0    20200000    00000000     UNINITIALIZED

__llvm_prf_bits 
*          0    20200000    00000000     UNINITIALIZED

MODULE SUMMARY

       Module                         code   ro data   rw data
       ------                         ----   -------   -------
    .\
       ST7735.o                       2692   1449      33     
       Lab8HMain.o                    590    4         76     
       Clock.o                        516    0         4      
       SPI.o                          440    0         0      
       UART2.o                        380    0         8      
       FIFO2.o                        222    0         0      
       IRxmt.o                        180    0         0      
       LaunchPad.o                    180    0         0      
       SlidePot.o                     126    0         0      
    +--+------------------------------+------+---------+---------+
       Total:                         5326   1453      121    
                                                              
    .\ticlang\
       startup_mspm0g3507_ticlang.o   60     192       0      
    +--+------------------------------+------+---------+---------+
       Total:                         60     192       0      
                                                              
    C:\ti\ccs2040\ccs\tools\compiler\ti-cgt-armllvm_4.0.4.LTS\lib\armv6m-ti-none-eabi/c/libc.a
       memory.c.obj                   702    0         5      
       fopen.c.obj                    556    0         0      
       defs.c.obj                     0      0         404    
       setvbuf.c.obj                  224    0         0      
       getdevice.c.obj                160    0         0      
       strcmp-armv6m.S.obj            136    0         0      
       copy_decompress_lzss.c.obj     124    0         0      
       fclose.c.obj                   124    0         0      
       autoinit.c.obj                 84     0         0      
       fflush.c.obj                   82     0         0      
       exit.c.obj                     58     0         8      
       boot_cortex_m.c.obj            40     0         0      
       copy_zero_init.c.obj           22     0         0      
       copy_decompress_none.c.obj     18     0         0      
       memcpy16.S.obj                 18     0         0      
       memset16.S.obj                 14     0         0      
       _lock.c.obj                    2      0         8      
       pre_init.c.obj                 4      0         0      
    +--+------------------------------+------+---------+---------+
       Total:                         2368   0         425    
                                                              
    C:\ti\ccs2040\ccs\tools\compiler\ti-cgt-armllvm_4.0.4.LTS\lib\armv6m-ti-none-eabi/c/libsysbm.a
       trgmsg.c.obj                   104    0         288    
       add_device.c.obj               236    0         1      
       host_device.c.obj              0      0         200    
       open.c.obj                     160    0         1      
       hostrename.c.obj               136    0         0      
       hostlseek.c.obj                108    0         0      
       hostopen.c.obj                 96     0         8      
       hostread.c.obj                 88     0         0      
       hostwrite.c.obj                88     0         0      
       close.c.obj                    80     0         0      
       hostclose.c.obj                72     0         0      
       hostunlink.c.obj               72     0         0      
       unlink.c.obj                   44     0         0      
       write.c.obj                    40     0         0      
       remove.c.obj                   8      0         0      
       hostexit.c.obj                 4      0         0      
    +--+------------------------------+------+---------+---------+
       Total:                         1336   0         498    
                                                              
    C:\ti\ccs2040\ccs\tools\compiler\ti-cgt-armllvm_4.0.4.LTS\lib\armv6m-ti-none-eabi/libclang_rt.builtins.a
       aeabi_idivmod.S.obj            86     0         0      
       aeabi_uidivmod.S.obj           64     0         0      
       aeabi_memset.S.obj             12     0         0      
       aeabi_memcpy.S.obj             8      0         0      
       aeabi_div0.c.obj               2      0         0      
    +--+------------------------------+------+---------+---------+
       Total:                         172    0         0      
                                                              
       Heap:                          0      0         512    
       Stack:                         0      0         512    
       Linker Generated:              0      145       0      
    +--+------------------------------+------+---------+---------+
       Grand Total:                   9262   1790      2068   


LINKER GENERATED COPY TABLES

__TI_cinit_table @ 00002b3c records: 2, size/record: 8, table size: 16
	.data: load addr=00002ab8, load size=0000006d bytes, run addr=20200000, run size=00000225 bytes, compression=lzss
	.bss: load addr=00002b34, load size=00000008 bytes, run addr=20200428, run size=000001f7 bytes, compression=zero_init


LINKER GENERATED HANDLER TABLE

__TI_handler_table @ 00002b28 records: 3, size/record: 4, table size: 12
	index: 0, handler: __TI_decompress_lzss
	index: 1, handler: __TI_decompress_none
	index: 2, handler: __TI_zero_init


GLOBAL SYMBOLS: SORTED ALPHABETICALLY BY Name 

address   name                             
-------   ----                             
00002305  ADC0_IRQHandler                  
00002305  ADC1_IRQHandler                  
00002305  AES_IRQHandler                   
202001fc  BusFreq                          
000024ec  C$$EXIT                          
0000206d  C$$IO$$                          
00002305  CANFD0_IRQHandler                
00002305  DAC0_IRQHandler                  
00002305  DMA_IRQHandler                   
202005f0  Data                             
00002305  Default_Handler                  
202001b8  FIFO                             
00002305  GROUP0_IRQHandler                
00002305  GROUP1_IRQHandler                
00001c5d  HOSTclose                        
000024ed  HOSTexit                         
00001761  HOSTlseek                        
00001909  HOSTopen                         
000019c9  HOSTread                         
000017cd  HOSTrename                       
00001ca5  HOSTunlink                       
00001a21  HOSTwrite                        
00002321  HardFault_Handler                
00002305  I2C0_IRQHandler                  
00002305  I2C1_IRQHandler                  
202005f4  LostData                         
00002305  NMI_Handler                      
00002305  PendSV_Handler                   
00002305  RTC_IRQHandler                   
202005f8  ReceiveCount                     
000024f1  Reset_Handler                    
202005fc  RxCounter                        
00002ab0  SHT$$INIT_ARRAY$$Base            
00002ab4  SHT$$INIT_ARRAY$$Limit           
00002305  SPI0_IRQHandler                  
00002305  SPI1_IRQHandler                  
00002305  SVC_Handler                      
202001e0  Sensor                           
20200214  StTextColor                      
20200200  StX                              
20200204  StY                              
00002305  SysTick_Handler                  
00002305  TIMA0_IRQHandler                 
00002305  TIMA1_IRQHandler                 
00002305  TIMG0_IRQHandler                 
00000c81  TIMG12_IRQHandler                
00002305  TIMG6_IRQHandler                 
00002305  TIMG7_IRQHandler                 
00002305  TIMG8_IRQHandler                 
000023dd  TI_memcpy_small                  
00002469  TI_memset_small                  
20200600  TransmitCount                    
00002305  UART0_IRQHandler                 
00002305  UART1_IRQHandler                 
0000148d  UART2_IRQHandler                 
00002305  UART3_IRQHandler                 
20200604  X                                
20200608  Ymax                             
2020060c  Ymin                             
20200610  Yrange                           
20200428  _CIOBUF_                         
00002485  _Z10Clock_Freqv                  
00000d55  _Z10UART2_Initv                  
00002401  _Z11Clock_Delayj                 
00001ecd  _Z11SPI_OutDatac                 
00002371  _Z11ST7735_openPKcji             
00002387  _Z11ST7735_readiPcj              
00001259  _Z12ST7735_InitR10initRFlags     
000024c1  _Z12ST7735_closei                
0000243f  _Z12ST7735_lseekili              
00001f3d  _Z12ST7735_writeiPKcj            
000021a5  _Z12UART2_InCharv                
00001ced  _Z13IRxmt_OutCharc               
00001969  _Z13IRxmt_SendBiti               
00002491  _Z13ST7735_renamePKcS0_          
000024cb  _Z13ST7735_unlinkPKc             
00001f71  _Z14Clock_Delay1msj              
00001509  _Z14LaunchPad_Initv              
00001d35  _Z14SPI_OutCommandc              
00000e29  _Z14ST7735_OutCharc              
00001f05  _Z15ActivatePortA_Bv             
000000c1  _Z15Clock_Init80MHzi             
00002111  _Z15ST7735_Color565hhh           
000006a9  _Z15ST7735_FillRectsssst         
00000275  _Z16ST7735_DrawCharSsscssh       
000016f1  _Z16ST7735_DrawPixelsst          
0000167d  _Z16ST7735_PlotClearii           
00000ef9  _Z16ST7735_PlotPointi            
00001fa5  _Z16ST7735_SetCursorjj           
00001409  _Z17ST7735_DrawStringttPcs       
000021d1  _Z17ST7735_FillScreent           
00001119  _Z17ST7735_InitPrintf10initRFlags
00000fc5  _Z20ST7735_DrawFastVLinessst     
00001d7d  _Z20ST7735_PlotNextErasev        
0000249d  _Z5Delayj                        
000024d5  _Z8PLL_Initv                     
000008d5  _Z8SPI_Initv                     
00001e0d  _Z9SPI_Resetv                    
00001bc9  _ZN5Queue3GetEPc                 
00001c13  _ZN5Queue3PutEc                  
000022a1  _ZN5Queue6IsFullEv               
000023b3  _ZN5Queue7IsEmptyEv              
00002411  _ZN5QueueC1Ev                    
00002411  _ZN5QueueC2Ev                    
00001dc5  _ZN8SlidePot2InEv                
00002359  _ZN8SlidePot7ConvertEj           
000022e5  _ZN8SlidePotC1Ejj                
000022e5  _ZN8SlidePotC2Ejj                
20200428  __CIOBUF_                        
20208000  __STACK_END                      
00000200  __STACK_SIZE                     
00000200  __SYSMEM_SIZE                    
00000000  __TI_ATRegion0_region_sz         
00000000  __TI_ATRegion0_src_addr          
00000000  __TI_ATRegion0_trg_addr          
00000000  __TI_ATRegion1_region_sz         
00000000  __TI_ATRegion1_src_addr          
00000000  __TI_ATRegion1_trg_addr          
00000000  __TI_ATRegion2_region_sz         
00000000  __TI_ATRegion2_src_addr          
00000000  __TI_ATRegion2_trg_addr          
00002b3c  __TI_CINIT_Base                  
00002b4c  __TI_CINIT_Limit                 
00002b4c  __TI_CINIT_Warm                  
00002b28  __TI_Handler_Table_Base          
00002b34  __TI_Handler_Table_Limit         
00001ad1  __TI_auto_init_nobinit           
00001fd9  __TI_cleanup                     
202001f4  __TI_cleanup_ptr                 
00001585  __TI_closefile                   
00001601  __TI_decompress_lzss             
000023ef  __TI_decompress_none             
00001b25  __TI_doflush                     
202001f8  __TI_dtors_ptr                   
20200208  __TI_ft_end                      
ffffffff  __TI_pprof_out_hndl              
ffffffff  __TI_prof_data_size              
ffffffff  __TI_prof_data_start             
0000200d  __TI_readmsg                     
00000000  __TI_static_base__               
20200548  __TI_tmpnams                     
00002041  __TI_writemsg                    
0000239d  __TI_zero_init_nomemset          
00001a79  __aeabi_idiv                     
00001117  __aeabi_idiv0                    
00001a79  __aeabi_idivmod                  
000024a9  __aeabi_memclr                   
000024a9  __aeabi_memclr4                  
000024a9  __aeabi_memclr8                  
00001379  __aeabi_memcpy                   
00001379  __aeabi_memcpy4                  
00001379  __aeabi_memcpy8                  
00001e4d  __aeabi_uidiv                    
00001e4d  __aeabi_uidivmod                 
ffffffff  __binit__                        
UNDEFED   __mpu_init                       
20207e00  __stack                          
20200000  __start___llvm_prf_bits          
20200000  __start___llvm_prf_cnts          
20200000  __stop___llvm_prf_bits           
20200000  __stop___llvm_prf_cnts           
00002279  _c_int00_noargs                  
202000f0  _device                          
20200000  _ftable                          
2020020c  _lock                            
00001acf  _nop                             
20200168  _stream                          
20200228  _sys_memory                      
UNDEFED   _system_post_cinit               
000024f5  _system_pre_init                 
20200210  _unlock                          
000024e7  abort                            
000009cd  add_device                       
000007c1  aligned_alloc                    
ffffffff  binit                            
00001b79  close                            
00002075  exit                             
000020a9  finddevice                       
00002175  fopen                            
00000ab9  free                             
000020dd  freopen                          
00001839  getdevice                        
00000000  interruptVectors                 
00000569  main                             
000024b5  malloc                           
000007c1  memalign                         
20200614  message                          
000011b9  open                             
202005e8  parmbuf                          
000024df  remove                           
00000ba1  setvbuf                          
00001381  strcmp                           
000021fd  unlink                           
00002251  write                            


GLOBAL SYMBOLS: SORTED BY Symbol Address 

address   name                             
-------   ----                             
00000000  __TI_ATRegion0_region_sz         
00000000  __TI_ATRegion0_src_addr          
00000000  __TI_ATRegion0_trg_addr          
00000000  __TI_ATRegion1_region_sz         
00000000  __TI_ATRegion1_src_addr          
00000000  __TI_ATRegion1_trg_addr          
00000000  __TI_ATRegion2_region_sz         
00000000  __TI_ATRegion2_src_addr          
00000000  __TI_ATRegion2_trg_addr          
00000000  __TI_static_base__               
00000000  interruptVectors                 
000000c1  _Z15Clock_Init80MHzi             
00000200  __STACK_SIZE                     
00000200  __SYSMEM_SIZE                    
00000275  _Z16ST7735_DrawCharSsscssh       
00000569  main                             
000006a9  _Z15ST7735_FillRectsssst         
000007c1  aligned_alloc                    
000007c1  memalign                         
000008d5  _Z8SPI_Initv                     
000009cd  add_device                       
00000ab9  free                             
00000ba1  setvbuf                          
00000c81  TIMG12_IRQHandler                
00000d55  _Z10UART2_Initv                  
00000e29  _Z14ST7735_OutCharc              
00000ef9  _Z16ST7735_PlotPointi            
00000fc5  _Z20ST7735_DrawFastVLinessst     
00001117  __aeabi_idiv0                    
00001119  _Z17ST7735_InitPrintf10initRFlags
000011b9  open                             
00001259  _Z12ST7735_InitR10initRFlags     
00001379  __aeabi_memcpy                   
00001379  __aeabi_memcpy4                  
00001379  __aeabi_memcpy8                  
00001381  strcmp                           
00001409  _Z17ST7735_DrawStringttPcs       
0000148d  UART2_IRQHandler                 
00001509  _Z14LaunchPad_Initv              
00001585  __TI_closefile                   
00001601  __TI_decompress_lzss             
0000167d  _Z16ST7735_PlotClearii           
000016f1  _Z16ST7735_DrawPixelsst          
00001761  HOSTlseek                        
000017cd  HOSTrename                       
00001839  getdevice                        
00001909  HOSTopen                         
00001969  _Z13IRxmt_SendBiti               
000019c9  HOSTread                         
00001a21  HOSTwrite                        
00001a79  __aeabi_idiv                     
00001a79  __aeabi_idivmod                  
00001acf  _nop                             
00001ad1  __TI_auto_init_nobinit           
00001b25  __TI_doflush                     
00001b79  close                            
00001bc9  _ZN5Queue3GetEPc                 
00001c13  _ZN5Queue3PutEc                  
00001c5d  HOSTclose                        
00001ca5  HOSTunlink                       
00001ced  _Z13IRxmt_OutCharc               
00001d35  _Z14SPI_OutCommandc              
00001d7d  _Z20ST7735_PlotNextErasev        
00001dc5  _ZN8SlidePot2InEv                
00001e0d  _Z9SPI_Resetv                    
00001e4d  __aeabi_uidiv                    
00001e4d  __aeabi_uidivmod                 
00001ecd  _Z11SPI_OutDatac                 
00001f05  _Z15ActivatePortA_Bv             
00001f3d  _Z12ST7735_writeiPKcj            
00001f71  _Z14Clock_Delay1msj              
00001fa5  _Z16ST7735_SetCursorjj           
00001fd9  __TI_cleanup                     
0000200d  __TI_readmsg                     
00002041  __TI_writemsg                    
0000206d  C$$IO$$                          
00002075  exit                             
000020a9  finddevice                       
000020dd  freopen                          
00002111  _Z15ST7735_Color565hhh           
00002175  fopen                            
000021a5  _Z12UART2_InCharv                
000021d1  _Z17ST7735_FillScreent           
000021fd  unlink                           
00002251  write                            
00002279  _c_int00_noargs                  
000022a1  _ZN5Queue6IsFullEv               
000022e5  _ZN8SlidePotC1Ejj                
000022e5  _ZN8SlidePotC2Ejj                
00002305  ADC0_IRQHandler                  
00002305  ADC1_IRQHandler                  
00002305  AES_IRQHandler                   
00002305  CANFD0_IRQHandler                
00002305  DAC0_IRQHandler                  
00002305  DMA_IRQHandler                   
00002305  Default_Handler                  
00002305  GROUP0_IRQHandler                
00002305  GROUP1_IRQHandler                
00002305  I2C0_IRQHandler                  
00002305  I2C1_IRQHandler                  
00002305  NMI_Handler                      
00002305  PendSV_Handler                   
00002305  RTC_IRQHandler                   
00002305  SPI0_IRQHandler                  
00002305  SPI1_IRQHandler                  
00002305  SVC_Handler                      
00002305  SysTick_Handler                  
00002305  TIMA0_IRQHandler                 
00002305  TIMA1_IRQHandler                 
00002305  TIMG0_IRQHandler                 
00002305  TIMG6_IRQHandler                 
00002305  TIMG7_IRQHandler                 
00002305  TIMG8_IRQHandler                 
00002305  UART0_IRQHandler                 
00002305  UART1_IRQHandler                 
00002305  UART3_IRQHandler                 
00002321  HardFault_Handler                
00002359  _ZN8SlidePot7ConvertEj           
00002371  _Z11ST7735_openPKcji             
00002387  _Z11ST7735_readiPcj              
0000239d  __TI_zero_init_nomemset          
000023b3  _ZN5Queue7IsEmptyEv              
000023dd  TI_memcpy_small                  
000023ef  __TI_decompress_none             
00002401  _Z11Clock_Delayj                 
00002411  _ZN5QueueC1Ev                    
00002411  _ZN5QueueC2Ev                    
0000243f  _Z12ST7735_lseekili              
00002469  TI_memset_small                  
00002485  _Z10Clock_Freqv                  
00002491  _Z13ST7735_renamePKcS0_          
0000249d  _Z5Delayj                        
000024a9  __aeabi_memclr                   
000024a9  __aeabi_memclr4                  
000024a9  __aeabi_memclr8                  
000024b5  malloc                           
000024c1  _Z12ST7735_closei                
000024cb  _Z13ST7735_unlinkPKc             
000024d5  _Z8PLL_Initv                     
000024df  remove                           
000024e7  abort                            
000024ec  C$$EXIT                          
000024ed  HOSTexit                         
000024f1  Reset_Handler                    
000024f5  _system_pre_init                 
00002ab0  SHT$$INIT_ARRAY$$Base            
00002ab4  SHT$$INIT_ARRAY$$Limit           
00002b28  __TI_Handler_Table_Base          
00002b34  __TI_Handler_Table_Limit         
00002b3c  __TI_CINIT_Base                  
00002b4c  __TI_CINIT_Limit                 
00002b4c  __TI_CINIT_Warm                  
20200000  __start___llvm_prf_bits          
20200000  __start___llvm_prf_cnts          
20200000  __stop___llvm_prf_bits           
20200000  __stop___llvm_prf_cnts           
20200000  _ftable                          
202000f0  _device                          
20200168  _stream                          
202001b8  FIFO                             
202001e0  Sensor                           
202001f4  __TI_cleanup_ptr                 
202001f8  __TI_dtors_ptr                   
202001fc  BusFreq                          
20200200  StX                              
20200204  StY                              
20200208  __TI_ft_end                      
2020020c  _lock                            
20200210  _unlock                          
20200214  StTextColor                      
20200228  _sys_memory                      
20200428  _CIOBUF_                         
20200428  __CIOBUF_                        
20200548  __TI_tmpnams                     
202005e8  parmbuf                          
202005f0  Data                             
202005f4  LostData                         
202005f8  ReceiveCount                     
202005fc  RxCounter                        
20200600  TransmitCount                    
20200604  X                                
20200608  Ymax                             
2020060c  Ymin                             
20200610  Yrange                           
20200614  message                          
20207e00  __stack                          
20208000  __STACK_END                      
ffffffff  __TI_pprof_out_hndl              
ffffffff  __TI_prof_data_size              
ffffffff  __TI_prof_data_start             
ffffffff  __binit__                        
ffffffff  binit                            
UNDEFED   __mpu_init                       
UNDEFED   _system_post_cinit               

[194 symbols]
