******************************************************************************
            TI ARM Clang Linker PC v4.0.1                      
******************************************************************************
>> Linked Thu Mar 20 10:12:18 2025

OUTPUT FILE NAME:   <WWWWFall2024WWWWW.out>
ENTRY POINT SYMBOL: "_c_int00_noargs"  address: 00001691


MEMORY CONFIGURATION

         name            origin    length      used     unused   attr    fill
----------------------  --------  ---------  --------  --------  ----  --------
  FLASH                 00000000   00020000  00002408  0001dbf8  R  X
  SRAM                  20200000   00008000  00000344  00007cbc  RW X
  BCR_CONFIG            41c00000   00000080  00000000  00000080  R   
  BSL_CONFIG            41c00100   00000080  00000000  00000080  R   


SEGMENT ALLOCATION MAP

run origin  load origin   length   init length attrs members
----------  ----------- ---------- ----------- ----- -------
00000000    00000000    00002408   00002408    r-x
  00000000    00000000    000000c0   000000c0    r-- .intvecs
  000000c0    000000c0    00001700   00001700    r-x .text
  000017c0    000017c0    00000c18   00000c18    r-- .rodata
  000023d8    000023d8    00000030   00000030    r-- .cinit
20200000    20200000    00000144   00000000    rw-
  20200000    20200000    00000140   00000000    rw- .bss
  20200140    20200140    00000004   00000000    rw- .data
20207e00    20207e00    00000200   00000000    rw-
  20207e00    20207e00    00000200   00000000    rw- .stack


SECTION ALLOCATION MAP

 output                                  attributes/
section   page    origin      length       input sections
--------  ----  ----------  ----------   ----------------
.intvecs   0    00000000    000000c0     
                  00000000    000000c0     startup_mspm0g3507_ticlang.o (.intvecs)

.text      0    000000c0    00001700     
                  000000c0    00000444     main.o (.text.Q1_Test)
                  00000504    00000388     main.o (.text.Q4_Test)
                  0000088c    00000208     main.o (.text.Q2_Test)
                  00000a94    000001b4     Clock.o (.text.Clock_Init80MHz)
                  00000c48    00000170     main.o (.text.Q3_Test)
                  00000db8    0000012c     main.o (.text.main)
                  00000ee4    00000118     main.o (.text.SetGrade)
                  00000ffc    000000e8     UARTbusywait.o (.text.UART_Init)
                  000010e4    000000a4     main.o (.text.Encrypt)
                  00001188    0000008c     WWWWWExam2CPartWWWWW.o (.text.FindMatch)
                  00001214    0000000c     Clock.o (.text.Clock_Freq)
                  00001220    00000088     libc.a : strcmp-armv6m.S.obj (.text:strcmp)
                  000012a8    00000084     LaunchPad.o (.text.LaunchPad_Init)
                  0000132c    0000007c     libc.a : copy_decompress_lzss.c.obj (.text:decompress:lzss)
                  000013a8    0000006c     Func.o (.text)
                  00001414    0000005a     WWWWWExam2CPartWWWWW.o (.text.StrCompare)
                  0000146e    00000002     libclang_rt.builtins.a : aeabi_div0.c.obj (.text.__aeabi_idiv0)
                  00001470    00000058     WWWWWExam2ASMPartWWWWW.o (.text)
                  000014c8    00000048     UART.o (.text.UART_OutUHex)
                  00001510    00000040     libclang_rt.builtins.a : aeabi_uidivmod.S.obj (.text.__aeabi_uidivmod)
                  00001550    0000003c     libc.a : autoinit.c.obj (.text:__TI_auto_init_nobinit_nopinit)
                  0000158c    00000038     LaunchPad.o (.text.ActivatePortA_B)
                  000015c4    00000036     UART.o (.text.UART_OutUDec)
                  000015fa    00000034     main.o (.text.setUpper)
                  0000162e    00000034     WWWWWExam2CPartWWWWW.o (.text.upper)
                  00001662    00000002     --HOLE-- [fill = 0]
                  00001664    0000002c     UARTbusywait.o (.text.UART_OutChar)
                  00001690    00000028     libc.a : boot_cortex_m.c.obj (.text:_c_int00_noargs)
                  000016b8    00000026     UART.o (.text.UART_OutSDec)
                  000016de    00000026     UART.o (.text.UART_OutString)
                  00001704    00000020     main.o (.text.Random32)
                  00001724    0000001c     main.o (.text.OutTestCase)
                  00001740    00000016     libc.a : copy_zero_init.c.obj (.text:decompress:ZI:__TI_zero_init_nomemset)
                  00001756    00000012            : memcpy16.S.obj (.text:TI_memcpy_small)
                  00001768    00000012            : copy_decompress_none.c.obj (.text:decompress:none)
                  0000177a    00000010     Clock.o (.text.Clock_Delay)
                  0000178a    00000010     main.o (.text.UART_OutCRLF)
                  0000179a    0000000a     main.o (.text.Random4)
                  000017a4    00000008     libclang_rt.builtins.a : aeabi_memcpy.S.obj (.text.__aeabi_memcpy)
                  000017ac    00000004     startup_mspm0g3507_ticlang.o (.text.Default_Handler)
                  000017b0    00000004     startup_mspm0g3507_ticlang.o (.text.HardFault_Handler)
                  000017b4    00000004     startup_mspm0g3507_ticlang.o (.text.Reset_Handler)
                  000017b8    00000004     libc.a : pre_init.c.obj (.text._system_pre_init)
                  000017bc    00000004            : exit.c.obj (.text:abort)

.cinit     0    000023d8    00000030     
                  000023d8    0000000c     (__TI_handler_table)
                  000023e4    00000008     (.cinit..bss.load) [load image, compression = zero_init]
                  000023ec    00000008     (.cinit..data.load) [load image, compression = lzss]
                  000023f4    00000010     (__TI_cinit_table)
                  00002404    00000004     --HOLE-- [fill = 0]

.rodata    0    000017c0    00000c18     
                  000017c0    00000378     main.o (.rodata.q3cases)
                  00001b38    00000230     main.o (.rodata.q2cases)
                  00001d68    000000e0     main.o (.rodata.q4cases)
                  00001e48    00000058     main.o (.rodata.Scramble)
                  00001ea0    0000004d     main.o (.rodata.str1.56673786488391777401)
                  00001eed    0000003c     main.o (.rodata.str1.116392465579429167861)
                  00001f29    0000003c     main.o (.rodata.str1.58810249868460461131)
                  00001f65    00000037     main.o (.rodata.str1.145585639265664961901)
                  00001f9c    00000035     main.o (.rodata.str1.37662348347266115461)
                  00001fd1    00000034     main.o (.rodata.str1.53727515790426333521)
                  00002005    00000031     main.o (.rodata.str1.128987889571200526201)
                  00002036    00000031     main.o (.rodata.str1.42835430280232758001)
                  00002067    0000002f     main.o (.rodata.str1.15573866149168587091)
                  00002096    00000029     main.o (.rodata.str1.128962870563899395191)
                  000020bf    00000029     main.o (.rodata.str1.164552152177587026401)
                  000020e8    00000029     main.o (.rodata.str1.30235616187663446621)
                  00002111    00000029     main.o (.rodata.str1.58265674741439123291)
                  0000213a    00000023     main.o (.rodata.str1.112395422959509151621)
                  0000215d    00000023     main.o (.rodata.str1.129679604081683773361)
                  00002180    00000023     main.o (.rodata.str1.177317456901732542681)
                  000021a3    00000022     main.o (.rodata.str1.68683815532833104241)
                  000021c5    00000022     main.o (.rodata.str1.9142671360846673651)
                  000021e7    00000021     main.o (.rodata.str1.102198819253266672751)
                  00002208    00000021     main.o (.rodata.str1.157592557656998809351)
                  00002229    00000021     main.o (.rodata.str1.6687673663783735341)
                  0000224a    0000001c     main.o (.rodata.str1.4311213397605358531)
                  00002266    0000001b     main.o (.rodata.str1.32363810797562342041)
                  00002281    00000019     main.o (.rodata.str1.92387191804479451001)
                  0000229a    00000018     main.o (.rodata.str1.54842681482495761191)
                  000022b2    00000016     main.o (.rodata.Key)
                  000022c8    00000016     main.o (.rodata.str1.145341706754450140741)
                  000022de    00000015     main.o (.rodata.str1.130331346306609018691)
                  000022f3    00000011     main.o (.rodata.str1.14505639957244399431)
                  00002304    00000011     main.o (.rodata.str1.182731374899196392841)
                  00002315    00000011     main.o (.rodata.str1.36354060822049331541)
                  00002326    00000010     WWWWWExam2CPartWWWWW.o (.rodata.EID)
                  00002336    0000000f     main.o (.rodata.str1.90186464416951441791)
                  00002345    0000000d     main.o (.rodata.str1.12654623725860319391)
                  00002352    0000000b     main.o (.rodata.str1.121071377670202666191)
                  0000235d    0000000b     main.o (.rodata.str1.140346578679209778251)
                  00002368    0000000a     main.o (.rodata.str1.104171602695964415641)
                  00002372    0000000a     main.o (.rodata.str1.111135633881262485691)
                  0000237c    00000009     main.o (.rodata.str1.115890148426537372251)
                  00002385    00000009     main.o (.rodata.str1.181369900268917052751)
                  0000238e    00000008     main.o (.rodata.str1.107009124015742957301)
                  00002396    00000008     main.o (.rodata.str1.143408795844371097971)
                  0000239e    00000008     main.o (.rodata.str1.36708577533941217011)
                  000023a6    00000007     main.o (.rodata.str1.158735349364332681131)
                  000023ad    00000006     main.o (.rodata.str1.66222245796621224431)
                  000023b3    00000005     main.o (.rodata.str1.139123098054563454261)
                  000023b8    00000005     main.o (.rodata.str1.4040285661218773341)
                  000023bd    00000004     main.o (.rodata.str1.117532337920483550091)
                  000023c1    00000004     main.o (.rodata.str1.140962207062303880201)
                  000023c5    00000004     main.o (.rodata.str1.29316967034144078261)
                  000023c9    00000003     main.o (.rodata.str1.101690526723141901001)
                  000023cc    00000003     main.o (.rodata.str1.154901493003350788821)
                  000023cf    00000003     main.o (.rodata.str1.177324044677577151231)
                  000023d2    00000006     --HOLE-- [fill = 0]

.init_array 
*          0    00000000    00000000     UNINITIALIZED

.binit     0    00000000    00000000     

.bss       0    20200000    00000140     UNINITIALIZED
                  20200000    00000080     (.common:buf4)
                  20200080    00000028     (.common:Q2_Answers)
                  202000a8    00000018     main.o (.bss.EncriptedMagicCode)
                  202000c0    00000018     main.o (.bss.MagicCode)
                  202000d8    00000018     (.common:Q3_Answers)
                  202000f0    00000010     (.common:Q1Rfinal)
                  20200100    00000010     (.common:Q1Rinit)
                  20200110    00000004     main.o (.bss.mask1)
                  20200114    00000004     main.o (.bss.msb1)
                  20200118    00000004     main.o (.bss.score3)
                  2020011c    00000004     main.o (.bss.score)
                  20200120    00000004     main.o (.bss.shift1)
                  20200124    00000004     (.common:False2)
                  20200128    00000004     (.common:M)
                  2020012c    00000004     (.common:Q1SPfinal)
                  20200130    00000004     (.common:Q1SPinit)
                  20200134    00000004     (.common:True2)
                  20200138    00000004     (.common:Version1)
                  2020013c    00000004     (.common:Version2)

.data      0    20200140    00000004     UNINITIALIZED
                  20200140    00000004     Clock.o (.data.BusFreq)

.stack     0    20207e00    00000200     UNINITIALIZED
                  20207e00    00000004     libc.a : boot_cortex_m.c.obj (.stack)
                  20207e04    000001fc     --HOLE--

__llvm_prf_cnts 
*          0    20200000    00000000     UNINITIALIZED

__llvm_prf_bits 
*          0    20200000    00000000     UNINITIALIZED

MODULE SUMMARY

       Module                         code   ro data   rw data
       ------                         ----   -------   -------
    .\
       main.o                         3766   3074      320    
       Clock.o                        464    0         4      
       WWWWWExam2CPartWWWWW.o         282    16        0      
       UARTbusywait.o                 276    0         0      
       UART.o                         202    0         0      
       LaunchPad.o                    188    0         0      
       Func.o                         108    0         0      
       WWWWWExam2ASMPartWWWWW.o       88     0         0      
    +--+------------------------------+------+---------+---------+
       Total:                         5374   3090      324    
                                                              
    .\ticlang\
       startup_mspm0g3507_ticlang.o   12     192       0      
    +--+------------------------------+------+---------+---------+
       Total:                         12     192       0      
                                                              
    C:\ti\ccs2000\ccs\tools\compiler\ti-cgt-armllvm_4.0.1.LTS\lib\armv6m-ti-none-eabi/c/libc.a
       strcmp-armv6m.S.obj            136    0         0      
       copy_decompress_lzss.c.obj     124    0         0      
       autoinit.c.obj                 60     0         0      
       boot_cortex_m.c.obj            40     0         0      
       copy_zero_init.c.obj           22     0         0      
       copy_decompress_none.c.obj     18     0         0      
       memcpy16.S.obj                 18     0         0      
       exit.c.obj                     4      0         0      
       pre_init.c.obj                 4      0         0      
    +--+------------------------------+------+---------+---------+
       Total:                         426    0         0      
                                                              
    C:\ti\ccs2000\ccs\tools\compiler\ti-cgt-armllvm_4.0.1.LTS\lib\armv6m-ti-none-eabi/libclang_rt.builtins.a
       aeabi_uidivmod.S.obj           64     0         0      
       aeabi_memcpy.S.obj             8      0         0      
       aeabi_div0.c.obj               2      0         0      
    +--+------------------------------+------+---------+---------+
       Total:                         74     0         0      
                                                              
       Stack:                         0      0         512    
       Linker Generated:              0      44        0      
    +--+------------------------------+------+---------+---------+
       Grand Total:                   5886   3326      836    


LINKER GENERATED COPY TABLES

__TI_cinit_table @ 000023f4 records: 2, size/record: 8, table size: 16
	.bss: load addr=000023e4, load size=00000008 bytes, run addr=20200000, run size=00000140 bytes, compression=zero_init
	.data: load addr=000023ec, load size=00000008 bytes, run addr=20200140, run size=00000004 bytes, compression=lzss


LINKER GENERATED HANDLER TABLE

__TI_handler_table @ 000023d8 records: 3, size/record: 4, table size: 12
	index: 0, handler: __TI_decompress_lzss
	index: 1, handler: __TI_decompress_none
	index: 2, handler: __TI_zero_init


GLOBAL SYMBOLS: SORTED ALPHABETICALLY BY Name 

address   name                          
-------   ----                          
000017ad  ADC0_IRQHandler               
000017ad  ADC1_IRQHandler               
000017ad  AES_IRQHandler                
0000158d  ActivatePortA_B               
20200140  BusFreq                       
000017bc  C$$EXIT                       
000017ad  CANFD0_IRQHandler             
0000177b  Clock_Delay                   
00001215  Clock_Freq                    
00000a95  Clock_Init80MHz               
000017ad  DAC0_IRQHandler               
00001470  DAC4_Out                      
000013a8  DAC4_OutWrap                  
000017ad  DMA_IRQHandler                
000017ad  Default_Handler               
00002326  EID                           
20200124  False2                        
00001189  FindMatch                     
000017ad  GROUP0_IRQHandler             
000017ad  GROUP1_IRQHandler             
000017b1  HardFault_Handler             
000017ad  I2C0_IRQHandler               
000017ad  I2C1_IRQHandler               
000012a9  LaunchPad_Init                
20200128  M                             
000017ad  NMI_Handler                   
00001725  OutTestCase                   
000017ad  PendSV_Handler                
202000f0  Q1Rfinal                      
20200100  Q1Rinit                       
2020012c  Q1SPfinal                     
20200130  Q1SPinit                      
000000c1  Q1_Test                       
20200080  Q2_Answers                    
0000088d  Q2_Test                       
202000d8  Q3_Answers                    
00000c49  Q3_Test                       
00000505  Q4_Test                       
000017ad  RTC_IRQHandler                
00001705  Random32                      
0000179b  Random4                       
000017b5  Reset_Handler                 
00001492  Rotate                        
000013d6  RotateWrap                    
000017ad  SPI0_IRQHandler               
000017ad  SPI1_IRQHandler               
000017ad  SVC_Handler                   
00001415  StrCompare                    
000017ad  SysTick_Handler               
000017ad  TIMA0_IRQHandler              
000017ad  TIMA1_IRQHandler              
000017ad  TIMG0_IRQHandler              
000017ad  TIMG12_IRQHandler             
000017ad  TIMG6_IRQHandler              
000017ad  TIMG7_IRQHandler              
000017ad  TIMG8_IRQHandler              
00001757  TI_memcpy_small               
20200134  True2                         
000017ad  UART0_IRQHandler              
000017ad  UART1_IRQHandler              
000017ad  UART2_IRQHandler              
000017ad  UART3_IRQHandler              
00000ffd  UART_Init                     
0000178b  UART_OutCRLF                  
00001665  UART_OutChar                  
000016b9  UART_OutSDec                  
000016df  UART_OutString                
000015c5  UART_OutUDec                  
000014c9  UART_OutUHex                  
20200138  Version1                      
2020013c  Version2                      
20208000  __STACK_END                   
00000200  __STACK_SIZE                  
00000000  __TI_ATRegion0_region_sz      
00000000  __TI_ATRegion0_src_addr       
00000000  __TI_ATRegion0_trg_addr       
00000000  __TI_ATRegion1_region_sz      
00000000  __TI_ATRegion1_src_addr       
00000000  __TI_ATRegion1_trg_addr       
00000000  __TI_ATRegion2_region_sz      
00000000  __TI_ATRegion2_src_addr       
00000000  __TI_ATRegion2_trg_addr       
000023f4  __TI_CINIT_Base               
00002404  __TI_CINIT_Limit              
00002404  __TI_CINIT_Warm               
000023d8  __TI_Handler_Table_Base       
000023e4  __TI_Handler_Table_Limit      
00001551  __TI_auto_init_nobinit_nopinit
0000132d  __TI_decompress_lzss          
00001769  __TI_decompress_none          
ffffffff  __TI_pprof_out_hndl           
ffffffff  __TI_prof_data_size           
ffffffff  __TI_prof_data_start          
00000000  __TI_static_base__            
00001741  __TI_zero_init_nomemset       
0000146f  __aeabi_idiv0                 
000017a5  __aeabi_memcpy                
000017a5  __aeabi_memcpy4               
000017a5  __aeabi_memcpy8               
00001511  __aeabi_uidiv                 
00001511  __aeabi_uidivmod              
ffffffff  __binit__                     
UNDEFED   __mpu_init                    
20207e00  __stack                       
20200000  __start___llvm_prf_bits       
20200000  __start___llvm_prf_cnts       
20200000  __stop___llvm_prf_bits        
20200000  __stop___llvm_prf_cnts        
00001691  _c_int00_noargs               
UNDEFED   _system_post_cinit            
000017b9  _system_pre_init              
000017bd  abort                         
ffffffff  binit                         
20200000  buf4                          
00000000  interruptVectors              
00000db9  main                          
00001b38  q2cases                       
000017c0  q3cases                       
00001d68  q4cases                       
000015fb  setUpper                      
00001221  strcmp                        
0000162f  upper                         


GLOBAL SYMBOLS: SORTED BY Symbol Address 

address   name                          
-------   ----                          
00000000  __TI_ATRegion0_region_sz      
00000000  __TI_ATRegion0_src_addr       
00000000  __TI_ATRegion0_trg_addr       
00000000  __TI_ATRegion1_region_sz      
00000000  __TI_ATRegion1_src_addr       
00000000  __TI_ATRegion1_trg_addr       
00000000  __TI_ATRegion2_region_sz      
00000000  __TI_ATRegion2_src_addr       
00000000  __TI_ATRegion2_trg_addr       
00000000  __TI_static_base__            
00000000  interruptVectors              
000000c1  Q1_Test                       
00000200  __STACK_SIZE                  
00000505  Q4_Test                       
0000088d  Q2_Test                       
00000a95  Clock_Init80MHz               
00000c49  Q3_Test                       
00000db9  main                          
00000ffd  UART_Init                     
00001189  FindMatch                     
00001215  Clock_Freq                    
00001221  strcmp                        
000012a9  LaunchPad_Init                
0000132d  __TI_decompress_lzss          
000013a8  DAC4_OutWrap                  
000013d6  RotateWrap                    
00001415  StrCompare                    
0000146f  __aeabi_idiv0                 
00001470  DAC4_Out                      
00001492  Rotate                        
000014c9  UART_OutUHex                  
00001511  __aeabi_uidiv                 
00001511  __aeabi_uidivmod              
00001551  __TI_auto_init_nobinit_nopinit
0000158d  ActivatePortA_B               
000015c5  UART_OutUDec                  
000015fb  setUpper                      
0000162f  upper                         
00001665  UART_OutChar                  
00001691  _c_int00_noargs               
000016b9  UART_OutSDec                  
000016df  UART_OutString                
00001705  Random32                      
00001725  OutTestCase                   
00001741  __TI_zero_init_nomemset       
00001757  TI_memcpy_small               
00001769  __TI_decompress_none          
0000177b  Clock_Delay                   
0000178b  UART_OutCRLF                  
0000179b  Random4                       
000017a5  __aeabi_memcpy                
000017a5  __aeabi_memcpy4               
000017a5  __aeabi_memcpy8               
000017ad  ADC0_IRQHandler               
000017ad  ADC1_IRQHandler               
000017ad  AES_IRQHandler                
000017ad  CANFD0_IRQHandler             
000017ad  DAC0_IRQHandler               
000017ad  DMA_IRQHandler                
000017ad  Default_Handler               
000017ad  GROUP0_IRQHandler             
000017ad  GROUP1_IRQHandler             
000017ad  I2C0_IRQHandler               
000017ad  I2C1_IRQHandler               
000017ad  NMI_Handler                   
000017ad  PendSV_Handler                
000017ad  RTC_IRQHandler                
000017ad  SPI0_IRQHandler               
000017ad  SPI1_IRQHandler               
000017ad  SVC_Handler                   
000017ad  SysTick_Handler               
000017ad  TIMA0_IRQHandler              
000017ad  TIMA1_IRQHandler              
000017ad  TIMG0_IRQHandler              
000017ad  TIMG12_IRQHandler             
000017ad  TIMG6_IRQHandler              
000017ad  TIMG7_IRQHandler              
000017ad  TIMG8_IRQHandler              
000017ad  UART0_IRQHandler              
000017ad  UART1_IRQHandler              
000017ad  UART2_IRQHandler              
000017ad  UART3_IRQHandler              
000017b1  HardFault_Handler             
000017b5  Reset_Handler                 
000017b9  _system_pre_init              
000017bc  C$$EXIT                       
000017bd  abort                         
000017c0  q3cases                       
00001b38  q2cases                       
00001d68  q4cases                       
00002326  EID                           
000023d8  __TI_Handler_Table_Base       
000023e4  __TI_Handler_Table_Limit      
000023f4  __TI_CINIT_Base               
00002404  __TI_CINIT_Limit              
00002404  __TI_CINIT_Warm               
20200000  __start___llvm_prf_bits       
20200000  __start___llvm_prf_cnts       
20200000  __stop___llvm_prf_bits        
20200000  __stop___llvm_prf_cnts        
20200000  buf4                          
20200080  Q2_Answers                    
202000d8  Q3_Answers                    
202000f0  Q1Rfinal                      
20200100  Q1Rinit                       
20200124  False2                        
20200128  M                             
2020012c  Q1SPfinal                     
20200130  Q1SPinit                      
20200134  True2                         
20200138  Version1                      
2020013c  Version2                      
20200140  BusFreq                       
20207e00  __stack                       
20208000  __STACK_END                   
ffffffff  __TI_pprof_out_hndl           
ffffffff  __TI_prof_data_size           
ffffffff  __TI_prof_data_start          
ffffffff  __binit__                     
ffffffff  binit                         
UNDEFED   __mpu_init                    
UNDEFED   _system_post_cinit            

[122 symbols]
