******************************************************************************
            TI ARM Clang Linker PC v4.0.4                      
******************************************************************************
>> Linked Tue Apr 21 19:09:41 2026

OUTPUT FILE NAME:   <ECE319K_Lab9H.out>
ENTRY POINT SYMBOL: "_c_int00_noargs"  address: 0001b299


MEMORY CONFIGURATION

         name            origin    length      used     unused   attr    fill
----------------------  --------  ---------  --------  --------  ----  --------
  FLASH                 00000000   00020000  0001b6d8  00004928  R  X
  SRAM                  20200000   00008000  00000856  000077aa  RW X
  BCR_CONFIG            41c00000   00000080  00000000  00000080  R   
  BSL_CONFIG            41c00100   00000080  00000000  00000080  R   


SEGMENT ALLOCATION MAP

run origin  load origin   length   init length attrs members
----------  ----------- ---------- ----------- ----- -------
00000000    00000000    0001b6d8   0001b6d8    r-x
  00000000    00000000    000000c0   000000c0    r-- .intvecs
  000000c0    000000c0    00017838   00017838    r-- .rodata
  000178f8    000178f8    00000008   00000008    r-- .init_array
  00017900    00017900    00003d30   00003d30    r-x .text
  0001b630    0001b630    000000a8   000000a8    r-- .cinit
20200000    20200000    00000660   00000000    rw-
  20200000    20200000    00000241   00000000    rw- .data
  20200244    20200244    00000215   00000000    rw- .bss
  20200460    20200460    00000200   00000000    rw- .sysmem
20207e00    20207e00    00000200   00000000    rw-
  20207e00    20207e00    00000200   00000000    rw- .stack


SECTION ALLOCATION MAP

 output                                  attributes/
section   page    origin      length       input sections
--------  ----  ----------  ----------   ----------------
.intvecs   0    00000000    000000c0     
                  00000000    000000c0     startup_mspm0g3507_ticlang.o (.intvecs)

.binit     0    00000000    00000000     

.text      0    00017900    00003d30     
                  00017900    000003b8     Lab9HMain.o (.text._Z8GameTickj)
                  00017cb8    0000022c     Lab9HMain.o (.text._Z10DrawScreenv)
                  00017ee4    00000210     ST7735.o (.text._Z17ST7735_DrawBitmapssPKtss)
                  000180f4    000001b4     Clock.o (.text._Z15Clock_Init80MHzi)
                  000182a8    000001a0     ST7735.o (.text._Z16ST7735_DrawCharSsscssh)
                  00018448    00000154     libc.a : fopen.c.obj (.text._openfile)
                  0001859c    0000014c     Lab9HMain.o (.text._Z14RunRoundResultv)
                  000186e8    00000140     Lab9HMain.o (.text._Z10ResetRoundv)
                  00018828    00000128     TExaS.o (.text._Z8ADC_InitP10ADC12_Regsjj)
                  00018950    0000011a     ST7735.o (.text._Z9plotLineXttttt)
                  00018a6a    00000002     libclang_rt.builtins.a : aeabi_div0.c.obj (.text.__aeabi_idiv0)
                  00018a6c    00000118     ST7735.o (.text._Z15ST7735_FillRectsssst)
                  00018b84    00000118     Lab9HMain.o (.text._Z9RunPausedv)
                  00018c9c    00000118     ST7735.o (.text._Z9plotLineYttttt)
                  00018db4    00000114     libc.a : memory.c.obj (.text.aligned_alloc)
                  00018ec8    00000110     Lab9HMain.o (.text.main)
                  00018fd8    00000100     Lab9HMain.o (.text._Z11RunGameOverv)
                  000190d8    000000f8     Lab9HMain.o (.text._Z16DrawFlameClippedssjjs)
                  000191d0    000000f8     SPI.o (.text._Z8SPI_Initv)
                  000192c8    000000ec     libsysbm.a : add_device.c.obj (.text.add_device)
                  000193b4    000000e8     Lab9HMain.o (.text._Z12RunCountdownv)
                  0001949c    000000e8     Lab9HMain.o (.text._Z15RunRoundsSelectv)
                  00019584    000000e8     TExaS.o (.text._Z9UART_Initv)
                  0001966c    000000e8     libc.a : memory.c.obj (.text.free)
                  00019754    000000e0            : setvbuf.c.obj (.text.setvbuf)
                  00019834    000000d4     ST7735.o (.text._Z11ST7735_Linettttt)
                  00019908    000000d0     ST7735.o (.text._Z14ST7735_OutCharc)
                  000199d8    000000cc     Lab9HMain.o (.text._Z19RunDifficultySelectv)
                  00019aa4    000000b8     Lab9HMain.o (.text._Z14DrawMenuScreen8phrase_tPKS_hhS_)
                  00019b5c    000000b0     ST7735.o (.text._Z20ST7735_DrawFastHLinessst)
                  00019c0c    000000ac     Lab9HMain.o (.text._Z13RunLangSelectv)
                  00019cb8    000000a8     Timer.o (.text._Z14TimerG7_IntArmtjj)
                  00019d60    000000a8     DAC.o (.text._Z8DAC_Initv)
                  00019e08    000000a4     Lab9HMain.o (.text.TIMG12_IRQHandler)
                  00019eac    000000a2     ST7735.o (.text._ZL11commandListPKh)
                  00019f4e    00000002     libc.a : _lock.c.obj (.text._nop)
                  00019f50    000000a0     ST7735.o (.text._Z17ST7735_InitPrintf10initRFlags)
                  00019ff0    000000a0     libsysbm.a : open.c.obj (.text.open)
                  0001a090    00000098     ST7735.o (.text._Z12ST7735_InitR10initRFlags)
                  0001a128    00000094     Timer.o (.text._Z15TimerG12_IntArmjj)
                  0001a1bc    00000088     Lab9HMain.o (.text._Z15ApplyDifficultyv)
                  0001a244    00000088     ST7735.o (.text._ZL13setAddrWindowhhhh)
                  0001a2cc    00000004     libsysbm.a : hostexit.c.obj (.text.HOSTexit)
                  0001a2d0    00000088     libc.a : strcmp-armv6m.S.obj (.text:strcmp)
                  0001a358    00000084     ST7735.o (.text._Z14ST7735_OutUDecj)
                  0001a3dc    00000084     ST7735.o (.text._Z17ST7735_DrawStringttPcs)
                  0001a460    0000007c     Lab9HMain.o (.text._Z12DrawThrusterssjj)
                  0001a4dc    0000007c     LaunchPad.o (.text._Z14LaunchPad_Initv)
                  0001a558    0000007c     SlidePot.o (.text._ZN8SlidePot4InitEv)
                  0001a5d4    0000007c     libc.a : fclose.c.obj (.text.__TI_closefile)
                  0001a650    0000007c            : copy_decompress_lzss.c.obj (.text:decompress:lzss)
                  0001a6cc    00000070     ST7735.o (.text._Z16ST7735_DrawPixelsst)
                  0001a73c    0000006c     libsysbm.a : hostlseek.c.obj (.text.HOSTlseek)
                  0001a7a8    0000006c                : hostrename.c.obj (.text.HOSTrename)
                  0001a814    0000006c     libc.a : getdevice.c.obj (.text.getdevice)
                  0001a880    00000064            : memory.c.obj (.text.split)
                  0001a8e4    00000060     libsysbm.a : hostopen.c.obj (.text.HOSTopen)
                  0001a944    00000058                : hostread.c.obj (.text.HOSTread)
                  0001a99c    00000058                : hostwrite.c.obj (.text.HOSTwrite)
                  0001a9f4    00000058     TExaS.o (.text._Z10TExaS_InitP10ADC12_RegsjPFhvE)
                  0001aa4c    00000054     Sound.o (.text._Z10Sound_Initv)
                  0001aaa0    00000054     ST7735.o (.text._Z11fillmessagej)
                  0001aaf4    00000054     libc.a : autoinit.c.obj (.text:__TI_auto_init_nobinit)
                  0001ab48    00000052            : fflush.c.obj (.text.__TI_doflush)
                  0001ab9a    00000002     --HOLE-- [fill = 0]
                  0001ab9c    00000050     libsysbm.a : close.c.obj (.text.close)
                  0001abec    00000048                : hostclose.c.obj (.text.HOSTclose)
                  0001ac34    00000048                : hostunlink.c.obj (.text.HOSTunlink)
                  0001ac7c    00000048     SPI.o (.text._Z14SPI_OutCommandc)
                  0001acc4    00000048     SlidePot.o (.text._ZN8SlidePot2InEv)
                  0001ad0c    00000040     TExaS.o (.text.TIMG7_IRQHandler)
                  0001ad4c    00000040     SPI.o (.text._Z9SPI_Resetv)
                  0001ad8c    00000040     libclang_rt.builtins.a : aeabi_uidivmod.S.obj (.text.__aeabi_uidivmod)
                  0001adcc    00000040     libc.a : fopen.c.obj (.text._search_fp)
                  0001ae0c    0000003e     Lab9HMain.o (.text._ZL7clamp16iii)
                  0001ae4a    00000002     --HOLE-- [fill = 0]
                  0001ae4c    0000003c     Lab9HMain.o (.text._ZL11PotToOptionjh)
                  0001ae88    00000038     Sound.o (.text.SysTick_Handler)
                  0001aec0    00000038     SPI.o (.text._Z11SPI_OutDatac)
                  0001aef8    00000038     LaunchPad.o (.text._Z15ActivatePortA_Bv)
                  0001af30    00000034     ST7735.o (.text._Z12ST7735_writeiPKcj)
                  0001af64    00000034     Clock.o (.text._Z14Clock_Delay1msj)
                  0001af98    00000034     ST7735.o (.text._Z16ST7735_SetCursorjj)
                  0001afcc    00000034     Lab9HMain.o (.text._ZL10RisingEdgejj)
                  0001b000    00000034     libc.a : fopen.c.obj (.text.__TI_cleanup)
                  0001b034    00000034     libsysbm.a : trgmsg.c.obj (.text.__TI_readmsg)
                  0001b068    00000034                : trgmsg.c.obj (.text.__TI_writemsg)
                  0001b09c    00000034     libc.a : exit.c.obj (.text.exit)
                  0001b0d0    00000034            : getdevice.c.obj (.text.finddevice)
                  0001b104    00000034            : fopen.c.obj (.text.freopen)
                  0001b138    00000030     ST7735.o (.text._ZL10commonInitPKh)
                  0001b168    00000030     Lab9HMain.o (.text._ZL12GimbalOffsetj)
                  0001b198    00000030     libc.a : fopen.c.obj (.text.fopen)
                  0001b1c8    0000002c     ST7735.o (.text._Z17ST7735_FillScreent)
                  0001b1f4    0000002c     libsysbm.a : unlink.c.obj (.text.unlink)
                  0001b220    00000028     TExaS.o (.text._Z9ADC_StartP10ADC12_Regs)
                  0001b248    00000028     libc.a : memory.c.obj (.text.free_list_insert)
                  0001b270    00000028     libsysbm.a : write.c.obj (.text.write)
                  0001b298    00000028     libc.a : boot_cortex_m.c.obj (.text:_c_int00_noargs)
                  0001b2c0    00000026     ST7735.o (.text._Z16ST7735_OutStringPc)
                  0001b2e6    00000002     --HOLE-- [fill = 0]
                  0001b2e8    00000024     LED.o (.text._Z8LED_Initv)
                  0001b30c    00000024     Language.o (.text._Z9GetPhrase8phrase_t)
                  0001b330    00000020     Sound.o (.text._Z11Sound_StartPKtj)
                  0001b350    00000020     Lab9HMain.o (.text._Z8Random32v)
                  0001b370    0000001e     ST7735.o (.text._ZL9pushColort)
                  0001b38e    0000001e     SlidePot.o (.text._ZN8SlidePotC2Ejj)
                  0001b3ac    0000001c     startup_mspm0g3507_ticlang.o (.text.Default_Handler)
                  0001b3c8    0000001c     startup_mspm0g3507_ticlang.o (.text.HardFault_Handler)
                  0001b3e4    0000001c     libc.a : memory.c.obj (.text.free_list_remove)
                  0001b400    00000018     Switch.o (.text._Z11Switch_Initv)
                  0001b418    00000018     Lab9HMain.o (.text._Z6Randomj)
                  0001b430    00000018     Switch.o (.text._Z9Switch_Inv)
                  0001b448    00000016     ST7735.o (.text._Z11ST7735_openPKcji)
                  0001b45e    00000016     ST7735.o (.text._Z11ST7735_readiPcj)
                  0001b474    00000016     libc.a : copy_zero_init.c.obj (.text:decompress:ZI:__TI_zero_init_nomemset)
                  0001b48a    00000002     --HOLE-- [fill = 0]
                  0001b48c    00000014     Sound.o (.text._Z12Sound_Thrustv)
                  0001b4a0    00000014     LED.o (.text._Z6LED_Onj)
                  0001b4b4    00000014     DAC.o (.text._Z7DAC_Outj)
                  0001b4c8    00000014     LED.o (.text._Z7LED_Offj)
                  0001b4dc    00000014     Sound.o (.text._Z9Sound_Fahv)
                  0001b4f0    00000014     Sound.o (.text._Z9Sound_Winv)
                  0001b504    00000014     Lab9HMain.o (.text._ZL2Ph8phrase_t)
                  0001b518    00000014     Lab9HMain.o (.text.__cxx_global_var_init)
                  0001b52c    00000012     libc.a : memcpy16.S.obj (.text:TI_memcpy_small)
                  0001b53e    00000012            : copy_decompress_none.c.obj (.text:decompress:none)
                  0001b550    00000010     Clock.o (.text._Z11Clock_Delayj)
                  0001b560    00000010     Lab9HMain.o (.text._Z28TExaS_LaunchPadLogicPB27PB26v)
                  0001b570    0000000e     libc.a : memory.c.obj (.text.OUTLINED_FUNCTION_0)
                  0001b57e    0000000e     ST7735.o (.text._Z12ST7735_lseekili)
                  0001b58c    0000000e     libsysbm.a : hostrename.c.obj (.text.strcpy)
                  0001b59a    0000000e                : hostrename.c.obj (.text.strlen)
                  0001b5a8    0000000e     libc.a : memset16.S.obj (.text:TI_memset_small)
                  0001b5b6    00000002     --HOLE-- [fill = 0]
                  0001b5b8    0000000c     Clock.o (.text._Z10Clock_Freqv)
                  0001b5c4    0000000c     ST7735.o (.text._Z13ST7735_renamePKcS0_)
                  0001b5d0    0000000c     libclang_rt.builtins.a : aeabi_memset.S.obj (.text.__aeabi_memclr)
                  0001b5dc    0000000c     libc.a : memory.c.obj (.text.malloc)
                  0001b5e8    0000000a     ST7735.o (.text._Z12ST7735_closei)
                  0001b5f2    0000000a     ST7735.o (.text._Z13ST7735_unlinkPKc)
                  0001b5fc    0000000a     Lab9HMain.o (.text._Z8PLL_Initv)
                  0001b606    00000008     Lab9HMain.o (.text._GLOBAL__sub_I_Lab9HMain.cpp)
                  0001b60e    00000002     --HOLE-- [fill = 0]
                  0001b610    00000008     libclang_rt.builtins.a : aeabi_memcpy.S.obj (.text.__aeabi_memcpy)
                  0001b618    00000008     libsysbm.a : remove.c.obj (.text.remove)
                  0001b620    00000006     libc.a : exit.c.obj (.text:abort)
                  0001b626    00000004     startup_mspm0g3507_ticlang.o (.text.Reset_Handler)
                  0001b62a    00000004     libc.a : pre_init.c.obj (.text._system_pre_init)
                  0001b62e    00000002     --HOLE-- [fill = 0]

.cinit     0    0001b630    000000a8     
                  0001b630    00000084     (.cinit..data.load) [load image, compression = lzss]
                  0001b6b4    0000000c     (__TI_handler_table)
                  0001b6c0    00000008     (.cinit..bss.load) [load image, compression = zero_init]
                  0001b6c8    00000010     (__TI_cinit_table)

.rodata    0    000000c0    00017838     
                  000000c0    00005d78     Sound.o (.rodata._ZL3fah)
                  00005e38    00004938     Sound.o (.rodata._ZL3win)
                  0000a770    000034f8     Sound.o (.rodata._ZL6thrust)
                  0000dc68    000004fb     ST7735.o (.rodata._ZL4Font)
                  0000e163    00000001     --HOLE-- [fill = 0]
                  0000e164    00000288     Lab9HMain.o (.rodata._ZL5ship0)
                  0000e3ec    00000288     Lab9HMain.o (.rodata._ZL5ship1)
                  0000e674    00000288     Lab9HMain.o (.rodata._ZL5ship2)
                  0000e8fc    00000288     Lab9HMain.o (.rodata._ZL5ship3)
                  0000eb84    00000288     Lab9HMain.o (.rodata._ZL5ship4)
                  0000ee0c    00000288     Lab9HMain.o (.rodata._ZL5ship5)
                  0000f094    00000288     Lab9HMain.o (.rodata._ZL5ship6)
                  0000f31c    00000288     Lab9HMain.o (.rodata._ZL5ship7)
                  0000f5a4    00000288     Lab9HMain.o (.rodata._ZL5ship8)
                  0000f82c    00000288     Lab9HMain.o (.rodata._ZL5ship9)
                  0000fab4    00000288     Lab9HMain.o (.rodata._ZL6ship10)
                  0000fd3c    00000288     Lab9HMain.o (.rodata._ZL6ship11)
                  0000ffc4    00000288     Lab9HMain.o (.rodata._ZL6ship12)
                  0001024c    00000288     Lab9HMain.o (.rodata._ZL6ship13)
                  000104d4    00000288     Lab9HMain.o (.rodata._ZL6ship14)
                  0001075c    00000288     Lab9HMain.o (.rodata._ZL6ship15)
                  000109e4    00000288     Lab9HMain.o (.rodata._ZL6ship16)
                  00010c6c    00000288     Lab9HMain.o (.rodata._ZL6ship17)
                  00010ef4    00000288     Lab9HMain.o (.rodata._ZL6ship18)
                  0001117c    00000288     Lab9HMain.o (.rodata._ZL6ship19)
                  00011404    00000288     Lab9HMain.o (.rodata._ZL6ship20)
                  0001168c    00000288     Lab9HMain.o (.rodata._ZL6ship21)
                  00011914    00000288     Lab9HMain.o (.rodata._ZL6ship22)
                  00011b9c    00000288     Lab9HMain.o (.rodata._ZL6ship23)
                  00011e24    00000288     Lab9HMain.o (.rodata._ZL6ship24)
                  000120ac    00000288     Lab9HMain.o (.rodata._ZL6ship25)
                  00012334    00000288     Lab9HMain.o (.rodata._ZL6ship26)
                  000125bc    00000288     Lab9HMain.o (.rodata._ZL6ship27)
                  00012844    00000288     Lab9HMain.o (.rodata._ZL6ship28)
                  00012acc    00000288     Lab9HMain.o (.rodata._ZL6ship29)
                  00012d54    00000288     Lab9HMain.o (.rodata._ZL6ship30)
                  00012fdc    00000288     Lab9HMain.o (.rodata._ZL6ship31)
                  00013264    00000200     Lab9HMain.o (.rodata._ZL6Flame0)
                  00013464    00000200     Lab9HMain.o (.rodata._ZL6Flame1)
                  00013664    00000200     Lab9HMain.o (.rodata._ZL6Flame2)
                  00013864    00000200     Lab9HMain.o (.rodata._ZL6Flame3)
                  00013a64    00000200     Lab9HMain.o (.rodata._ZL6Flame4)
                  00013c64    00000200     Lab9HMain.o (.rodata._ZL6Flame5)
                  00013e64    00000200     Lab9HMain.o (.rodata._ZL6Flame6)
                  00014064    00000200     Lab9HMain.o (.rodata._ZL6Flame7)
                  00014264    00000200     Lab9HMain.o (.rodata._ZL6Flame8)
                  00014464    00000200     Lab9HMain.o (.rodata._ZL6Flame9)
                  00014664    00000200     Lab9HMain.o (.rodata._ZL7Flame10)
                  00014864    00000200     Lab9HMain.o (.rodata._ZL7Flame11)
                  00014a64    00000200     Lab9HMain.o (.rodata._ZL7Flame12)
                  00014c64    00000200     Lab9HMain.o (.rodata._ZL7Flame13)
                  00014e64    00000200     Lab9HMain.o (.rodata._ZL7Flame14)
                  00015064    00000200     Lab9HMain.o (.rodata._ZL7Flame15)
                  00015264    00000200     Lab9HMain.o (.rodata._ZL7Flame16)
                  00015464    00000200     Lab9HMain.o (.rodata._ZL7Flame17)
                  00015664    00000200     Lab9HMain.o (.rodata._ZL7Flame18)
                  00015864    00000200     Lab9HMain.o (.rodata._ZL7Flame19)
                  00015a64    00000200     Lab9HMain.o (.rodata._ZL7Flame20)
                  00015c64    00000200     Lab9HMain.o (.rodata._ZL7Flame21)
                  00015e64    00000200     Lab9HMain.o (.rodata._ZL7Flame22)
                  00016064    00000200     Lab9HMain.o (.rodata._ZL7Flame23)
                  00016264    00000200     Lab9HMain.o (.rodata._ZL7Flame24)
                  00016464    00000200     Lab9HMain.o (.rodata._ZL7Flame25)
                  00016664    00000200     Lab9HMain.o (.rodata._ZL7Flame26)
                  00016864    00000200     Lab9HMain.o (.rodata._ZL7Flame27)
                  00016a64    00000200     Lab9HMain.o (.rodata._ZL7Flame28)
                  00016c64    00000200     Lab9HMain.o (.rodata._ZL7Flame29)
                  00016e64    00000200     Lab9HMain.o (.rodata._ZL7Flame30)
                  00017064    00000200     Lab9HMain.o (.rodata._ZL7Flame31)
                  00017264    00000110     Language.o (.rodata._ZL7Phrases)
                  00017374    00000080     Lab9HMain.o (.rodata._ZL11FlameFrames)
                  000173f4    00000080     Lab9HMain.o (.rodata._ZL6Rocket)
                  00017474    0000003b     ST7735.o (.rodata._ZL5Rcmd1)
                  000174af    0000002b     ST7735.o (.rodata._ZL5Rcmd3)
                  000174da    00000020     Lab9HMain.o (.rodata._ZL12FlameAnchorX)
                  000174fa    00000020     Lab9HMain.o (.rodata._ZL12FlameAnchorY)
                  0001751a    00000020     Lab9HMain.o (.rodata._ZL7ThrExhX)
                  0001753a    00000020     Lab9HMain.o (.rodata._ZL7ThrExhY)
                  0001755a    00000020     Lab9HMain.o (.rodata._ZL8ThrBaseX)
                  0001757a    00000020     Lab9HMain.o (.rodata._ZL8ThrBaseY)
                  0001759a    00000020     Lab9HMain.o (.rodata._ZL8ThrPerpX)
                  000175ba    00000020     Lab9HMain.o (.rodata._ZL8ThrPerpY)
                  000175da    00000016     ST7735.o (.rodata.str1.14736978382213673245.1)
                  000175f0    00000015     Language.o (.rodata.str1.6218386305957504193.1)
                  00017605    00000013     Language.o (.rodata.str1.10291525954460550587.1)
                  00017618    00000013     Language.o (.rodata.str1.10748088508918306938.1)
                  0001762b    00000012     Language.o (.rodata.str1.13188880480078703271.1)
                  0001763d    00000012     Language.o (.rodata.str1.6193479067733328286.1)
                  0001764f    00000011     Language.o (.rodata.str1.13438671402875797421.1)
                  00017660    00000011     Language.o (.rodata.str1.5006191590781117815.1)
                  00017671    00000010     Language.o (.rodata.str1.4208476723994111870.1)
                  00017681    00000010     Language.o (.rodata.str1.9868907125292655906.1)
                  00017691    0000000f     Language.o (.rodata.str1.1211607599262184355.1)
                  000176a0    0000000f     Language.o (.rodata.str1.15764603532876009825.1)
                  000176af    0000000f     Language.o (.rodata.str1.7000333032709971646.1)
                  000176be    0000000e     Language.o (.rodata.str1.16316225378581245709.1)
                  000176cc    0000000e     Language.o (.rodata.str1.16364493653112420207.1)
                  000176da    0000000e     Language.o (.rodata.str1.16617244378814257097.1)
                  000176e8    0000000e     Language.o (.rodata.str1.4784281992687155213.1)
                  000176f6    0000000e     Language.o (.rodata.str1.945030684252367481.1)
                  00017704    0000000d     ST7735.o (.rodata._ZL10Rcmd2green)
                  00017711    0000000d     ST7735.o (.rodata._ZL8Rcmd2red)
                  0001771e    0000000d     Language.o (.rodata.str1.4068615922987494918.1)
                  0001772b    0000000d     Language.o (.rodata.str1.718568825230473437.1)
                  00017738    0000000d     Language.o (.rodata.str1.8041702199303297159.1)
                  00017745    0000000d     Language.o (.rodata.str1.87144837208256354.1)
                  00017752    0000000d     Language.o (.rodata.str1.9868361256478799664.1)
                  0001775f    00000001     --HOLE-- [fill = 0]
                  00017760    0000000c     Lab9HMain.o (.rodata..L__const._Z12RunCountdownv.nums)
                  0001776c    0000000c     Language.o (.rodata.str1.12321213048809119459.1)
                  00017778    0000000c     Language.o (.rodata.str1.16028018471872924578.1)
                  00017784    0000000b     Language.o (.rodata.str1.17445389108744487101.1)
                  0001778f    0000000b     Language.o (.rodata.str1.8050079128058667269.1)
                  0001779a    0000000a     Language.o (.rodata.str1.3478257395676633921.1)
                  000177a4    00000009     Language.o (.rodata.str1.12228161206519850465.1)
                  000177ad    00000009     Language.o (.rodata.str1.13111704327697906197.1)
                  000177b6    00000009     Language.o (.rodata.str1.14710352589153362437.1)
                  000177bf    00000009     Language.o (.rodata.str1.1546528998714547806.1)
                  000177c8    00000009     Language.o (.rodata.str1.16001668576538525344.1)
                  000177d1    00000009     Language.o (.rodata.str1.16473110590995792614.1)
                  000177da    00000009     Language.o (.rodata.str1.18273203705940239602.1)
                  000177e3    00000009     Language.o (.rodata.str1.2975093294154934287.1)
                  000177ec    00000009     Language.o (.rodata.str1.5198557289133433775.1)
                  000177f5    00000009     Language.o (.rodata.str1.8356729031829058524.1)
                  000177fe    00000009     Language.o (.rodata.str1.8486100179685376394.1)
                  00017807    00000009     Language.o (.rodata.str1.8968272799884055710.1)
                  00017810    00000008     Language.o (.rodata.str1.10074663753838771496.1)
                  00017818    00000008     Language.o (.rodata.str1.1160994568288069515.1)
                  00017820    00000008     Language.o (.rodata.str1.12951471458481926594.1)
                  00017828    00000008     Language.o (.rodata.str1.13034906365361775056.1)
                  00017830    00000008     Language.o (.rodata.str1.5363156105017290206.1)
                  00017838    00000008     Language.o (.rodata.str1.5997413093787258844.1)
                  00017840    00000008     Language.o (.rodata.str1.6200302813164420131.1)
                  00017848    00000008     Language.o (.rodata.str1.6673082545689124581.1)
                  00017850    00000008     ST7735.o (.rodata.str1.7209918599617305731.1)
                  00017858    00000007     ST7735.o (.rodata.str1.10208736415454880443.1)
                  0001785f    00000007     Language.o (.rodata.str1.12506110888261158153.1)
                  00017866    00000007     Language.o (.rodata.str1.12909231733878202657.1)
                  0001786d    00000007     Language.o (.rodata.str1.15552090771951525540.1)
                  00017874    00000007     Language.o (.rodata.str1.16559978151318940259.1)
                  0001787b    00000007     Language.o (.rodata.str1.3138163364173533422.1)
                  00017882    00000007     Language.o (.rodata.str1.3323013711145127636.1)
                  00017889    00000007     Language.o (.rodata.str1.3578231911408270934.1)
                  00017890    00000007     Language.o (.rodata.str1.5871602745045322655.1)
                  00017897    00000007     ST7735.o (.rodata.str1.8723687351022562626.1)
                  0001789e    00000007     Language.o (.rodata.str1.9536424964303348430.1)
                  000178a5    00000006     Language.o (.rodata.str1.12903348058123347484.1)
                  000178ab    00000006     Language.o (.rodata.str1.14248791781359965250.1)
                  000178b1    00000006     Language.o (.rodata.str1.3059836109297496327.1)
                  000178b7    00000006     Language.o (.rodata.str1.4221199793785078657.1)
                  000178bd    00000006     Language.o (.rodata.str1.4292459316501158866.1)
                  000178c3    00000006     Language.o (.rodata.str1.6988758576099184809.1)
                  000178c9    00000006     Language.o (.rodata.str1.7083841573988094200.1)
                  000178cf    00000005     Language.o (.rodata.str1.11868941209884395264.1)
                  000178d4    00000005     Lab9HMain.o (.rodata.str1.12025775036332399883.1)
                  000178d9    00000005     Language.o (.rodata.str1.17281267799684083436.1)
                  000178de    00000005     Language.o (.rodata.str1.4603428349981415047.1)
                  000178e3    00000003     Lab9HMain.o (.rodata.str1.11799588374900605218.1)
                  000178e6    00000003     Language.o (.rodata.str1.13224447534422928816.1)
                  000178e9    00000003     Lab9HMain.o (.rodata.str1.17941944938679876980.1)
                  000178ec    00000003     Language.o (.rodata.str1.784467644894557464.1)
                  000178ef    00000002     Lab9HMain.o (.rodata.str1.11873993020133721197.1)
                  000178f1    00000002     ST7735.o (.rodata.str1.18358205720993799461.1)
                  000178f3    00000002     Lab9HMain.o (.rodata.str1.20398113083109969.1)
                  000178f5    00000002     Lab9HMain.o (.rodata.str1.5801453942805561773.1)
                  000178f7    00000001     --HOLE-- [fill = 0]

.init_array 
*          0    000178f8    00000008     
                  000178f8    00000004     Lab9HMain.o (.init_array)
                  000178fc    00000004     --HOLE-- [fill = 0]

.data      0    20200000    00000241     UNINITIALIZED
                  20200000    000000f0     libc.a : defs.c.obj (.data._ftable)
                  202000f0    00000078     libsysbm.a : host_device.c.obj (.data._device)
                  20200168    00000050                : host_device.c.obj (.data._stream)
                  202001b8    00000014     Lab9HMain.o (.data.Sensor)
                  202001cc    00000010     Lab9HMain.o (.data.session)
                  202001dc    00000008     libc.a : exit.c.obj (.data..L_MergedGlobals)
                  202001e4    00000004     Clock.o (.data.BusFreq)
                  202001e8    00000004     Lab9HMain.o (.data.FUEL_MAX_VAL)
                  202001ec    00000004     Lab9HMain.o (.data.GRAVITY_VAL)
                  202001f0    00000004     Lab9HMain.o (.data.M)
                  202001f4    00000004     Lab9HMain.o (.data.PAD_X_MAX)
                  202001f8    00000004     Lab9HMain.o (.data.PAD_X_MIN)
                  202001fc    00000004     Lab9HMain.o (.data.Semaphore)
                  20200200    00000004     Lab9HMain.o (.data.SlidePotResult)
                  20200204    00000004     ST7735.o (.data.StX)
                  20200208    00000004     ST7735.o (.data.StY)
                  2020020c    00000004     Lab9HMain.o (.data._ZL10menuPrevSw)
                  20200210    00000004     Lab9HMain.o (.data._ZL6sPrevX)
                  20200214    00000004     Lab9HMain.o (.data._ZL6sPrevY)
                  20200218    00000004     libc.a : defs.c.obj (.data.__TI_ft_end)
                  2020021c    00000004            : _lock.c.obj (.data._lock)
                  20200220    00000004            : _lock.c.obj (.data._unlock)
                  20200224    00000002     ST7735.o (.data.StTextColor)
                  20200226    00000002     ST7735.o (.data._ZL6_width)
                  20200228    00000002     ST7735.o (.data._ZL7_height)
                  2020022a    00000001     Lab9HMain.o (.data._ZL10pauseDrawn)
                  2020022b    00000001     Lab9HMain.o (.data._ZL11resultDrawn)
                  2020022c    00000001     Lab9HMain.o (.data._ZL11roundsDrawn)
                  2020022d    00000001     Lab9HMain.o (.data._ZL13gameOverDrawn)
                  2020022e    00000001     Lab9HMain.o (.data._ZL7diffSel)
                  2020022f    00000001     Lab9HMain.o (.data._ZL7langSel)
                  20200230    00000001     Lab9HMain.o (.data._ZL8pauseSel)
                  20200231    00000001     Lab9HMain.o (.data._ZL9diffDrawn)
                  20200232    00000001     Lab9HMain.o (.data._ZL9langDrawn)
                  20200233    00000001     Lab9HMain.o (.data._ZL9roundsSel)
                  20200234    00000001     Lab9HMain.o (.data._ZZ10DrawScreenvE10blinkCount)
                  20200235    00000001     Lab9HMain.o (.data.appState)
                  20200236    00000001     Language.o (.data.myLanguage)
                  20200237    00000001     --HOLE--
                  20200238    00000001     libsysbm.a : add_device.c.obj (.data.add_device.device_init)
                  20200239    00000003     --HOLE--
                  2020023c    00000001     libc.a : memory.c.obj (.data.memory_is_initialized)
                  2020023d    00000003     --HOLE--
                  20200240    00000001     libsysbm.a : open.c.obj (.data.open.stream_init)

.bss       0    20200244    00000215     UNINITIALIZED
                  20200244    00000120     libsysbm.a : trgmsg.c.obj (.bss:_CIOBUF_)
                  20200364    000000a0     libc.a : defs.c.obj (.bss.__TI_tmpnams)
                  20200404    0000000c     ST7735.o (.bss.Message)
                  20200410    00000008     libsysbm.a : hostopen.c.obj (.bss.parmbuf)
                  20200418    00000004     ST7735.o (.bss.Messageindex)
                  2020041c    00000004     Sound.o (.bss.Sound_Count)
                  20200420    00000004     Sound.o (.bss.Sound_Ptr)
                  20200424    00000004     TExaS.o (.bss.TExaSLogic)
                  20200428    00000004     TExaS.o (.bss.TExaSadc)
                  2020042c    00000004     Lab9HMain.o (.bss.angle)
                  20200430    00000004     Lab9HMain.o (.bss.angularVel_q8)
                  20200434    00000004     Lab9HMain.o (.bss.fuel)
                  20200438    00000004     Lab9HMain.o (.bss.hullAngle_q8)
                  2020043c    00000004     Lab9HMain.o (.bss.prevSw)
                  20200440    00000004     Lab9HMain.o (.bss.rocketX_q8)
                  20200444    00000004     Lab9HMain.o (.bss.rocketY_q8)
                  20200448    00000004     libc.a : memory.c.obj (.bss.sys_free)
                  2020044c    00000004     Lab9HMain.o (.bss.velX_q8)
                  20200450    00000004     Lab9HMain.o (.bss.velY_q8)
                  20200454    00000001     ST7735.o (.bss._ZL8ColStart)
                  20200455    00000001     ST7735.o (.bss._ZL8RowStart)
                  20200456    00000001     ST7735.o (.bss._ZL8TabColor)
                  20200457    00000001     Lab9HMain.o (.bss.roundState)
                  20200458    00000001     Lab9HMain.o (.bss.thrustActive)

.sysmem    0    20200460    00000200     UNINITIALIZED
                  20200460    00000010     libc.a : memory.c.obj (.sysmem)
                  20200470    000001f0     --HOLE--

.stack     0    20207e00    00000200     UNINITIALIZED
                  20207e00    00000004     libc.a : boot_cortex_m.c.obj (.stack)
                  20207e04    000001fc     --HOLE--

__llvm_prf_cnts 
*          0    20200000    00000000     UNINITIALIZED

__llvm_prf_bits 
*          0    20200000    00000000     UNINITIALIZED

MODULE SUMMARY

       Module                         code    ro data   rw data
       ------                         ----    -------   -------
    .\
       Sound.o                        232     56232     8      
       Lab9HMain.o                    5016    37665     126    
       ST7735.o                       3806    1449      33     
       Language.o                     36      967       1      
       TExaS.o                        720     0         8      
       Clock.o                        516     0         4      
       SPI.o                          440     0         0      
       Timer.o                        316     0         0      
       SlidePot.o                     226     0         0      
       DAC.o                          188     0         0      
       LaunchPad.o                    180     0         0      
       LED.o                          76      0         0      
       Switch.o                       48      0         0      
    +--+------------------------------+-------+---------+---------+
       Total:                         11800   96313     180    
                                                               
    .\ticlang\
       startup_mspm0g3507_ticlang.o   60      192       0      
    +--+------------------------------+-------+---------+---------+
       Total:                         60      192       0      
                                                               
    C:\ti\ccs2040\ccs\tools\compiler\ti-cgt-armllvm_4.0.4.LTS\lib\armv6m-ti-none-eabi/c/libc.a
       memory.c.obj                   702     0         5      
       fopen.c.obj                    556     0         0      
       defs.c.obj                     0       0         404    
       setvbuf.c.obj                  224     0         0      
       getdevice.c.obj                160     0         0      
       strcmp-armv6m.S.obj            136     0         0      
       copy_decompress_lzss.c.obj     124     0         0      
       fclose.c.obj                   124     0         0      
       autoinit.c.obj                 84      0         0      
       fflush.c.obj                   82      0         0      
       exit.c.obj                     58      0         8      
       boot_cortex_m.c.obj            40      0         0      
       copy_zero_init.c.obj           22      0         0      
       copy_decompress_none.c.obj     18      0         0      
       memcpy16.S.obj                 18      0         0      
       memset16.S.obj                 14      0         0      
       _lock.c.obj                    2       0         8      
       pre_init.c.obj                 4       0         0      
    +--+------------------------------+-------+---------+---------+
       Total:                         2368    0         425    
                                                               
    C:\ti\ccs2040\ccs\tools\compiler\ti-cgt-armllvm_4.0.4.LTS\lib\armv6m-ti-none-eabi/c/libsysbm.a
       trgmsg.c.obj                   104     0         288    
       add_device.c.obj               236     0         1      
       host_device.c.obj              0       0         200    
       open.c.obj                     160     0         1      
       hostrename.c.obj               136     0         0      
       hostlseek.c.obj                108     0         0      
       hostopen.c.obj                 96      0         8      
       hostread.c.obj                 88      0         0      
       hostwrite.c.obj                88      0         0      
       close.c.obj                    80      0         0      
       hostclose.c.obj                72      0         0      
       hostunlink.c.obj               72      0         0      
       unlink.c.obj                   44      0         0      
       write.c.obj                    40      0         0      
       remove.c.obj                   8       0         0      
       hostexit.c.obj                 4       0         0      
    +--+------------------------------+-------+---------+---------+
       Total:                         1336    0         498    
                                                               
    C:\ti\ccs2040\ccs\tools\compiler\ti-cgt-armllvm_4.0.4.LTS\lib\armv6m-ti-none-eabi/libclang_rt.builtins.a
       aeabi_uidivmod.S.obj           64      0         0      
       aeabi_memset.S.obj             12      0         0      
       aeabi_memcpy.S.obj             8       0         0      
       aeabi_div0.c.obj               2       0         0      
    +--+------------------------------+-------+---------+---------+
       Total:                         86      0         0      
                                                               
       Heap:                          0       0         512    
       Stack:                         0       0         512    
       Linker Generated:              0       168       0      
    +--+------------------------------+-------+---------+---------+
       Grand Total:                   15650   96673     2127   


LINKER GENERATED COPY TABLES

__TI_cinit_table @ 0001b6c8 records: 2, size/record: 8, table size: 16
	.data: load addr=0001b630, load size=00000084 bytes, run addr=20200000, run size=00000241 bytes, compression=lzss
	.bss: load addr=0001b6c0, load size=00000008 bytes, run addr=20200244, run size=00000215 bytes, compression=zero_init


LINKER GENERATED HANDLER TABLE

__TI_handler_table @ 0001b6b4 records: 3, size/record: 4, table size: 12
	index: 0, handler: __TI_decompress_lzss
	index: 1, handler: __TI_decompress_none
	index: 2, handler: __TI_zero_init


GLOBAL SYMBOLS: SORTED ALPHABETICALLY BY Name 

address   name                               
-------   ----                               
0001b3ad  ADC0_IRQHandler                    
0001b3ad  ADC1_IRQHandler                    
0001b3ad  AES_IRQHandler                     
202001e4  BusFreq                            
0001a2cc  C$$EXIT                            
0001b095  C$$IO$$                            
0001b3ad  CANFD0_IRQHandler                  
0001b3ad  DAC0_IRQHandler                    
0001b3ad  DMA_IRQHandler                     
0001b3ad  Default_Handler                    
202001e8  FUEL_MAX_VAL                       
202001ec  GRAVITY_VAL                        
0001b3ad  GROUP0_IRQHandler                  
0001b3ad  GROUP1_IRQHandler                  
0001abed  HOSTclose                          
0001a2cd  HOSTexit                           
0001a73d  HOSTlseek                          
0001a8e5  HOSTopen                           
0001a945  HOSTread                           
0001a7a9  HOSTrename                         
0001ac35  HOSTunlink                         
0001a99d  HOSTwrite                          
0001b3c9  HardFault_Handler                  
0001b3ad  I2C0_IRQHandler                    
0001b3ad  I2C1_IRQHandler                    
202001f0  M                                  
20200404  Message                            
20200418  Messageindex                       
0001b3ad  NMI_Handler                        
202001f4  PAD_X_MAX                          
202001f8  PAD_X_MIN                          
0001b3ad  PendSV_Handler                     
0001b3ad  RTC_IRQHandler                     
0001b627  Reset_Handler                      
000178f8  SHT$$INIT_ARRAY$$Base              
000178fc  SHT$$INIT_ARRAY$$Limit             
0001b3ad  SPI0_IRQHandler                    
0001b3ad  SPI1_IRQHandler                    
0001b3ad  SVC_Handler                        
202001fc  Semaphore                          
202001b8  Sensor                             
20200200  SlidePotResult                     
2020041c  Sound_Count                        
20200420  Sound_Ptr                          
20200224  StTextColor                        
20200204  StX                                
20200208  StY                                
0001ae89  SysTick_Handler                    
20200424  TExaSLogic                         
20200428  TExaSadc                           
0001b3ad  TIMA0_IRQHandler                   
0001b3ad  TIMA1_IRQHandler                   
0001b3ad  TIMG0_IRQHandler                   
00019e09  TIMG12_IRQHandler                  
0001b3ad  TIMG6_IRQHandler                   
0001ad0d  TIMG7_IRQHandler                   
0001b3ad  TIMG8_IRQHandler                   
0001b52d  TI_memcpy_small                    
0001b5a9  TI_memset_small                    
0001b3ad  UART0_IRQHandler                   
0001b3ad  UART1_IRQHandler                   
0001b3ad  UART2_IRQHandler                   
0001b3ad  UART3_IRQHandler                   
20200244  _CIOBUF_                           
0001b5b9  _Z10Clock_Freqv                    
00017cb9  _Z10DrawScreenv                    
000186e9  _Z10ResetRoundv                    
0001aa4d  _Z10Sound_Initv                    
0001a9f5  _Z10TExaS_InitP10ADC12_RegsjPFhvE  
0001b551  _Z11Clock_Delayj                   
00018fd9  _Z11RunGameOverv                   
0001aec1  _Z11SPI_OutDatac                   
00019835  _Z11ST7735_Linettttt               
0001b449  _Z11ST7735_openPKcji               
0001b45f  _Z11ST7735_readiPcj                
0001b331  _Z11Sound_StartPKtj                
0001b401  _Z11Switch_Initv                   
0001aaa1  _Z11fillmessagej                   
0001a461  _Z12DrawThrusterssjj               
000193b5  _Z12RunCountdownv                  
0001a091  _Z12ST7735_InitR10initRFlags       
0001b5e9  _Z12ST7735_closei                  
0001b57f  _Z12ST7735_lseekili                
0001af31  _Z12ST7735_writeiPKcj              
0001b48d  _Z12Sound_Thrustv                  
00019c0d  _Z13RunLangSelectv                 
0001b5c5  _Z13ST7735_renamePKcS0_            
0001b5f3  _Z13ST7735_unlinkPKc               
0001af65  _Z14Clock_Delay1msj                
00019aa5  _Z14DrawMenuScreen8phrase_tPKS_hhS_
0001a4dd  _Z14LaunchPad_Initv                
0001859d  _Z14RunRoundResultv                
0001ac7d  _Z14SPI_OutCommandc                
00019909  _Z14ST7735_OutCharc                
0001a359  _Z14ST7735_OutUDecj                
00019cb9  _Z14TimerG7_IntArmtjj              
0001aef9  _Z15ActivatePortA_Bv               
0001a1bd  _Z15ApplyDifficultyv               
000180f5  _Z15Clock_Init80MHzi               
0001949d  _Z15RunRoundsSelectv               
00018a6d  _Z15ST7735_FillRectsssst           
0001a129  _Z15TimerG12_IntArmjj              
000190d9  _Z16DrawFlameClippedssjjs          
000182a9  _Z16ST7735_DrawCharSsscssh         
0001a6cd  _Z16ST7735_DrawPixelsst            
0001b2c1  _Z16ST7735_OutStringPc             
0001af99  _Z16ST7735_SetCursorjj             
00017ee5  _Z17ST7735_DrawBitmapssPKtss       
0001a3dd  _Z17ST7735_DrawStringttPcs         
0001b1c9  _Z17ST7735_FillScreent             
00019f51  _Z17ST7735_InitPrintf10initRFlags  
000199d9  _Z19RunDifficultySelectv           
00019b5d  _Z20ST7735_DrawFastHLinessst       
0001b561  _Z28TExaS_LaunchPadLogicPB27PB26v  
0001b4a1  _Z6LED_Onj                         
0001b419  _Z6Randomj                         
0001b4b5  _Z7DAC_Outj                        
0001b4c9  _Z7LED_Offj                        
00018829  _Z8ADC_InitP10ADC12_Regsjj         
00019d61  _Z8DAC_Initv                       
00017901  _Z8GameTickj                       
0001b2e9  _Z8LED_Initv                       
0001b5fd  _Z8PLL_Initv                       
0001b351  _Z8Random32v                       
000191d1  _Z8SPI_Initv                       
0001b221  _Z9ADC_StartP10ADC12_Regs          
0001b30d  _Z9GetPhrase8phrase_t              
00018b85  _Z9RunPausedv                      
0001ad4d  _Z9SPI_Resetv                      
0001b4dd  _Z9Sound_Fahv                      
0001b4f1  _Z9Sound_Winv                      
0001b431  _Z9Switch_Inv                      
00019585  _Z9UART_Initv                      
00018951  _Z9plotLineXttttt                  
00018c9d  _Z9plotLineYttttt                  
0001acc5  _ZN8SlidePot2InEv                  
0001a559  _ZN8SlidePot4InitEv                
0001b38f  _ZN8SlidePotC1Ejj                  
0001b38f  _ZN8SlidePotC2Ejj                  
20200244  __CIOBUF_                          
20208000  __STACK_END                        
00000200  __STACK_SIZE                       
00000200  __SYSMEM_SIZE                      
00000000  __TI_ATRegion0_region_sz           
00000000  __TI_ATRegion0_src_addr            
00000000  __TI_ATRegion0_trg_addr            
00000000  __TI_ATRegion1_region_sz           
00000000  __TI_ATRegion1_src_addr            
00000000  __TI_ATRegion1_trg_addr            
00000000  __TI_ATRegion2_region_sz           
00000000  __TI_ATRegion2_src_addr            
00000000  __TI_ATRegion2_trg_addr            
0001b6c8  __TI_CINIT_Base                    
0001b6d8  __TI_CINIT_Limit                   
0001b6d8  __TI_CINIT_Warm                    
0001b6b4  __TI_Handler_Table_Base            
0001b6c0  __TI_Handler_Table_Limit           
0001aaf5  __TI_auto_init_nobinit             
0001b001  __TI_cleanup                       
202001dc  __TI_cleanup_ptr                   
0001a5d5  __TI_closefile                     
0001a651  __TI_decompress_lzss               
0001b53f  __TI_decompress_none               
0001ab49  __TI_doflush                       
202001e0  __TI_dtors_ptr                     
20200218  __TI_ft_end                        
ffffffff  __TI_pprof_out_hndl                
ffffffff  __TI_prof_data_size                
ffffffff  __TI_prof_data_start               
0001b035  __TI_readmsg                       
00000000  __TI_static_base__                 
20200364  __TI_tmpnams                       
0001b069  __TI_writemsg                      
0001b475  __TI_zero_init_nomemset            
00018a6b  __aeabi_idiv0                      
0001b5d1  __aeabi_memclr                     
0001b5d1  __aeabi_memclr4                    
0001b5d1  __aeabi_memclr8                    
0001b611  __aeabi_memcpy                     
0001b611  __aeabi_memcpy4                    
0001b611  __aeabi_memcpy8                    
0001ad8d  __aeabi_uidiv                      
0001ad8d  __aeabi_uidivmod                   
ffffffff  __binit__                          
UNDEFED   __mpu_init                         
20207e00  __stack                            
20200000  __start___llvm_prf_bits            
20200000  __start___llvm_prf_cnts            
20200000  __stop___llvm_prf_bits             
20200000  __stop___llvm_prf_cnts             
0001b299  _c_int00_noargs                    
202000f0  _device                            
20200000  _ftable                            
2020021c  _lock                              
00019f4f  _nop                               
20200168  _stream                            
20200460  _sys_memory                        
UNDEFED   _system_post_cinit                 
0001b62b  _system_pre_init                   
20200220  _unlock                            
0001b621  abort                              
000192c9  add_device                         
00018db5  aligned_alloc                      
2020042c  angle                              
20200430  angularVel_q8                      
20200235  appState                           
ffffffff  binit                              
0001ab9d  close                              
0001b09d  exit                               
0001b0d1  finddevice                         
0001b199  fopen                              
0001966d  free                               
0001b105  freopen                            
20200434  fuel                               
0001a815  getdevice                          
20200438  hullAngle_q8                       
00000000  interruptVectors                   
00018ec9  main                               
0001b5dd  malloc                             
00018db5  memalign                           
20200236  myLanguage                         
00019ff1  open                               
20200410  parmbuf                            
2020043c  prevSw                             
0001b619  remove                             
20200440  rocketX_q8                         
20200444  rocketY_q8                         
20200457  roundState                         
202001cc  session                            
00019755  setvbuf                            
0001a2d1  strcmp                             
20200458  thrustActive                       
0001b1f5  unlink                             
2020044c  velX_q8                            
20200450  velY_q8                            
0001b271  write                              


GLOBAL SYMBOLS: SORTED BY Symbol Address 

address   name                               
-------   ----                               
00000000  __TI_ATRegion0_region_sz           
00000000  __TI_ATRegion0_src_addr            
00000000  __TI_ATRegion0_trg_addr            
00000000  __TI_ATRegion1_region_sz           
00000000  __TI_ATRegion1_src_addr            
00000000  __TI_ATRegion1_trg_addr            
00000000  __TI_ATRegion2_region_sz           
00000000  __TI_ATRegion2_src_addr            
00000000  __TI_ATRegion2_trg_addr            
00000000  __TI_static_base__                 
00000000  interruptVectors                   
00000200  __STACK_SIZE                       
00000200  __SYSMEM_SIZE                      
000178f8  SHT$$INIT_ARRAY$$Base              
000178fc  SHT$$INIT_ARRAY$$Limit             
00017901  _Z8GameTickj                       
00017cb9  _Z10DrawScreenv                    
00017ee5  _Z17ST7735_DrawBitmapssPKtss       
000180f5  _Z15Clock_Init80MHzi               
000182a9  _Z16ST7735_DrawCharSsscssh         
0001859d  _Z14RunRoundResultv                
000186e9  _Z10ResetRoundv                    
00018829  _Z8ADC_InitP10ADC12_Regsjj         
00018951  _Z9plotLineXttttt                  
00018a6b  __aeabi_idiv0                      
00018a6d  _Z15ST7735_FillRectsssst           
00018b85  _Z9RunPausedv                      
00018c9d  _Z9plotLineYttttt                  
00018db5  aligned_alloc                      
00018db5  memalign                           
00018ec9  main                               
00018fd9  _Z11RunGameOverv                   
000190d9  _Z16DrawFlameClippedssjjs          
000191d1  _Z8SPI_Initv                       
000192c9  add_device                         
000193b5  _Z12RunCountdownv                  
0001949d  _Z15RunRoundsSelectv               
00019585  _Z9UART_Initv                      
0001966d  free                               
00019755  setvbuf                            
00019835  _Z11ST7735_Linettttt               
00019909  _Z14ST7735_OutCharc                
000199d9  _Z19RunDifficultySelectv           
00019aa5  _Z14DrawMenuScreen8phrase_tPKS_hhS_
00019b5d  _Z20ST7735_DrawFastHLinessst       
00019c0d  _Z13RunLangSelectv                 
00019cb9  _Z14TimerG7_IntArmtjj              
00019d61  _Z8DAC_Initv                       
00019e09  TIMG12_IRQHandler                  
00019f4f  _nop                               
00019f51  _Z17ST7735_InitPrintf10initRFlags  
00019ff1  open                               
0001a091  _Z12ST7735_InitR10initRFlags       
0001a129  _Z15TimerG12_IntArmjj              
0001a1bd  _Z15ApplyDifficultyv               
0001a2cc  C$$EXIT                            
0001a2cd  HOSTexit                           
0001a2d1  strcmp                             
0001a359  _Z14ST7735_OutUDecj                
0001a3dd  _Z17ST7735_DrawStringttPcs         
0001a461  _Z12DrawThrusterssjj               
0001a4dd  _Z14LaunchPad_Initv                
0001a559  _ZN8SlidePot4InitEv                
0001a5d5  __TI_closefile                     
0001a651  __TI_decompress_lzss               
0001a6cd  _Z16ST7735_DrawPixelsst            
0001a73d  HOSTlseek                          
0001a7a9  HOSTrename                         
0001a815  getdevice                          
0001a8e5  HOSTopen                           
0001a945  HOSTread                           
0001a99d  HOSTwrite                          
0001a9f5  _Z10TExaS_InitP10ADC12_RegsjPFhvE  
0001aa4d  _Z10Sound_Initv                    
0001aaa1  _Z11fillmessagej                   
0001aaf5  __TI_auto_init_nobinit             
0001ab49  __TI_doflush                       
0001ab9d  close                              
0001abed  HOSTclose                          
0001ac35  HOSTunlink                         
0001ac7d  _Z14SPI_OutCommandc                
0001acc5  _ZN8SlidePot2InEv                  
0001ad0d  TIMG7_IRQHandler                   
0001ad4d  _Z9SPI_Resetv                      
0001ad8d  __aeabi_uidiv                      
0001ad8d  __aeabi_uidivmod                   
0001ae89  SysTick_Handler                    
0001aec1  _Z11SPI_OutDatac                   
0001aef9  _Z15ActivatePortA_Bv               
0001af31  _Z12ST7735_writeiPKcj              
0001af65  _Z14Clock_Delay1msj                
0001af99  _Z16ST7735_SetCursorjj             
0001b001  __TI_cleanup                       
0001b035  __TI_readmsg                       
0001b069  __TI_writemsg                      
0001b095  C$$IO$$                            
0001b09d  exit                               
0001b0d1  finddevice                         
0001b105  freopen                            
0001b199  fopen                              
0001b1c9  _Z17ST7735_FillScreent             
0001b1f5  unlink                             
0001b221  _Z9ADC_StartP10ADC12_Regs          
0001b271  write                              
0001b299  _c_int00_noargs                    
0001b2c1  _Z16ST7735_OutStringPc             
0001b2e9  _Z8LED_Initv                       
0001b30d  _Z9GetPhrase8phrase_t              
0001b331  _Z11Sound_StartPKtj                
0001b351  _Z8Random32v                       
0001b38f  _ZN8SlidePotC1Ejj                  
0001b38f  _ZN8SlidePotC2Ejj                  
0001b3ad  ADC0_IRQHandler                    
0001b3ad  ADC1_IRQHandler                    
0001b3ad  AES_IRQHandler                     
0001b3ad  CANFD0_IRQHandler                  
0001b3ad  DAC0_IRQHandler                    
0001b3ad  DMA_IRQHandler                     
0001b3ad  Default_Handler                    
0001b3ad  GROUP0_IRQHandler                  
0001b3ad  GROUP1_IRQHandler                  
0001b3ad  I2C0_IRQHandler                    
0001b3ad  I2C1_IRQHandler                    
0001b3ad  NMI_Handler                        
0001b3ad  PendSV_Handler                     
0001b3ad  RTC_IRQHandler                     
0001b3ad  SPI0_IRQHandler                    
0001b3ad  SPI1_IRQHandler                    
0001b3ad  SVC_Handler                        
0001b3ad  TIMA0_IRQHandler                   
0001b3ad  TIMA1_IRQHandler                   
0001b3ad  TIMG0_IRQHandler                   
0001b3ad  TIMG6_IRQHandler                   
0001b3ad  TIMG8_IRQHandler                   
0001b3ad  UART0_IRQHandler                   
0001b3ad  UART1_IRQHandler                   
0001b3ad  UART2_IRQHandler                   
0001b3ad  UART3_IRQHandler                   
0001b3c9  HardFault_Handler                  
0001b401  _Z11Switch_Initv                   
0001b419  _Z6Randomj                         
0001b431  _Z9Switch_Inv                      
0001b449  _Z11ST7735_openPKcji               
0001b45f  _Z11ST7735_readiPcj                
0001b475  __TI_zero_init_nomemset            
0001b48d  _Z12Sound_Thrustv                  
0001b4a1  _Z6LED_Onj                         
0001b4b5  _Z7DAC_Outj                        
0001b4c9  _Z7LED_Offj                        
0001b4dd  _Z9Sound_Fahv                      
0001b4f1  _Z9Sound_Winv                      
0001b52d  TI_memcpy_small                    
0001b53f  __TI_decompress_none               
0001b551  _Z11Clock_Delayj                   
0001b561  _Z28TExaS_LaunchPadLogicPB27PB26v  
0001b57f  _Z12ST7735_lseekili                
0001b5a9  TI_memset_small                    
0001b5b9  _Z10Clock_Freqv                    
0001b5c5  _Z13ST7735_renamePKcS0_            
0001b5d1  __aeabi_memclr                     
0001b5d1  __aeabi_memclr4                    
0001b5d1  __aeabi_memclr8                    
0001b5dd  malloc                             
0001b5e9  _Z12ST7735_closei                  
0001b5f3  _Z13ST7735_unlinkPKc               
0001b5fd  _Z8PLL_Initv                       
0001b611  __aeabi_memcpy                     
0001b611  __aeabi_memcpy4                    
0001b611  __aeabi_memcpy8                    
0001b619  remove                             
0001b621  abort                              
0001b627  Reset_Handler                      
0001b62b  _system_pre_init                   
0001b6b4  __TI_Handler_Table_Base            
0001b6c0  __TI_Handler_Table_Limit           
0001b6c8  __TI_CINIT_Base                    
0001b6d8  __TI_CINIT_Limit                   
0001b6d8  __TI_CINIT_Warm                    
20200000  __start___llvm_prf_bits            
20200000  __start___llvm_prf_cnts            
20200000  __stop___llvm_prf_bits             
20200000  __stop___llvm_prf_cnts             
20200000  _ftable                            
202000f0  _device                            
20200168  _stream                            
202001b8  Sensor                             
202001cc  session                            
202001dc  __TI_cleanup_ptr                   
202001e0  __TI_dtors_ptr                     
202001e4  BusFreq                            
202001e8  FUEL_MAX_VAL                       
202001ec  GRAVITY_VAL                        
202001f0  M                                  
202001f4  PAD_X_MAX                          
202001f8  PAD_X_MIN                          
202001fc  Semaphore                          
20200200  SlidePotResult                     
20200204  StX                                
20200208  StY                                
20200218  __TI_ft_end                        
2020021c  _lock                              
20200220  _unlock                            
20200224  StTextColor                        
20200235  appState                           
20200236  myLanguage                         
20200244  _CIOBUF_                           
20200244  __CIOBUF_                          
20200364  __TI_tmpnams                       
20200404  Message                            
20200410  parmbuf                            
20200418  Messageindex                       
2020041c  Sound_Count                        
20200420  Sound_Ptr                          
20200424  TExaSLogic                         
20200428  TExaSadc                           
2020042c  angle                              
20200430  angularVel_q8                      
20200434  fuel                               
20200438  hullAngle_q8                       
2020043c  prevSw                             
20200440  rocketX_q8                         
20200444  rocketY_q8                         
2020044c  velX_q8                            
20200450  velY_q8                            
20200457  roundState                         
20200458  thrustActive                       
20200460  _sys_memory                        
20207e00  __stack                            
20208000  __STACK_END                        
ffffffff  __TI_pprof_out_hndl                
ffffffff  __TI_prof_data_size                
ffffffff  __TI_prof_data_start               
ffffffff  __binit__                          
ffffffff  binit                              
UNDEFED   __mpu_init                         
UNDEFED   _system_post_cinit                 

[236 symbols]
