******************************************************************************
            TI ARM Clang Linker PC v4.0.4                      
******************************************************************************
>> Linked Wed Mar 11 12:07:15 2026

OUTPUT FILE NAME:   <ECE319K_Lab6.out>
ENTRY POINT SYMBOL: "_c_int00_noargs"  address: 00000ec9


MEMORY CONFIGURATION

         name            origin    length      used     unused   attr    fill
----------------------  --------  ---------  --------  --------  ----  --------
  FLASH                 00000000   00020000  00001248  0001edb8  R  X
  SRAM                  20200000   00008000  0000045c  00007ba4  RW X
  BCR_CONFIG            41c00000   00000080  00000000  00000080  R   
  BSL_CONFIG            41c00100   00000080  00000000  00000080  R   


SEGMENT ALLOCATION MAP

run origin  load origin   length   init length attrs members
----------  ----------- ---------- ----------- ----- -------
00000000    00000000    00001248   00001248    r-x
  00000000    00000000    000000c0   000000c0    r-- .intvecs
  000000c0    000000c0    00000f50   00000f50    r-x .text
  00001010    00001010    000001f0   000001f0    r-- .rodata
  00001200    00001200    00000048   00000048    r-- .cinit
20200000    20200000    0000025c   00000000    rw-
  20200000    20200000    00000200   00000000    rw- .sysmem
  20200200    20200200    0000003c   00000000    rw- .bss
  2020023c    2020023c    00000020   00000000    rw- .data
20207e00    20207e00    00000200   00000000    rw-
  20207e00    20207e00    00000200   00000000    rw- .stack


SECTION ALLOCATION MAP

 output                                  attributes/
section   page    origin      length       input sections
--------  ----  ----------  ----------   ----------------
.intvecs   0    00000000    000000c0     
                  00000000    000000c0     startup_mspm0g3507_ticlang.o (.intvecs)

.text      0    000000c0    00000f50     
                  000000c0    000001b4     Clock.o (.text.Clock_Init80MHz)
                  00000274    000001a4     Lab6Grader.o (.text.Lab6Grader)
                  00000418    00000188     Lab6GraderWrapper.o (.text)
                  000005a0    0000013c     Lab6Grader.o (.text.GradeSPIOutData)
                  000006dc    00000138     Lab6Grader.o (.text.GradeSPIOutCommand)
                  00000814    000000f4     Lab6Grader.o (.text.GradeDec2String)
                  00000908    000000e8     UARTbusywait.o (.text.UART_Init)
                  000009f0    000000a8     Timer.o (.text.TimerG7_IntArm)
                  00000a98    000000a4     StringConversion.o (.text)
                  00000b3c    00000004     libsysbm.a : hostexit.c.obj (.text.HOSTexit)
                  00000b40    00000088     libc.a : strcmp-armv6m.S.obj (.text:strcmp)
                  00000bc8    00000084     Lab6Grader.o (.text.TIMG7_IRQHandler)
                  00000c4c    0000007c     LaunchPad.o (.text.LaunchPad_Init)
                  00000cc8    0000007c     libc.a : copy_decompress_lzss.c.obj (.text:decompress:lzss)
                  00000d44    00000040     libclang_rt.builtins.a : aeabi_uidivmod.S.obj (.text.__aeabi_uidivmod)
                  00000d84    0000003c     libc.a : autoinit.c.obj (.text:__TI_auto_init_nobinit_nopinit)
                  00000dc0    00000038     LaunchPad.o (.text.ActivatePortA_B)
                  00000df8    00000038     BusyWait.o (.text)
                  00000e30    00000036     UART.o (.text.UART_OutUDec)
                  00000e66    00000034     Lab6Grader.o (.text.setUpper)
                  00000e9a    00000002     libclang_rt.builtins.a : aeabi_div0.c.obj (.text.__aeabi_idiv0)
                  00000e9c    0000002c     UARTbusywait.o (.text.UART_OutChar)
                  00000ec8    00000028     libc.a : boot_cortex_m.c.obj (.text:_c_int00_noargs)
                  00000ef0    00000026     UART.o (.text.UART_OutString)
                  00000f16    00000002     --HOLE-- [fill = 0]
                  00000f18    0000001c     startup_mspm0g3507_ticlang.o (.text.Default_Handler)
                  00000f34    0000001c     startup_mspm0g3507_ticlang.o (.text.HardFault_Handler)
                  00000f50    0000001a     Lab6Main.o (.text.main)
                  00000f6a    00000016     libc.a : copy_zero_init.c.obj (.text:decompress:ZI:__TI_zero_init_nomemset)
                  00000f80    00000012            : memcpy16.S.obj (.text:TI_memcpy_small)
                  00000f92    00000012            : copy_decompress_none.c.obj (.text:decompress:none)
                  00000fa4    00000010     Clock.o (.text.Clock_Delay)
                  00000fb4    00000010     LaunchPad.o (.text.Delay)
                  00000fc4    00000010     Lab6Grader.o (.text.OutCRLF)
                  00000fd4    0000000c     Clock.o (.text.Clock_Freq)
                  00000fe0    0000000c     Lab6Grader.o (.text.TimerG7_Stop)
                  00000fec    00000008     libclang_rt.builtins.a : aeabi_memcpy.S.obj (.text.__aeabi_memcpy)
                  00000ff4    00000006     libc.a : exit.c.obj (.text:abort)
                  00000ffa    00000004     startup_mspm0g3507_ticlang.o (.text.Reset_Handler)
                  00000ffe    00000004     libc.a : pre_init.c.obj (.text._system_pre_init)
                  00001002    0000000e     --HOLE-- [fill = 0]

.cinit     0    00001200    00000048     
                  00001200    0000001d     (.cinit..data.load) [load image, compression = lzss]
                  0000121d    00000003     --HOLE-- [fill = 0]
                  00001220    0000000c     (__TI_handler_table)
                  0000122c    00000008     (.cinit..bss.load) [load image, compression = zero_init]
                  00001234    00000010     (__TI_cinit_table)
                  00001244    00000004     --HOLE-- [fill = 0]

.rodata    0    00001010    000001f0     
                  00001010    0000002f     Lab6Grader.o (.rodata.str1.16232833845447061699.1)
                  0000103f    0000002e     Lab6Grader.o (.rodata.str1.16714208698368713217.1)
                  0000106d    0000002e     Lab6Grader.o (.rodata.str1.4807466262138473149.1)
                  0000109b    00000027     Lab6Grader.o (.rodata.str1.11334354766056882251.1)
                  000010c2    00000027     Lab6Grader.o (.rodata.str1.5715729709420124800.1)
                  000010e9    0000001e     Lab6Grader.o (.rodata.str1.7013786780666179780.1)
                  00001107    00000018     Lab6Grader.o (.rodata.str1.714355443929820413.1)
                  0000111f    00000015     Lab6Grader.o (.rodata.str1.13577176801459967302.1)
                  00001134    00000015     Lab6Grader.o (.rodata.str1.3981719414129175620.1)
                  00001149    00000015     Lab6Grader.o (.rodata.str1.8481872036014681590.1)
                  0000115e    00000014     Lab6Grader.o (.rodata.str1.12322485879061392834.1)
                  00001172    00000012     Lab6Grader.o (.rodata.str1.11375476905375095818.1)
                  00001184    00000012     Lab6Grader.o (.rodata.str1.17200718203323843710.1)
                  00001196    00000011     Lab6Grader.o (.rodata.str1.1741278207831545352.1)
                  000011a7    00000011     Lab6Grader.o (.rodata.str1.2973339431953237718.1)
                  000011b8    0000000e     Lab6Grader.o (.rodata.str1.14283038915153879098.1)
                  000011c6    0000000c     Lab6Grader.o (.rodata.str1.7164537711401738783.1)
                  000011d2    0000000a     Lab6Grader.o (.rodata.str1.4206902740254332087.1)
                  000011dc    00000008     Lab6Grader.o (.rodata.str1.16052252627657643653.1)
                  000011e4    00000008     Lab6Grader.o (.rodata.str1.4937457366062959438.1)
                  000011ec    00000007     Lab6Grader.o (.rodata.str1.8137501777042538117.1)
                  000011f3    00000006     Lab6Grader.o (.rodata.str1.4691482765387579478.1)
                  000011f9    00000007     --HOLE-- [fill = 0]

.init_array 
*          0    00000000    00000000     UNINITIALIZED

.binit     0    00000000    00000000     

.sysmem    0    20200000    00000200     UNINITIALIZED
                  20200000    00000010     libc.a : memory.c.obj (.sysmem)
                  20200010    000001f0     --HOLE--

.bss       0    20200200    0000003c     UNINITIALIZED
                  20200200    00000010     (.common:myMessage)
                  20200210    00000010     (.common:yourMessage)
                  20200220    00000004     Lab6Grader.o (.bss.Score)
                  20200224    00000004     (.common:GraderData)
                  20200228    00000004     (.common:GraderGPIO)
                  2020022c    00000004     (.common:GraderStatus)
                  20200230    00000004     (.common:GraderTime)
                  20200234    00000004     (.common:M)
                  20200238    00000004     (.common:whichbit)

.data      0    2020023c    00000020     UNINITIALIZED
                  2020023c    00000008     Lab6Main.o (.data.EID1)
                  20200244    00000008     Lab6Main.o (.data.EID2)
                  2020024c    00000008     Lab6GraderWrapper.o (.data)
                  20200254    00000004     Clock.o (.data.BusFreq)
                  20200258    00000004     Lab6Grader.o (.data.Fail)

.stack     0    20207e00    00000200     UNINITIALIZED
                  20207e00    00000004     libc.a : boot_cortex_m.c.obj (.stack)
                  20207e04    000001fc     --HOLE--

__llvm_prf_cnts 
*          0    20200000    00000000     UNINITIALIZED

__llvm_prf_bits 
*          0    20200000    00000000     UNINITIALIZED

MODULE SUMMARY

       Module                         code   ro data   rw data
       ------                         ----   -------   -------
    ..\
       Lab6GraderWrapper.o            392    0         8      
    +--+------------------------------+------+---------+---------+
       Total:                         392    0         8      
                                                              
    .\
       Lab6Grader.o                   1504   489       64     
       Clock.o                        464    0         4      
       UARTbusywait.o                 276    0         0      
       LaunchPad.o                    196    0         0      
       Timer.o                        168    0         0      
       StringConversion.o             164    0         0      
       UART.o                         92     0         0      
       BusyWait.o                     56     0         0      
       Lab6Main.o                     26     0         16     
    +--+------------------------------+------+---------+---------+
       Total:                         2946   489       84     
                                                              
    .\ticlang\
       startup_mspm0g3507_ticlang.o   60     192       0      
    +--+------------------------------+------+---------+---------+
       Total:                         60     192       0      
                                                              
    C:\ti\ccs2040\ccs\tools\compiler\ti-cgt-armllvm_4.0.4.LTS\lib\armv6m-ti-none-eabi/c/libc.a
       strcmp-armv6m.S.obj            136    0         0      
       copy_decompress_lzss.c.obj     124    0         0      
       autoinit.c.obj                 60     0         0      
       boot_cortex_m.c.obj            40     0         0      
       copy_zero_init.c.obj           22     0         0      
       copy_decompress_none.c.obj     18     0         0      
       memcpy16.S.obj                 18     0         0      
       exit.c.obj                     6      0         0      
       pre_init.c.obj                 4      0         0      
    +--+------------------------------+------+---------+---------+
       Total:                         428    0         0      
                                                              
    C:\ti\ccs2040\ccs\tools\compiler\ti-cgt-armllvm_4.0.4.LTS\lib\armv6m-ti-none-eabi/c/libsysbm.a
       hostexit.c.obj                 4      0         0      
    +--+------------------------------+------+---------+---------+
       Total:                         4      0         0      
                                                              
    C:\ti\ccs2040\ccs\tools\compiler\ti-cgt-armllvm_4.0.4.LTS\lib\armv6m-ti-none-eabi/libclang_rt.builtins.a
       aeabi_uidivmod.S.obj           64     0         0      
       aeabi_memcpy.S.obj             8      0         0      
       aeabi_div0.c.obj               2      0         0      
    +--+------------------------------+------+---------+---------+
       Total:                         74     0         0      
                                                              
       Heap:                          0      0         512    
       Stack:                         0      0         512    
       Linker Generated:              0      65        0      
    +--+------------------------------+------+---------+---------+
       Grand Total:                   3904   746       1116   


LINKER GENERATED COPY TABLES

__TI_cinit_table @ 00001234 records: 2, size/record: 8, table size: 16
	.data: load addr=00001200, load size=0000001d bytes, run addr=2020023c, run size=00000020 bytes, compression=lzss
	.bss: load addr=0000122c, load size=00000008 bytes, run addr=20200200, run size=0000003c bytes, compression=zero_init


LINKER GENERATED HANDLER TABLE

__TI_handler_table @ 00001220 records: 3, size/record: 4, table size: 12
	index: 0, handler: __TI_decompress_lzss
	index: 1, handler: __TI_decompress_none
	index: 2, handler: __TI_zero_init


GLOBAL SYMBOLS: SORTED ALPHABETICALLY BY Name 

address   name                          
-------   ----                          
00000f19  ADC0_IRQHandler               
00000f19  ADC1_IRQHandler               
00000f19  AES_IRQHandler                
00000dc1  ActivatePortA_B               
20200254  BusFreq                       
00000b3c  C$$EXIT                       
00000f19  CANFD0_IRQHandler             
00000fa5  Clock_Delay                   
00000fd5  Clock_Freq                    
000000c1  Clock_Init80MHz               
00000f19  DAC0_IRQHandler               
00000f19  DMA_IRQHandler                
0000054c  Dec2String                    
00000f19  Default_Handler               
00000fb5  Delay                         
2020023c  EID1                          
20200244  EID2                          
00000f19  GROUP0_IRQHandler             
00000f19  GROUP1_IRQHandler             
00000815  GradeDec2String               
000006dd  GradeSPIOutCommand            
000005a1  GradeSPIOutData               
20200224  GraderData                    
20200228  GraderGPIO                    
2020022c  GraderStatus                  
20200230  GraderTime                    
00000b3d  HOSTexit                      
00000f35  HardFault_Handler             
00000f19  I2C0_IRQHandler               
00000f19  I2C1_IRQHandler               
00000275  Lab6Grader                    
00000c4d  LaunchPad_Init                
20200234  M                             
00000f19  NMI_Handler                   
00000fc5  OutCRLF                       
00000560  OutChar                       
00000b06  OutDec                        
00000f19  PendSV_Handler                
00000f19  RTC_IRQHandler                
00000ffb  Reset_Handler                 
00000f19  SPI0_IRQHandler               
00000f19  SPI1_IRQHandler               
00000df8  SPIOutCommand                 
00000e12  SPIOutData                    
00000f19  SVC_Handler                   
00000f19  SysTick_Handler               
00000f19  TIMA0_IRQHandler              
00000f19  TIMA1_IRQHandler              
00000f19  TIMG0_IRQHandler              
00000f19  TIMG12_IRQHandler             
00000f19  TIMG6_IRQHandler              
00000bc9  TIMG7_IRQHandler              
00000f19  TIMG8_IRQHandler              
00000f81  TI_memcpy_small               
00000a98  Test_udivby10                 
000009f1  TimerG7_IntArm                
00000fe1  TimerG7_Stop                  
00000f19  UART0_IRQHandler              
00000f19  UART1_IRQHandler              
00000f19  UART2_IRQHandler              
00000f19  UART3_IRQHandler              
00000909  UART_Init                     
00000e9d  UART_OutChar                  
00000ef1  UART_OutString                
00000e31  UART_OutUDec                  
20208000  __STACK_END                   
00000200  __STACK_SIZE                  
00000200  __SYSMEM_SIZE                 
00000000  __TI_ATRegion0_region_sz      
00000000  __TI_ATRegion0_src_addr       
00000000  __TI_ATRegion0_trg_addr       
00000000  __TI_ATRegion1_region_sz      
00000000  __TI_ATRegion1_src_addr       
00000000  __TI_ATRegion1_trg_addr       
00000000  __TI_ATRegion2_region_sz      
00000000  __TI_ATRegion2_src_addr       
00000000  __TI_ATRegion2_trg_addr       
00001234  __TI_CINIT_Base               
00001244  __TI_CINIT_Limit              
00001244  __TI_CINIT_Warm               
00001220  __TI_Handler_Table_Base       
0000122c  __TI_Handler_Table_Limit      
00000d85  __TI_auto_init_nobinit_nopinit
00000cc9  __TI_decompress_lzss          
00000f93  __TI_decompress_none          
ffffffff  __TI_pprof_out_hndl           
ffffffff  __TI_prof_data_size           
ffffffff  __TI_prof_data_start          
00000000  __TI_static_base__            
00000f6b  __TI_zero_init_nomemset       
00000e9b  __aeabi_idiv0                 
00000fed  __aeabi_memcpy                
00000fed  __aeabi_memcpy4               
00000fed  __aeabi_memcpy8               
00000d45  __aeabi_uidiv                 
00000d45  __aeabi_uidivmod              
ffffffff  __binit__                     
UNDEFED   __mpu_init                    
20207e00  __stack                       
20200000  __start___llvm_prf_bits       
20200000  __start___llvm_prf_cnts       
20200000  __stop___llvm_prf_bits        
20200000  __stop___llvm_prf_cnts        
00000ec9  _c_int00_noargs               
20200000  _sys_memory                   
UNDEFED   _system_post_cinit            
00000fff  _system_pre_init              
00000ff5  abort                         
ffffffff  binit                         
00000000  interruptVectors              
00000f51  main                          
000004f8  myDec2String                  
20200200  myMessage                     
00000e67  setUpper                      
00000b41  strcmp                        
00000490  testDec2String                
00000418  testSPIOutCommand             
00000454  testSPIOutData                
20200238  whichbit                      
20200210  yourMessage                   


GLOBAL SYMBOLS: SORTED BY Symbol Address 

address   name                          
-------   ----                          
00000000  __TI_ATRegion0_region_sz      
00000000  __TI_ATRegion0_src_addr       
00000000  __TI_ATRegion0_trg_addr       
00000000  __TI_ATRegion1_region_sz      
00000000  __TI_ATRegion1_src_addr       
00000000  __TI_ATRegion1_trg_addr       
00000000  __TI_ATRegion2_region_sz      
00000000  __TI_ATRegion2_src_addr       
00000000  __TI_ATRegion2_trg_addr       
00000000  __TI_static_base__            
00000000  interruptVectors              
000000c1  Clock_Init80MHz               
00000200  __STACK_SIZE                  
00000200  __SYSMEM_SIZE                 
00000275  Lab6Grader                    
00000418  testSPIOutCommand             
00000454  testSPIOutData                
00000490  testDec2String                
000004f8  myDec2String                  
0000054c  Dec2String                    
00000560  OutChar                       
000005a1  GradeSPIOutData               
000006dd  GradeSPIOutCommand            
00000815  GradeDec2String               
00000909  UART_Init                     
000009f1  TimerG7_IntArm                
00000a98  Test_udivby10                 
00000b06  OutDec                        
00000b3c  C$$EXIT                       
00000b3d  HOSTexit                      
00000b41  strcmp                        
00000bc9  TIMG7_IRQHandler              
00000c4d  LaunchPad_Init                
00000cc9  __TI_decompress_lzss          
00000d45  __aeabi_uidiv                 
00000d45  __aeabi_uidivmod              
00000d85  __TI_auto_init_nobinit_nopinit
00000dc1  ActivatePortA_B               
00000df8  SPIOutCommand                 
00000e12  SPIOutData                    
00000e31  UART_OutUDec                  
00000e67  setUpper                      
00000e9b  __aeabi_idiv0                 
00000e9d  UART_OutChar                  
00000ec9  _c_int00_noargs               
00000ef1  UART_OutString                
00000f19  ADC0_IRQHandler               
00000f19  ADC1_IRQHandler               
00000f19  AES_IRQHandler                
00000f19  CANFD0_IRQHandler             
00000f19  DAC0_IRQHandler               
00000f19  DMA_IRQHandler                
00000f19  Default_Handler               
00000f19  GROUP0_IRQHandler             
00000f19  GROUP1_IRQHandler             
00000f19  I2C0_IRQHandler               
00000f19  I2C1_IRQHandler               
00000f19  NMI_Handler                   
00000f19  PendSV_Handler                
00000f19  RTC_IRQHandler                
00000f19  SPI0_IRQHandler               
00000f19  SPI1_IRQHandler               
00000f19  SVC_Handler                   
00000f19  SysTick_Handler               
00000f19  TIMA0_IRQHandler              
00000f19  TIMA1_IRQHandler              
00000f19  TIMG0_IRQHandler              
00000f19  TIMG12_IRQHandler             
00000f19  TIMG6_IRQHandler              
00000f19  TIMG8_IRQHandler              
00000f19  UART0_IRQHandler              
00000f19  UART1_IRQHandler              
00000f19  UART2_IRQHandler              
00000f19  UART3_IRQHandler              
00000f35  HardFault_Handler             
00000f51  main                          
00000f6b  __TI_zero_init_nomemset       
00000f81  TI_memcpy_small               
00000f93  __TI_decompress_none          
00000fa5  Clock_Delay                   
00000fb5  Delay                         
00000fc5  OutCRLF                       
00000fd5  Clock_Freq                    
00000fe1  TimerG7_Stop                  
00000fed  __aeabi_memcpy                
00000fed  __aeabi_memcpy4               
00000fed  __aeabi_memcpy8               
00000ff5  abort                         
00000ffb  Reset_Handler                 
00000fff  _system_pre_init              
00001220  __TI_Handler_Table_Base       
0000122c  __TI_Handler_Table_Limit      
00001234  __TI_CINIT_Base               
00001244  __TI_CINIT_Limit              
00001244  __TI_CINIT_Warm               
20200000  __start___llvm_prf_bits       
20200000  __start___llvm_prf_cnts       
20200000  __stop___llvm_prf_bits        
20200000  __stop___llvm_prf_cnts        
20200000  _sys_memory                   
20200200  myMessage                     
20200210  yourMessage                   
20200224  GraderData                    
20200228  GraderGPIO                    
2020022c  GraderStatus                  
20200230  GraderTime                    
20200234  M                             
20200238  whichbit                      
2020023c  EID1                          
20200244  EID2                          
20200254  BusFreq                       
20207e00  __stack                       
20208000  __STACK_END                   
ffffffff  __TI_pprof_out_hndl           
ffffffff  __TI_prof_data_size           
ffffffff  __TI_prof_data_start          
ffffffff  __binit__                     
ffffffff  binit                         
UNDEFED   __mpu_init                    
UNDEFED   _system_post_cinit            

[120 symbols]
