******************************************************************************
            TI ARM Clang Linker PC v4.0.1                      
******************************************************************************
>> Linked Wed Jan 29 10:48:01 2025

OUTPUT FILE NAME:   <Scratch.out>
ENTRY POINT SYMBOL: "_c_int00_noargs"  address: 0000037d


MEMORY CONFIGURATION

         name            origin    length      used     unused   attr    fill
----------------------  --------  ---------  --------  --------  ----  --------
  FLASH                 00000000   00020000  00000478  0001fb88  R  X
  SRAM                  20200000   00008000  00000214  00007dec  RW X
  BCR_CONFIG            41c00000   00000080  00000000  00000080  R   
  BSL_CONFIG            41c00100   00000080  00000000  00000080  R   


SEGMENT ALLOCATION MAP

run origin  load origin   length   init length attrs members
----------  ----------- ---------- ----------- ----- -------
00000000    00000000    00000478   00000478    r-x
  00000000    00000000    000000c0   000000c0    r-- .intvecs
  000000c0    000000c0    00000388   00000388    r-x .text
  00000448    00000448    00000030   00000030    r-- .cinit
20200000    20200000    00000014   00000000    rw-
  20200000    20200000    0000000e   00000000    rw- .bss
  2020000e    2020000e    00000006   00000000    rw- .data
20207e00    20207e00    00000200   00000000    rw-
  20207e00    20207e00    00000200   00000000    rw- .stack


SECTION ALLOCATION MAP

 output                                  attributes/
section   page    origin      length       input sections
--------  ----  ----------  ----------   ----------------
.intvecs   0    00000000    000000c0     
                  00000000    000000c0     startup_mspm0g3507_ticlang.o (.intvecs)

.text      0    000000c0    00000388     
                  000000c0    0000014c     MyFirst.o (.text.main)
                  0000020c    0000007c     libc.a : copy_decompress_lzss.c.obj (.text:decompress:lzss)
                  00000288    00000044     MyFirst.o (.text.NumsSum)
                  000002cc    0000003c     libc.a : autoinit.c.obj (.text:__TI_auto_init_nobinit_nopinit)
                  00000308    0000003a     MyFirst.o (.text.FSum)
                  00000342    00000038     myfun.o (.text.Factorial)
                  0000037a    00000002     --HOLE-- [fill = 0]
                  0000037c    00000028     libc.a : boot_cortex_m.c.obj (.text:_c_int00_noargs)
                  000003a4    0000001c     startup_mspm0g3507_ticlang.o (.text.Default_Handler)
                  000003c0    0000001c     startup_mspm0g3507_ticlang.o (.text.HardFault_Handler)
                  000003dc    00000018     myfun.o (.text.SumFormula)
                  000003f4    00000016     libc.a : copy_zero_init.c.obj (.text:decompress:ZI:__TI_zero_init_nomemset)
                  0000040a    00000012            : memcpy16.S.obj (.text:TI_memcpy_small)
                  0000041c    00000012            : copy_decompress_none.c.obj (.text:decompress:none)
                  0000042e    00000002     --HOLE-- [fill = 0]
                  00000430    00000008     libclang_rt.builtins.a : aeabi_memcpy.S.obj (.text.__aeabi_memcpy)
                  00000438    00000004     startup_mspm0g3507_ticlang.o (.text.Reset_Handler)
                  0000043c    00000004     libc.a : pre_init.c.obj (.text._system_pre_init)
                  00000440    00000004            : exit.c.obj (.text:abort)
                  00000444    00000004     --HOLE-- [fill = 0]

.cinit     0    00000448    00000030     
                  00000448    0000000c     (__TI_handler_table)
                  00000454    0000000a     (.cinit..data.load) [load image, compression = lzss]
                  0000045e    00000002     --HOLE-- [fill = 0]
                  00000460    00000008     (.cinit..bss.load) [load image, compression = zero_init]
                  00000468    00000010     (__TI_cinit_table)

.init_array 
*          0    00000000    00000000     UNINITIALIZED

.binit     0    00000000    00000000     

.bss       0    20200000    0000000e     UNINITIALIZED
                  20200000    0000000a     (.common:Scores)
                  2020000a    00000001     (.common:AScore)
                  2020000b    00000001     (.common:Grade)
                  2020000c    00000001     (.common:QScore)
                  2020000d    00000001     (.common:Score)

.data      0    2020000e    00000006     UNINITIALIZED
                  2020000e    00000005     MyFirst.o (.data.Nums1)
                  20200013    00000001     MyFirst.o (.data.Error)

.stack     0    20207e00    00000200     UNINITIALIZED
                  20207e00    00000004     libc.a : boot_cortex_m.c.obj (.stack)
                  20207e04    000001fc     --HOLE--

__llvm_prf_cnts 
*          0    20200000    00000000     UNINITIALIZED

__llvm_prf_bits 
*          0    20200000    00000000     UNINITIALIZED

MODULE SUMMARY

       Module                         code   ro data   rw data
       ------                         ----   -------   -------
    .\
       MyFirst.o                      458    0         20     
       myfun.o                        80     0         0      
    +--+------------------------------+------+---------+---------+
       Total:                         538    0         20     
                                                              
    .\ticlang\
       startup_mspm0g3507_ticlang.o   60     192       0      
    +--+------------------------------+------+---------+---------+
       Total:                         60     192       0      
                                                              
    C:\ti\ccs2000\ccs\tools\compiler\ti-cgt-armllvm_4.0.1.LTS\lib\armv6m-ti-none-eabi/c/libc.a
       copy_decompress_lzss.c.obj     124    0         0      
       autoinit.c.obj                 60     0         0      
       boot_cortex_m.c.obj            40     0         0      
       copy_zero_init.c.obj           22     0         0      
       copy_decompress_none.c.obj     18     0         0      
       memcpy16.S.obj                 18     0         0      
       exit.c.obj                     4      0         0      
       pre_init.c.obj                 4      0         0      
    +--+------------------------------+------+---------+---------+
       Total:                         290    0         0      
                                                              
    C:\ti\ccs2000\ccs\tools\compiler\ti-cgt-armllvm_4.0.1.LTS\lib\armv6m-ti-none-eabi/libclang_rt.builtins.a
       aeabi_memcpy.S.obj             8      0         0      
    +--+------------------------------+------+---------+---------+
       Total:                         8      0         0      
                                                              
       Stack:                         0      0         512    
       Linker Generated:              0      46        0      
    +--+------------------------------+------+---------+---------+
       Grand Total:                   896    238       532    


LINKER GENERATED COPY TABLES

__TI_cinit_table @ 00000468 records: 2, size/record: 8, table size: 16
	.data: load addr=00000454, load size=0000000a bytes, run addr=2020000e, run size=00000006 bytes, compression=lzss
	.bss: load addr=00000460, load size=00000008 bytes, run addr=20200000, run size=0000000e bytes, compression=zero_init


LINKER GENERATED HANDLER TABLE

__TI_handler_table @ 00000448 records: 3, size/record: 4, table size: 12
	index: 0, handler: __TI_decompress_lzss
	index: 1, handler: __TI_decompress_none
	index: 2, handler: __TI_zero_init


GLOBAL SYMBOLS: SORTED ALPHABETICALLY BY Name 

address   name                          
-------   ----                          
000003a5  ADC0_IRQHandler               
000003a5  ADC1_IRQHandler               
000003a5  AES_IRQHandler                
2020000a  AScore                        
00000440  C$$EXIT                       
000003a5  CANFD0_IRQHandler             
000003a5  DAC0_IRQHandler               
000003a5  DMA_IRQHandler                
000003a5  Default_Handler               
20200013  Error                         
00000309  FSum                          
00000343  Factorial                     
000003a5  GROUP0_IRQHandler             
000003a5  GROUP1_IRQHandler             
2020000b  Grade                         
000003c1  HardFault_Handler             
000003a5  I2C0_IRQHandler               
000003a5  I2C1_IRQHandler               
000003a5  NMI_Handler                   
2020000e  Nums1                         
00000289  NumsSum                       
000003a5  PendSV_Handler                
2020000c  QScore                        
000003a5  RTC_IRQHandler                
00000439  Reset_Handler                 
000003a5  SPI0_IRQHandler               
000003a5  SPI1_IRQHandler               
000003a5  SVC_Handler                   
2020000d  Score                         
20200000  Scores                        
000003dd  SumFormula                    
000003a5  SysTick_Handler               
000003a5  TIMA0_IRQHandler              
000003a5  TIMA1_IRQHandler              
000003a5  TIMG0_IRQHandler              
000003a5  TIMG12_IRQHandler             
000003a5  TIMG6_IRQHandler              
000003a5  TIMG7_IRQHandler              
000003a5  TIMG8_IRQHandler              
0000040b  TI_memcpy_small               
000003a5  UART0_IRQHandler              
000003a5  UART1_IRQHandler              
000003a5  UART2_IRQHandler              
000003a5  UART3_IRQHandler              
20208000  __STACK_END                   
00000200  __STACK_SIZE                  
00000000  __TI_ATRegion0_region_sz      
00000000  __TI_ATRegion0_src_addr       
00000000  __TI_ATRegion0_trg_addr       
00000000  __TI_ATRegion1_region_sz      
00000000  __TI_ATRegion1_src_addr       
00000000  __TI_ATRegion1_trg_addr       
00000000  __TI_ATRegion2_region_sz      
00000000  __TI_ATRegion2_src_addr       
00000000  __TI_ATRegion2_trg_addr       
00000468  __TI_CINIT_Base               
00000478  __TI_CINIT_Limit              
00000478  __TI_CINIT_Warm               
00000448  __TI_Handler_Table_Base       
00000454  __TI_Handler_Table_Limit      
000002cd  __TI_auto_init_nobinit_nopinit
0000020d  __TI_decompress_lzss          
0000041d  __TI_decompress_none          
ffffffff  __TI_pprof_out_hndl           
ffffffff  __TI_prof_data_size           
ffffffff  __TI_prof_data_start          
00000000  __TI_static_base__            
000003f5  __TI_zero_init_nomemset       
00000431  __aeabi_memcpy                
00000431  __aeabi_memcpy4               
00000431  __aeabi_memcpy8               
ffffffff  __binit__                     
UNDEFED   __mpu_init                    
20207e00  __stack                       
20200000  __start___llvm_prf_bits       
20200000  __start___llvm_prf_cnts       
20200000  __stop___llvm_prf_bits        
20200000  __stop___llvm_prf_cnts        
0000037d  _c_int00_noargs               
UNDEFED   _system_post_cinit            
0000043d  _system_pre_init              
00000441  abort                         
ffffffff  binit                         
00000000  interruptVectors              
000000c1  main                          


GLOBAL SYMBOLS: SORTED BY Symbol Address 

address   name                          
-------   ----                          
00000000  __TI_ATRegion0_region_sz      
00000000  __TI_ATRegion0_src_addr       
00000000  __TI_ATRegion0_trg_addr       
00000000  __TI_ATRegion1_region_sz      
00000000  __TI_ATRegion1_src_addr       
00000000  __TI_ATRegion1_trg_addr       
00000000  __TI_ATRegion2_region_sz      
00000000  __TI_ATRegion2_src_addr       
00000000  __TI_ATRegion2_trg_addr       
00000000  __TI_static_base__            
00000000  interruptVectors              
000000c1  main                          
00000200  __STACK_SIZE                  
0000020d  __TI_decompress_lzss          
00000289  NumsSum                       
000002cd  __TI_auto_init_nobinit_nopinit
00000309  FSum                          
00000343  Factorial                     
0000037d  _c_int00_noargs               
000003a5  ADC0_IRQHandler               
000003a5  ADC1_IRQHandler               
000003a5  AES_IRQHandler                
000003a5  CANFD0_IRQHandler             
000003a5  DAC0_IRQHandler               
000003a5  DMA_IRQHandler                
000003a5  Default_Handler               
000003a5  GROUP0_IRQHandler             
000003a5  GROUP1_IRQHandler             
000003a5  I2C0_IRQHandler               
000003a5  I2C1_IRQHandler               
000003a5  NMI_Handler                   
000003a5  PendSV_Handler                
000003a5  RTC_IRQHandler                
000003a5  SPI0_IRQHandler               
000003a5  SPI1_IRQHandler               
000003a5  SVC_Handler                   
000003a5  SysTick_Handler               
000003a5  TIMA0_IRQHandler              
000003a5  TIMA1_IRQHandler              
000003a5  TIMG0_IRQHandler              
000003a5  TIMG12_IRQHandler             
000003a5  TIMG6_IRQHandler              
000003a5  TIMG7_IRQHandler              
000003a5  TIMG8_IRQHandler              
000003a5  UART0_IRQHandler              
000003a5  UART1_IRQHandler              
000003a5  UART2_IRQHandler              
000003a5  UART3_IRQHandler              
000003c1  HardFault_Handler             
000003dd  SumFormula                    
000003f5  __TI_zero_init_nomemset       
0000040b  TI_memcpy_small               
0000041d  __TI_decompress_none          
00000431  __aeabi_memcpy                
00000431  __aeabi_memcpy4               
00000431  __aeabi_memcpy8               
00000439  Reset_Handler                 
0000043d  _system_pre_init              
00000440  C$$EXIT                       
00000441  abort                         
00000448  __TI_Handler_Table_Base       
00000454  __TI_Handler_Table_Limit      
00000468  __TI_CINIT_Base               
00000478  __TI_CINIT_Limit              
00000478  __TI_CINIT_Warm               
20200000  Scores                        
20200000  __start___llvm_prf_bits       
20200000  __start___llvm_prf_cnts       
20200000  __stop___llvm_prf_bits        
20200000  __stop___llvm_prf_cnts        
2020000a  AScore                        
2020000b  Grade                         
2020000c  QScore                        
2020000d  Score                         
2020000e  Nums1                         
20200013  Error                         
20207e00  __stack                       
20208000  __STACK_END                   
ffffffff  __TI_pprof_out_hndl           
ffffffff  __TI_prof_data_size           
ffffffff  __TI_prof_data_start          
ffffffff  __binit__                     
ffffffff  binit                         
UNDEFED   __mpu_init                    
UNDEFED   _system_post_cinit            

[85 symbols]
