******************************************************************************
            TI ARM Clang Linker PC v4.0.1                      
******************************************************************************
>> Linked Wed Mar 12 15:12:28 2025

OUTPUT FILE NAME:   <ZZZZSpring2024ZZZZ.out>
ENTRY POINT SYMBOL: "_c_int00_noargs"  address: 0000222d


MEMORY CONFIGURATION

         name            origin    length      used     unused   attr    fill
----------------------  --------  ---------  --------  --------  ----  --------
  FLASH                 00000000   00020000  00002ae8  0001d518  R  X
  SRAM                  20200000   00008000  0000090d  000076f3  RW X
  BCR_CONFIG            41c00000   00000080  00000000  00000080  R   
  BSL_CONFIG            41c00100   00000080  00000000  00000080  R   


SEGMENT ALLOCATION MAP

run origin  load origin   length   init length attrs members
----------  ----------- ---------- ----------- ----- -------
00000000    00000000    00002ae8   00002ae8    r-x
  00000000    00000000    000000c0   000000c0    r-- .intvecs
  000000c0    000000c0    000023f0   000023f0    r-x .text
  000024b0    000024b0    000005a8   000005a8    r-- .rodata
  00002a58    00002a58    00000090   00000090    r-- .cinit
20200000    20200000    00000711   00000000    rw-
  20200000    20200000    00000334   00000000    rw- .bss
  20200338    20200338    00000200   00000000    rw- .sysmem
  20200538    20200538    000001d9   00000000    rw- .data
20207e00    20207e00    00000200   00000000    rw-
  20207e00    20207e00    00000200   00000000    rw- .stack


SECTION ALLOCATION MAP

 output                                  attributes/
section   page    origin      length       input sections
--------  ----  ----------  ----------   ----------------
.intvecs   0    00000000    000000c0     
                  00000000    000000c0     startup_mspm0g3507_ticlang.o (.intvecs)

.text      0    000000c0    000023f0     
                  000000c0    000002e8     main.o (.text.Q3_Test)
                  000003a8    000001c8     main.o (.text.Q4_Test)
                  00000570    000001b4     Clock.o (.text.Clock_Init80MHz)
                  00000724    00000198     main.o (.text.Q2_Test)
                  000008bc    0000018c     main.o (.text.Q1_Test)
                  00000a48    00000164     main.o (.text.Q2_TestCase)
                  00000bac    00000154     libc.a : fopen.c.obj (.text._openfile)
                  00000d00    00000118     main.o (.text.SetGrade)
                  00000e18    00000114     libc.a : memory.c.obj (.text.aligned_alloc)
                  00000f2c    00000108     main.o (.text.main)
                  00001034    000000ec     libsysbm.a : add_device.c.obj (.text.add_device)
                  00001120    000000e8     UARTbusywait.o (.text.UART_Init)
                  00001208    000000e8     libc.a : memory.c.obj (.text.free)
                  000012f0    000000e0            : setvbuf.c.obj (.text.setvbuf)
                  000013d0    000000d0     main.o (.text.CorrectCombineSound)
                  000014a0    000000b0     main.o (.text.PrintRecord)
                  00001550    000000a4     main.o (.text.Encrypt)
                  000015f4    000000a0     libsysbm.a : open.c.obj (.text.open)
                  00001694    00000094     UART.o (.text.UART_InitPrintf)
                  00001728    00000090     main.o (.text.PrintSound)
                  000017b8    00000090     Func.o (.text)
                  00001848    00000008     libclang_rt.builtins.a : aeabi_memcpy.S.obj (.text.__aeabi_memcpy)
                  00001850    00000088     libc.a : strcmp-armv6m.S.obj (.text:strcmp)
                  000018d8    00000084     LaunchPad.o (.text.LaunchPad_Init)
                  0000195c    0000007c     libc.a : fclose.c.obj (.text.__TI_closefile)
                  000019d8    0000007c            : copy_decompress_lzss.c.obj (.text:decompress:lzss)
                  00001a54    0000006c     libsysbm.a : hostlseek.c.obj (.text.HOSTlseek)
                  00001ac0    0000006c                : hostrename.c.obj (.text.HOSTrename)
                  00001b2c    0000006c     libc.a : getdevice.c.obj (.text.getdevice)
                  00001b98    00000064            : memory.c.obj (.text.split)
                  00001bfc    00000060     libsysbm.a : hostopen.c.obj (.text.HOSTopen)
                  00001c5c    00000058                : hostread.c.obj (.text.HOSTread)
                  00001cb4    00000058                : hostwrite.c.obj (.text.HOSTwrite)
                  00001d0c    00000052     libc.a : fflush.c.obj (.text.__TI_doflush)
                  00001d5e    00000002     libclang_rt.builtins.a : aeabi_div0.c.obj (.text.__aeabi_idiv0)
                  00001d60    00000050     libsysbm.a : close.c.obj (.text.close)
                  00001db0    00000048                : hostclose.c.obj (.text.HOSTclose)
                  00001df8    00000048                : hostunlink.c.obj (.text.HOSTunlink)
                  00001e40    00000046     main.o (.text.IntegrateGrader)
                  00001e86    00000002     libc.a : _lock.c.obj (.text._nop)
                  00001e88    00000040     libclang_rt.builtins.a : aeabi_uidivmod.S.obj (.text.__aeabi_uidivmod)
                  00001ec8    00000040     libc.a : fopen.c.obj (.text._search_fp)
                  00001f08    0000003c            : autoinit.c.obj (.text:__TI_auto_init_nobinit_nopinit)
                  00001f44    00000038     LaunchPad.o (.text.ActivatePortA_B)
                  00001f7c    00000036     UART.o (.text.UART_OutUDec)
                  00001fb2    00000002     --HOLE-- [fill = 0]
                  00001fb4    00000034     libc.a : fopen.c.obj (.text.__TI_cleanup)
                  00001fe8    00000034     libsysbm.a : trgmsg.c.obj (.text.__TI_readmsg)
                  0000201c    00000034                : trgmsg.c.obj (.text.__TI_writemsg)
                  00002050    00000034     libc.a : exit.c.obj (.text.exit)
                  00002084    00000034            : getdevice.c.obj (.text.finddevice)
                  000020b8    00000034            : fopen.c.obj (.text.freopen)
                  000020ec    00000034     main.o (.text.setUpper)
                  00002120    00000034     UART.o (.text.uart_write)
                  00002154    00000030     libc.a : fopen.c.obj (.text.fopen)
                  00002184    0000002c     UARTbusywait.o (.text.UART_OutChar)
                  000021b0    0000002c     libsysbm.a : unlink.c.obj (.text.unlink)
                  000021dc    00000028     libc.a : memory.c.obj (.text.free_list_insert)
                  00002204    00000028     libsysbm.a : write.c.obj (.text.write)
                  0000222c    00000028     libc.a : boot_cortex_m.c.obj (.text:_c_int00_noargs)
                  00002254    00000026     UART.o (.text.UART_OutSDec)
                  0000227a    00000026     UART.o (.text.UART_OutString)
                  000022a0    00000026     UART.o (.text.uart_read)
                  000022c6    00000002     --HOLE-- [fill = 0]
                  000022c8    00000020     main.o (.text.Random32)
                  000022e8    00000020     UARTbusywait.o (.text.UART_InChar)
                  00002308    0000001c     libc.a : memory.c.obj (.text.free_list_remove)
                  00002324    0000001a     main.o (.text.OutTestCase)
                  0000233e    00000002     --HOLE-- [fill = 0]
                  00002340    00000018     UARTbusywait.o (.text.UART_OutFlush)
                  00002358    00000016     libc.a : copy_zero_init.c.obj (.text:decompress:ZI:__TI_zero_init_nomemset)
                  0000236e    00000014     UART.o (.text.uart_open)
                  00002382    00000012     libc.a : memcpy16.S.obj (.text:TI_memcpy_small)
                  00002394    00000012            : copy_decompress_none.c.obj (.text:decompress:none)
                  000023a6    00000010     Clock.o (.text.Clock_Delay)
                  000023b6    00000010     ZZZZExam2CPartZZZZ.o (.text.CombineSound)
                  000023c6    00000010     main.o (.text.UART_OutCRLF)
                  000023d6    0000000e     ZZZZExam2CPartZZZZ.o (.text.FindValue)
                  000023e4    0000000e     libc.a : memory.c.obj (.text.OUTLINED_FUNCTION_0)
                  000023f2    0000000e     libsysbm.a : hostrename.c.obj (.text.strcpy)
                  00002400    0000000e                : hostrename.c.obj (.text.strlen)
                  0000240e    0000000e     UART.o (.text.uart_lseek)
                  0000241c    0000000e     libc.a : memset16.S.obj (.text:TI_memset_small)
                  0000242a    00000002     --HOLE-- [fill = 0]
                  0000242c    0000000c     Clock.o (.text.Clock_Freq)
                  00002438    0000000c     libclang_rt.builtins.a : aeabi_memset.S.obj (.text.__aeabi_memclr)
                  00002444    0000000c     libc.a : memory.c.obj (.text.malloc)
                  00002450    0000000c     UART.o (.text.uart_rename)
                  0000245c    0000000c     ZZZZExam2ASMPartZZZZ.o (.text)
                  00002468    0000000a     main.o (.text.Random16)
                  00002472    0000000a     main.o (.text.Random4)
                  0000247c    0000000a     UART.o (.text.uart_close)
                  00002486    0000000a     UART.o (.text.uart_unlink)
                  00002490    00000008     libsysbm.a : remove.c.obj (.text.remove)
                  00002498    00000004     startup_mspm0g3507_ticlang.o (.text.Default_Handler)
                  0000249c    00000004     startup_mspm0g3507_ticlang.o (.text.HardFault_Handler)
                  000024a0    00000004     startup_mspm0g3507_ticlang.o (.text.Reset_Handler)
                  000024a4    00000004     libc.a : pre_init.c.obj (.text._system_pre_init)
                  000024a8    00000004            : exit.c.obj (.text:abort)
                  000024ac    00000004     --HOLE-- [fill = 0]

.cinit     0    00002a58    00000090     
                  00002a58    00000065     (.cinit..data.load) [load image, compression = lzss]
                  00002abd    00000003     --HOLE-- [fill = 0]
                  00002ac0    0000000c     (__TI_handler_table)
                  00002acc    00000008     (.cinit..bss.load) [load image, compression = zero_init]
                  00002ad4    00000010     (__TI_cinit_table)
                  00002ae4    00000004     --HOLE-- [fill = 0]

.rodata    0    000024b0    000005a8     
                  000024b0    00000078     main.o (.rodata.Grade4)
                  00002528    00000060     main.o (.rodata.sound)
                  00002588    00000058     main.o (.rodata.Scramble)
                  000025e0    00000035     main.o (.rodata.str1.171590253234040549591)
                  00002615    00000035     main.o (.rodata.str1.84555903791196549931)
                  0000264a    00000031     main.o (.rodata.str1.97993385775340092391)
                  0000267b    00000001     --HOLE-- [fill = 0]
                  0000267c    00000030     main.o (.rodata.r5)
                  000026ac    0000002d     main.o (.rodata.str1.88864587114646350841)
                  000026d9    00000029     main.o (.rodata.str1.52501554851255701521)
                  00002702    00000029     main.o (.rodata.str1.55841430354152434161)
                  0000272b    00000001     --HOLE-- [fill = 0]
                  0000272c    00000028     main.o (.rodata.thefirst)
                  00002754    00000028     main.o (.rodata.thesecond)
                  0000277c    00000028     main.o (.rodata.thesize)
                  000027a4    00000025     main.o (.rodata.str1.103839438932389472821)
                  000027c9    00000025     main.o (.rodata.str1.42969106790848045441)
                  000027ee    00000023     main.o (.rodata.str1.17004867796668283931)
                  00002811    00000023     main.o (.rodata.str1.954282607814150271)
                  00002834    00000022     main.o (.rodata.str1.176328792963337784071)
                  00002856    00000002     UART.o (.rodata.str1.61300970855154064211)
                  00002858    00000020     main.o (.rodata.r2)
                  00002878    00000020     main.o (.rodata.r3)
                  00002898    00000020     main.o (.rodata.str1.47389027370924160151)
                  000028b8    00000020     main.o (.rodata.str1.99111246168193324041)
                  000028d8    0000001b     main.o (.rodata.str1.17141933821247617371)
                  000028f3    0000001a     main.o (.rodata.str1.76462422959706596191)
                  0000290d    00000019     main.o (.rodata.str1.77016398417971879101)
                  00002926    00000002     --HOLE-- [fill = 0]
                  00002928    00000018     main.o (.rodata.r1)
                  00002940    00000016     main.o (.rodata.Key)
                  00002956    00000014     main.o (.rodata.str1.91885923779623514291)
                  0000296a    00000010     ZZZZExam2CPartZZZZ.o (.rodata.EID)
                  0000297a    0000000f     main.o (.rodata.str1.151061411185031815721)
                  00002989    0000000d     main.o (.rodata.str1.65324206505965622911)
                  00002996    0000000b     main.o (.rodata.str1.134023554918013473231)
                  000029a1    0000000b     main.o (.rodata.str1.31872665017682117481)
                  000029ac    0000000b     main.o (.rodata.str1.69189412625334732771)
                  000029b7    0000000a     main.o (.rodata.str1.107132333266431924371)
                  000029c1    0000000a     main.o (.rodata.str1.171135724027876188451)
                  000029cb    0000000a     main.o (.rodata.str1.179975536754379042391)
                  000029d5    0000000a     main.o (.rodata.str1.66444207266452456401)
                  000029df    0000000a     main.o (.rodata.str1.79551435545072341851)
                  000029e9    00000009     main.o (.rodata.str1.19581600218089604221)
                  000029f2    00000009     main.o (.rodata.str1.55017464818642898751)
                  000029fb    00000009     main.o (.rodata.str1.59473202433939028451)
                  00002a04    00000008     main.o (.rodata.r4)
                  00002a0c    00000008     main.o (.rodata.str1.60224765527551259011)
                  00002a14    00000008     main.o (.rodata.str1.66840473539710954921)
                  00002a1c    00000007     main.o (.rodata.str1.101537300378815181031)
                  00002a23    00000007     main.o (.rodata.str1.162533095548589688221)
                  00002a2a    00000007     main.o (.rodata.str1.169425006640414195481)
                  00002a31    00000007     main.o (.rodata.str1.6117797260269918671)
                  00002a38    00000006     UART.o (.rodata.str1.88517396836150311691)
                  00002a3e    00000006     main.o (.rodata.str1.96696425805949040631)
                  00002a44    00000005     UART.o (.rodata.str1.180308688325085469761)
                  00002a49    00000005     main.o (.rodata.str1.66576556518284861641)
                  00002a4e    00000003     main.o (.rodata.str1.81593080567723157351)
                  00002a51    00000007     --HOLE-- [fill = 0]

.init_array 
*          0    00000000    00000000     UNINITIALIZED

.binit     0    00000000    00000000     

.bss       0    20200000    00000334     UNINITIALIZED
                  20200000    00000120     libsysbm.a : trgmsg.c.obj (.bss:_CIOBUF_)
                  20200120    000000a0     libc.a : defs.c.obj (.bss.__TI_tmpnams)
                  202001c0    00000050     (.common:Q2_Student)
                  20200210    00000028     (.common:Q3_Student)
                  20200238    00000028     (.common:Q3ans)
                  20200260    00000028     (.common:Q3buf)
                  20200288    00000018     main.o (.bss.EncriptedMagicCode)
                  202002a0    00000018     main.o (.bss.MagicCode)
                  202002b8    00000018     (.common:Q4_Answers)
                  202002d0    00000010     (.common:Q1Rfinal)
                  202002e0    00000010     (.common:Q1Rinit)
                  202002f0    00000008     libsysbm.a : hostopen.c.obj (.bss.parmbuf)
                  202002f8    00000004     main.o (.bss.Q4_Answer)
                  202002fc    00000004     main.o (.bss.score2)
                  20200300    00000004     main.o (.bss.score3)
                  20200304    00000004     main.o (.bss.score4)
                  20200308    00000004     main.o (.bss.score)
                  2020030c    00000004     libc.a : memory.c.obj (.bss.sys_free)
                  20200310    00000004     (.common:M)
                  20200314    00000004     (.common:Q1Count)
                  20200318    00000004     (.common:Q1Data)
                  2020031c    00000004     (.common:Q1Mask)
                  20200320    00000004     (.common:Q1SPfinal)
                  20200324    00000004     (.common:Q1SPinit)
                  20200328    00000004     (.common:Q2Count)
                  2020032c    00000004     (.common:Q2mistakes)
                  20200330    00000004     (.common:total3)

.sysmem    0    20200338    00000200     UNINITIALIZED
                  20200338    00000010     libc.a : memory.c.obj (.sysmem)
                  20200348    000001f0     --HOLE--

.data      0    20200538    000001d9     UNINITIALIZED
                  20200538    000000f0     libc.a : defs.c.obj (.data._ftable)
                  20200628    00000078     libsysbm.a : host_device.c.obj (.data._device)
                  202006a0    00000050                : host_device.c.obj (.data._stream)
                  202006f0    00000008     libc.a : exit.c.obj (.data..L_MergedGlobals)
                  202006f8    00000004     Clock.o (.data.BusFreq)
                  202006fc    00000004     libc.a : defs.c.obj (.data.__TI_ft_end)
                  20200700    00000004            : _lock.c.obj (.data._lock)
                  20200704    00000004            : _lock.c.obj (.data._unlock)
                  20200708    00000001     libsysbm.a : add_device.c.obj (.data.add_device.device_init)
                  20200709    00000003     --HOLE--
                  2020070c    00000001     libc.a : memory.c.obj (.data.memory_is_initialized)
                  2020070d    00000003     --HOLE--
                  20200710    00000001     libsysbm.a : open.c.obj (.data.open.stream_init)

.stack     0    20207e00    00000200     UNINITIALIZED
                  20207e00    00000004     libc.a : boot_cortex_m.c.obj (.stack)
                  20207e04    000001fc     --HOLE--

__llvm_prf_cnts 
*          0    20200000    00000000     UNINITIALIZED

__llvm_prf_bits 
*          0    20200000    00000000     UNINITIALIZED

MODULE SUMMARY

       Module                         code   ro data   rw data
       ------                         ----   -------   -------
    ..\
       main.o                         3812   1408      360    
       Clock.o                        464    0         4      
       UART.o                         434    13        0      
       UARTbusywait.o                 332    0         0      
       LaunchPad.o                    188    0         0      
       Func.o                         144    0         0      
    +--+------------------------------+------+---------+---------+
       Total:                         5374   1421      364    
                                                              
    .\
       ZZZZExam2CPartZZZZ.o           30     16        0      
       ZZZZExam2ASMPartZZZZ.o         12     0         0      
    +--+------------------------------+------+---------+---------+
       Total:                         42     16        0      
                                                              
    .\ticlang\
       startup_mspm0g3507_ticlang.o   12     192       0      
    +--+------------------------------+------+---------+---------+
       Total:                         12     192       0      
                                                              
    C:\ti\ccs2002\ccs\tools\compiler\ti-cgt-armllvm_4.0.1.LTS\lib\armv6m-ti-none-eabi/c/libc.a
       memory.c.obj                   702    0         5      
       fopen.c.obj                    556    0         0      
       defs.c.obj                     0      0         404    
       setvbuf.c.obj                  224    0         0      
       getdevice.c.obj                160    0         0      
       strcmp-armv6m.S.obj            136    0         0      
       copy_decompress_lzss.c.obj     124    0         0      
       fclose.c.obj                   124    0         0      
       fflush.c.obj                   82     0         0      
       exit.c.obj                     56     0         8      
       autoinit.c.obj                 60     0         0      
       boot_cortex_m.c.obj            40     0         0      
       copy_zero_init.c.obj           22     0         0      
       copy_decompress_none.c.obj     18     0         0      
       memcpy16.S.obj                 18     0         0      
       memset16.S.obj                 14     0         0      
       _lock.c.obj                    2      0         8      
       pre_init.c.obj                 4      0         0      
    +--+------------------------------+------+---------+---------+
       Total:                         2342   0         425    
                                                              
    C:\ti\ccs2002\ccs\tools\compiler\ti-cgt-armllvm_4.0.1.LTS\lib\armv6m-ti-none-eabi/c/libsysbm.a
       trgmsg.c.obj                   104    0         288    
       add_device.c.obj               236    0         1      
       host_device.c.obj              0      0         200    
       open.c.obj                     160    0         1      
       hostrename.c.obj               136    0         0      
       hostlseek.c.obj                108    0         0      
       hostopen.c.obj                 96     0         8      
       hostread.c.obj                 88     0         0      
       hostwrite.c.obj                88     0         0      
       close.c.obj                    80     0         0      
       hostclose.c.obj                72     0         0      
       hostunlink.c.obj               72     0         0      
       unlink.c.obj                   44     0         0      
       write.c.obj                    40     0         0      
       remove.c.obj                   8      0         0      
    +--+------------------------------+------+---------+---------+
       Total:                         1332   0         498    
                                                              
    C:\ti\ccs2002\ccs\tools\compiler\ti-cgt-armllvm_4.0.1.LTS\lib\armv6m-ti-none-eabi/libclang_rt.builtins.a
       aeabi_uidivmod.S.obj           64     0         0      
       aeabi_memset.S.obj             12     0         0      
       aeabi_memcpy.S.obj             8      0         0      
       aeabi_div0.c.obj               2      0         0      
    +--+------------------------------+------+---------+---------+
       Total:                         86     0         0      
                                                              
       Heap:                          0      0         512    
       Stack:                         0      0         512    
       Linker Generated:              0      137       0      
    +--+------------------------------+------+---------+---------+
       Grand Total:                   9188   1766      2311   


LINKER GENERATED COPY TABLES

__TI_cinit_table @ 00002ad4 records: 2, size/record: 8, table size: 16
	.data: load addr=00002a58, load size=00000065 bytes, run addr=20200538, run size=000001d9 bytes, compression=lzss
	.bss: load addr=00002acc, load size=00000008 bytes, run addr=20200000, run size=00000334 bytes, compression=zero_init


LINKER GENERATED HANDLER TABLE

__TI_handler_table @ 00002ac0 records: 3, size/record: 4, table size: 12
	index: 0, handler: __TI_decompress_lzss
	index: 1, handler: __TI_decompress_none
	index: 2, handler: __TI_zero_init


GLOBAL SYMBOLS: SORTED ALPHABETICALLY BY Name 

address   name                          
-------   ----                          
00002499  ADC0_IRQHandler               
00002499  ADC1_IRQHandler               
00002499  AES_IRQHandler                
00001f45  ActivatePortA_B               
202006f8  BusFreq                       
000024a8  C$$EXIT                       
00002049  C$$IO$$                       
00002499  CANFD0_IRQHandler             
000023a7  Clock_Delay                   
0000242d  Clock_Freq                    
00000571  Clock_Init80MHz               
000023b7  CombineSound                  
00002499  DAC0_IRQHandler               
00002499  DMA_IRQHandler                
00002499  Default_Handler               
0000296a  EID                           
000023d7  FindValue                     
00002499  GROUP0_IRQHandler             
00002499  GROUP1_IRQHandler             
000024b0  Grade4                        
00001db1  HOSTclose                     
00001a55  HOSTlseek                     
00001bfd  HOSTopen                      
00001c5d  HOSTread                      
00001ac1  HOSTrename                    
00001df9  HOSTunlink                    
00001cb5  HOSTwrite                     
0000249d  HardFault_Handler             
00002499  I2C0_IRQHandler               
00002499  I2C1_IRQHandler               
00002464  Integrate                     
000017fc  IntegrateWrap                 
000018d9  LaunchPad_Init                
20200310  M                             
00002499  NMI_Handler                   
00002325  OutTestCase                   
00002499  PendSV_Handler                
000014a1  PrintRecord                   
00001729  PrintSound                    
20200314  Q1Count                       
20200318  Q1Data                        
2020031c  Q1Mask                        
202002d0  Q1Rfinal                      
202002e0  Q1Rinit                       
20200320  Q1SPfinal                     
20200324  Q1SPinit                      
000008bd  Q1_Test                       
20200328  Q2Count                       
202001c0  Q2_Student                    
00000725  Q2_Test                       
00000a49  Q2_TestCase                   
2020032c  Q2mistakes                    
20200210  Q3_Student                    
000000c1  Q3_Test                       
20200238  Q3ans                         
20200260  Q3buf                         
202002b8  Q4_Answers                    
000003a9  Q4_Test                       
00002499  RTC_IRQHandler                
00002469  Random16                      
000022c9  Random32                      
00002473  Random4                       
000017b8  ReadPort                      
000024a1  Reset_Handler                 
00002499  SPI0_IRQHandler               
00002499  SPI1_IRQHandler               
00002499  SVC_Handler                   
00002499  SysTick_Handler               
00002499  TIMA0_IRQHandler              
00002499  TIMA1_IRQHandler              
00002499  TIMG0_IRQHandler              
00002499  TIMG12_IRQHandler             
00002499  TIMG6_IRQHandler              
00002499  TIMG7_IRQHandler              
00002499  TIMG8_IRQHandler              
00002383  TI_memcpy_small               
0000241d  TI_memset_small               
00002499  UART0_IRQHandler              
00002499  UART1_IRQHandler              
00002499  UART2_IRQHandler              
00002499  UART3_IRQHandler              
000022e9  UART_InChar                   
00001121  UART_Init                     
00001695  UART_InitPrintf               
000023c7  UART_OutCRLF                  
00002185  UART_OutChar                  
00002341  UART_OutFlush                 
00002255  UART_OutSDec                  
0000227b  UART_OutString                
00001f7d  UART_OutUDec                  
0000245c  WaitForHigh                   
000017ce  WaitForHighWrap               
20200000  _CIOBUF_                      
20200000  __CIOBUF_                     
20208000  __STACK_END                   
00000200  __STACK_SIZE                  
00000200  __SYSMEM_SIZE                 
00000000  __TI_ATRegion0_region_sz      
00000000  __TI_ATRegion0_src_addr       
00000000  __TI_ATRegion0_trg_addr       
00000000  __TI_ATRegion1_region_sz      
00000000  __TI_ATRegion1_src_addr       
00000000  __TI_ATRegion1_trg_addr       
00000000  __TI_ATRegion2_region_sz      
00000000  __TI_ATRegion2_src_addr       
00000000  __TI_ATRegion2_trg_addr       
00002ad4  __TI_CINIT_Base               
00002ae4  __TI_CINIT_Limit              
00002ae4  __TI_CINIT_Warm               
00002ac0  __TI_Handler_Table_Base       
00002acc  __TI_Handler_Table_Limit      
00001f09  __TI_auto_init_nobinit_nopinit
00001fb5  __TI_cleanup                  
202006f0  __TI_cleanup_ptr              
0000195d  __TI_closefile                
000019d9  __TI_decompress_lzss          
00002395  __TI_decompress_none          
00001d0d  __TI_doflush                  
202006f4  __TI_dtors_ptr                
202006fc  __TI_ft_end                   
ffffffff  __TI_pprof_out_hndl           
ffffffff  __TI_prof_data_size           
ffffffff  __TI_prof_data_start          
00001fe9  __TI_readmsg                  
00000000  __TI_static_base__            
20200120  __TI_tmpnams                  
0000201d  __TI_writemsg                 
00002359  __TI_zero_init_nomemset       
00001d5f  __aeabi_idiv0                 
00002439  __aeabi_memclr                
00002439  __aeabi_memclr4               
00002439  __aeabi_memclr8               
00001849  __aeabi_memcpy                
00001849  __aeabi_memcpy4               
00001849  __aeabi_memcpy8               
00001e89  __aeabi_uidiv                 
00001e89  __aeabi_uidivmod              
ffffffff  __binit__                     
UNDEFED   __mpu_init                    
20207e00  __stack                       
20200000  __start___llvm_prf_bits       
20200000  __start___llvm_prf_cnts       
20200000  __stop___llvm_prf_bits        
20200000  __stop___llvm_prf_cnts        
0000222d  _c_int00_noargs               
20200628  _device                       
20200538  _ftable                       
20200700  _lock                         
00001e87  _nop                          
202006a0  _stream                       
20200338  _sys_memory                   
UNDEFED   _system_post_cinit            
000024a5  _system_pre_init              
20200704  _unlock                       
000024a9  abort                         
00001035  add_device                    
00000e19  aligned_alloc                 
ffffffff  binit                         
00001d61  close                         
00002051  exit                          
00002085  finddevice                    
00002155  fopen                         
00001209  free                          
000020b9  freopen                       
00001b2d  getdevice                     
00000000  interruptVectors              
00000f2d  main                          
00002445  malloc                        
00000e19  memalign                      
000015f5  open                          
202002f0  parmbuf                       
00002928  r1                            
00002858  r2                            
00002878  r3                            
00002a04  r4                            
0000267c  r5                            
00002491  remove                        
000020ed  setUpper                      
000012f1  setvbuf                       
00002528  sound                         
00001851  strcmp                        
0000272c  thefirst                      
00002754  thesecond                     
0000277c  thesize                       
20200330  total3                        
0000247d  uart_close                    
0000240f  uart_lseek                    
0000236f  uart_open                     
000022a1  uart_read                     
00002451  uart_rename                   
00002487  uart_unlink                   
00002121  uart_write                    
000021b1  unlink                        
00002205  write                         


GLOBAL SYMBOLS: SORTED BY Symbol Address 

address   name                          
-------   ----                          
00000000  __TI_ATRegion0_region_sz      
00000000  __TI_ATRegion0_src_addr       
00000000  __TI_ATRegion0_trg_addr       
00000000  __TI_ATRegion1_region_sz      
00000000  __TI_ATRegion1_src_addr       
00000000  __TI_ATRegion1_trg_addr       
00000000  __TI_ATRegion2_region_sz      
00000000  __TI_ATRegion2_src_addr       
00000000  __TI_ATRegion2_trg_addr       
00000000  __TI_static_base__            
00000000  interruptVectors              
000000c1  Q3_Test                       
00000200  __STACK_SIZE                  
00000200  __SYSMEM_SIZE                 
000003a9  Q4_Test                       
00000571  Clock_Init80MHz               
00000725  Q2_Test                       
000008bd  Q1_Test                       
00000a49  Q2_TestCase                   
00000e19  aligned_alloc                 
00000e19  memalign                      
00000f2d  main                          
00001035  add_device                    
00001121  UART_Init                     
00001209  free                          
000012f1  setvbuf                       
000014a1  PrintRecord                   
000015f5  open                          
00001695  UART_InitPrintf               
00001729  PrintSound                    
000017b8  ReadPort                      
000017ce  WaitForHighWrap               
000017fc  IntegrateWrap                 
00001849  __aeabi_memcpy                
00001849  __aeabi_memcpy4               
00001849  __aeabi_memcpy8               
00001851  strcmp                        
000018d9  LaunchPad_Init                
0000195d  __TI_closefile                
000019d9  __TI_decompress_lzss          
00001a55  HOSTlseek                     
00001ac1  HOSTrename                    
00001b2d  getdevice                     
00001bfd  HOSTopen                      
00001c5d  HOSTread                      
00001cb5  HOSTwrite                     
00001d0d  __TI_doflush                  
00001d5f  __aeabi_idiv0                 
00001d61  close                         
00001db1  HOSTclose                     
00001df9  HOSTunlink                    
00001e87  _nop                          
00001e89  __aeabi_uidiv                 
00001e89  __aeabi_uidivmod              
00001f09  __TI_auto_init_nobinit_nopinit
00001f45  ActivatePortA_B               
00001f7d  UART_OutUDec                  
00001fb5  __TI_cleanup                  
00001fe9  __TI_readmsg                  
0000201d  __TI_writemsg                 
00002049  C$$IO$$                       
00002051  exit                          
00002085  finddevice                    
000020b9  freopen                       
000020ed  setUpper                      
00002121  uart_write                    
00002155  fopen                         
00002185  UART_OutChar                  
000021b1  unlink                        
00002205  write                         
0000222d  _c_int00_noargs               
00002255  UART_OutSDec                  
0000227b  UART_OutString                
000022a1  uart_read                     
000022c9  Random32                      
000022e9  UART_InChar                   
00002325  OutTestCase                   
00002341  UART_OutFlush                 
00002359  __TI_zero_init_nomemset       
0000236f  uart_open                     
00002383  TI_memcpy_small               
00002395  __TI_decompress_none          
000023a7  Clock_Delay                   
000023b7  CombineSound                  
000023c7  UART_OutCRLF                  
000023d7  FindValue                     
0000240f  uart_lseek                    
0000241d  TI_memset_small               
0000242d  Clock_Freq                    
00002439  __aeabi_memclr                
00002439  __aeabi_memclr4               
00002439  __aeabi_memclr8               
00002445  malloc                        
00002451  uart_rename                   
0000245c  WaitForHigh                   
00002464  Integrate                     
00002469  Random16                      
00002473  Random4                       
0000247d  uart_close                    
00002487  uart_unlink                   
00002491  remove                        
00002499  ADC0_IRQHandler               
00002499  ADC1_IRQHandler               
00002499  AES_IRQHandler                
00002499  CANFD0_IRQHandler             
00002499  DAC0_IRQHandler               
00002499  DMA_IRQHandler                
00002499  Default_Handler               
00002499  GROUP0_IRQHandler             
00002499  GROUP1_IRQHandler             
00002499  I2C0_IRQHandler               
00002499  I2C1_IRQHandler               
00002499  NMI_Handler                   
00002499  PendSV_Handler                
00002499  RTC_IRQHandler                
00002499  SPI0_IRQHandler               
00002499  SPI1_IRQHandler               
00002499  SVC_Handler                   
00002499  SysTick_Handler               
00002499  TIMA0_IRQHandler              
00002499  TIMA1_IRQHandler              
00002499  TIMG0_IRQHandler              
00002499  TIMG12_IRQHandler             
00002499  TIMG6_IRQHandler              
00002499  TIMG7_IRQHandler              
00002499  TIMG8_IRQHandler              
00002499  UART0_IRQHandler              
00002499  UART1_IRQHandler              
00002499  UART2_IRQHandler              
00002499  UART3_IRQHandler              
0000249d  HardFault_Handler             
000024a1  Reset_Handler                 
000024a5  _system_pre_init              
000024a8  C$$EXIT                       
000024a9  abort                         
000024b0  Grade4                        
00002528  sound                         
0000267c  r5                            
0000272c  thefirst                      
00002754  thesecond                     
0000277c  thesize                       
00002858  r2                            
00002878  r3                            
00002928  r1                            
0000296a  EID                           
00002a04  r4                            
00002ac0  __TI_Handler_Table_Base       
00002acc  __TI_Handler_Table_Limit      
00002ad4  __TI_CINIT_Base               
00002ae4  __TI_CINIT_Limit              
00002ae4  __TI_CINIT_Warm               
20200000  _CIOBUF_                      
20200000  __CIOBUF_                     
20200000  __start___llvm_prf_bits       
20200000  __start___llvm_prf_cnts       
20200000  __stop___llvm_prf_bits        
20200000  __stop___llvm_prf_cnts        
20200120  __TI_tmpnams                  
202001c0  Q2_Student                    
20200210  Q3_Student                    
20200238  Q3ans                         
20200260  Q3buf                         
202002b8  Q4_Answers                    
202002d0  Q1Rfinal                      
202002e0  Q1Rinit                       
202002f0  parmbuf                       
20200310  M                             
20200314  Q1Count                       
20200318  Q1Data                        
2020031c  Q1Mask                        
20200320  Q1SPfinal                     
20200324  Q1SPinit                      
20200328  Q2Count                       
2020032c  Q2mistakes                    
20200330  total3                        
20200338  _sys_memory                   
20200538  _ftable                       
20200628  _device                       
202006a0  _stream                       
202006f0  __TI_cleanup_ptr              
202006f4  __TI_dtors_ptr                
202006f8  BusFreq                       
202006fc  __TI_ft_end                   
20200700  _lock                         
20200704  _unlock                       
20207e00  __stack                       
20208000  __STACK_END                   
ffffffff  __TI_pprof_out_hndl           
ffffffff  __TI_prof_data_size           
ffffffff  __TI_prof_data_start          
ffffffff  __binit__                     
ffffffff  binit                         
UNDEFED   __mpu_init                    
UNDEFED   _system_post_cinit            

[194 symbols]
